Archive member included to satisfy reference by file (symbol)

d:/tools/gcc-arm-none-eabi-10.3-2021.10/bin/../lib/gcc/arm-none-eabi/10.3.1/../../../../arm-none-eabi/lib/thumb/v7e-m+fp/hard\libc_nano.a(lib_a-exit.o)
                              d:/tools/gcc-arm-none-eabi-10.3-2021.10/bin/../lib/gcc/arm-none-eabi/10.3.1/../../../../arm-none-eabi/lib/thumb/v7e-m+fp/hard/crt0.o (exit)
d:/tools/gcc-arm-none-eabi-10.3-2021.10/bin/../lib/gcc/arm-none-eabi/10.3.1/../../../../arm-none-eabi/lib/thumb/v7e-m+fp/hard\libc_nano.a(lib_a-impure.o)
                              d:/tools/gcc-arm-none-eabi-10.3-2021.10/bin/../lib/gcc/arm-none-eabi/10.3.1/../../../../arm-none-eabi/lib/thumb/v7e-m+fp/hard\libc_nano.a(lib_a-exit.o) (_global_impure_ptr)
d:/tools/gcc-arm-none-eabi-10.3-2021.10/bin/../lib/gcc/arm-none-eabi/10.3.1/../../../../arm-none-eabi/lib/thumb/v7e-m+fp/hard\libc_nano.a(lib_a-init.o)
                              d:/tools/gcc-arm-none-eabi-10.3-2021.10/bin/../lib/gcc/arm-none-eabi/10.3.1/../../../../arm-none-eabi/lib/thumb/v7e-m+fp/hard/crt0.o (__libc_init_array)
d:/tools/gcc-arm-none-eabi-10.3-2021.10/bin/../lib/gcc/arm-none-eabi/10.3.1/../../../../arm-none-eabi/lib/thumb/v7e-m+fp/hard\libc_nano.a(lib_a-memset.o)
                              d:/tools/gcc-arm-none-eabi-10.3-2021.10/bin/../lib/gcc/arm-none-eabi/10.3.1/../../../../arm-none-eabi/lib/thumb/v7e-m+fp/hard/crt0.o (memset)
d:/tools/gcc-arm-none-eabi-10.3-2021.10/bin/../lib/gcc/arm-none-eabi/10.3.1/thumb/v7e-m+fp/hard\libgcc.a(_aeabi_uldivmod.o)
                              CMakeFiles/stm32f4xx_tftlcd_update.elf.dir/src/Drivers/STM32F4xx_HAL_Driver/Src/stm32f4xx_hal_rcc.c.obj (__aeabi_uldivmod)
d:/tools/gcc-arm-none-eabi-10.3-2021.10/bin/../lib/gcc/arm-none-eabi/10.3.1/thumb/v7e-m+fp/hard\libgcc.a(_udivmoddi4.o)
                              d:/tools/gcc-arm-none-eabi-10.3-2021.10/bin/../lib/gcc/arm-none-eabi/10.3.1/thumb/v7e-m+fp/hard\libgcc.a(_aeabi_uldivmod.o) (__udivmoddi4)
d:/tools/gcc-arm-none-eabi-10.3-2021.10/bin/../lib/gcc/arm-none-eabi/10.3.1/thumb/v7e-m+fp/hard\libgcc.a(_dvmd_tls.o)
                              d:/tools/gcc-arm-none-eabi-10.3-2021.10/bin/../lib/gcc/arm-none-eabi/10.3.1/thumb/v7e-m+fp/hard\libgcc.a(_aeabi_uldivmod.o) (__aeabi_ldiv0)
d:/tools/gcc-arm-none-eabi-10.3-2021.10/bin/../lib/gcc/arm-none-eabi/10.3.1/../../../../arm-none-eabi/lib/thumb/v7e-m+fp/hard\libg_nano.a(lib_a-errno.o)
                              CMakeFiles/stm32f4xx_tftlcd_update.elf.dir/src/Core/Src/syscalls.c.obj (__errno)

Discarded input sections

 .text          0x00000000        0x0 d:/tools/gcc-arm-none-eabi-10.3-2021.10/bin/../lib/gcc/arm-none-eabi/10.3.1/thumb/v7e-m+fp/hard/crti.o
 .data          0x00000000        0x0 d:/tools/gcc-arm-none-eabi-10.3-2021.10/bin/../lib/gcc/arm-none-eabi/10.3.1/thumb/v7e-m+fp/hard/crti.o
 .bss           0x00000000        0x0 d:/tools/gcc-arm-none-eabi-10.3-2021.10/bin/../lib/gcc/arm-none-eabi/10.3.1/thumb/v7e-m+fp/hard/crti.o
 .data          0x00000000        0x4 d:/tools/gcc-arm-none-eabi-10.3-2021.10/bin/../lib/gcc/arm-none-eabi/10.3.1/thumb/v7e-m+fp/hard/crtbegin.o
 .rodata        0x00000000       0x24 d:/tools/gcc-arm-none-eabi-10.3-2021.10/bin/../lib/gcc/arm-none-eabi/10.3.1/thumb/v7e-m+fp/hard/crtbegin.o
 .text          0x00000000       0x7c d:/tools/gcc-arm-none-eabi-10.3-2021.10/bin/../lib/gcc/arm-none-eabi/10.3.1/../../../../arm-none-eabi/lib/thumb/v7e-m+fp/hard/crt0.o
 .data          0x00000000        0x0 d:/tools/gcc-arm-none-eabi-10.3-2021.10/bin/../lib/gcc/arm-none-eabi/10.3.1/../../../../arm-none-eabi/lib/thumb/v7e-m+fp/hard/crt0.o
 .bss           0x00000000        0x0 d:/tools/gcc-arm-none-eabi-10.3-2021.10/bin/../lib/gcc/arm-none-eabi/10.3.1/../../../../arm-none-eabi/lib/thumb/v7e-m+fp/hard/crt0.o
 .ARM.extab     0x00000000        0x0 d:/tools/gcc-arm-none-eabi-10.3-2021.10/bin/../lib/gcc/arm-none-eabi/10.3.1/../../../../arm-none-eabi/lib/thumb/v7e-m+fp/hard/crt0.o
 .ARM.exidx     0x00000000       0x10 d:/tools/gcc-arm-none-eabi-10.3-2021.10/bin/../lib/gcc/arm-none-eabi/10.3.1/../../../../arm-none-eabi/lib/thumb/v7e-m+fp/hard/crt0.o
 .ARM.attributes
                0x00000000       0x1c d:/tools/gcc-arm-none-eabi-10.3-2021.10/bin/../lib/gcc/arm-none-eabi/10.3.1/../../../../arm-none-eabi/lib/thumb/v7e-m+fp/hard/crt0.o
 .text          0x00000000        0x0 d:/tools/gcc-arm-none-eabi-10.3-2021.10/bin/../lib/gcc/arm-none-eabi/10.3.1/../../../../arm-none-eabi/lib/thumb/v7e-m+fp/hard\libc_nano.a(lib_a-exit.o)
 .data          0x00000000        0x0 d:/tools/gcc-arm-none-eabi-10.3-2021.10/bin/../lib/gcc/arm-none-eabi/10.3.1/../../../../arm-none-eabi/lib/thumb/v7e-m+fp/hard\libc_nano.a(lib_a-exit.o)
 .bss           0x00000000        0x0 d:/tools/gcc-arm-none-eabi-10.3-2021.10/bin/../lib/gcc/arm-none-eabi/10.3.1/../../../../arm-none-eabi/lib/thumb/v7e-m+fp/hard\libc_nano.a(lib_a-exit.o)
[...]
Memory Configuration

Name             Origin             Length             Attributes
CCMRAM           0x10000000         0x00010000         xrw
RAM              0x20000000         0x00020000         xrw
FLASH            0x08000000         0x00100000         xr
*default*        0x00000000         0xffffffff

Linker script and memory map

LOAD d:/tools/gcc-arm-none-eabi-10.3-2021.10/bin/../lib/gcc/arm-none-eabi/10.3.1/thumb/v7e-m+fp/hard/crti.o
LOAD d:/tools/gcc-arm-none-eabi-10.3-2021.10/bin/../lib/gcc/arm-none-eabi/10.3.1/thumb/v7e-m+fp/hard/crtbegin.o
LOAD d:/tools/gcc-arm-none-eabi-10.3-2021.10/bin/../lib/gcc/arm-none-eabi/10.3.1/../../../../arm-none-eabi/lib/thumb/v7e-m+fp/hard/crt0.o
LOAD d:/tools/gcc-arm-none-eabi-10.3-2021.10/bin/../lib/gcc/arm-none-eabi/10.3.1/../../../../arm-none-eabi/lib/thumb/v7e-m+fp/hard\libc_nano.a
LOAD d:/tools/gcc-arm-none-eabi-10.3-2021.10/bin/../lib/gcc/arm-none-eabi/10.3.1/../../../../arm-none-eabi/lib/thumb/v7e-m+fp/hard\libm.a
LOAD CMakeFiles/stm32f4xx_tftlcd_update.elf.dir/src/Core/Src/main.c.obj
LOAD CMakeFiles/stm32f4xx_tftlcd_update.elf.dir/src/Core/Src/stm32f4xx_hal_msp.c.obj
LOAD CMakeFiles/stm32f4xx_tftlcd_update.elf.dir/src/Core/Src/stm32f4xx_it.c.obj
LOAD CMakeFiles/stm32f4xx_tftlcd_update.elf.dir/src/Core/Src/syscalls.c.obj
LOAD CMakeFiles/stm32f4xx_tftlcd_update.elf.dir/src/Core/Src/sysmem.c.obj
LOAD CMakeFiles/stm32f4xx_tftlcd_update.elf.dir/src/Core/Src/system_stm32f4xx.c.obj
LOAD CMakeFiles/stm32f4xx_tftlcd_update.elf.dir/src/Core/bsp/Src/LCD_RA8875.c.obj
LOAD CMakeFiles/stm32f4xx_tftlcd_update.elf.dir/src/Core/bsp/Src/bsp_led.c.obj
LOAD CMakeFiles/stm32f4xx_tftlcd_update.elf.dir/src/Core/bsp/Src/bsp_tft_lcd.c.obj
LOAD CMakeFiles/stm32f4xx_tftlcd_update.elf.dir/src/Core/bsp/Src/bsp_timer.c.obj
LOAD CMakeFiles/stm32f4xx_tftlcd_update.elf.dir/src/Core/bsp/bsp.c.obj
LOAD CMakeFiles/stm32f4xx_tftlcd_update.elf.dir/src/Drivers/STM32F4xx_HAL_Driver/Src/stm32f4xx_hal.c.obj
LOAD CMakeFiles/stm32f4xx_tftlcd_update.elf.dir/src/Drivers/STM32F4xx_HAL_Driver/Src/stm32f4xx_hal_cortex.c.obj
LOAD CMakeFiles/stm32f4xx_tftlcd_update.elf.dir/src/Drivers/STM32F4xx_HAL_Driver/Src/stm32f4xx_hal_dma.c.obj
LOAD CMakeFiles/stm32f4xx_tftlcd_update.elf.dir/src/Drivers/STM32F4xx_HAL_Driver/Src/stm32f4xx_hal_dma_ex.c.obj
LOAD CMakeFiles/stm32f4xx_tftlcd_update.elf.dir/src/Drivers/STM32F4xx_HAL_Driver/Src/stm32f4xx_hal_exti.c.obj
LOAD CMakeFiles/stm32f4xx_tftlcd_update.elf.dir/src/Drivers/STM32F4xx_HAL_Driver/Src/stm32f4xx_hal_flash.c.obj
LOAD CMakeFiles/stm32f4xx_tftlcd_update.elf.dir/src/Drivers/STM32F4xx_HAL_Driver/Src/stm32f4xx_hal_flash_ex.c.obj
LOAD CMakeFiles/stm32f4xx_tftlcd_update.elf.dir/src/Drivers/STM32F4xx_HAL_Driver/Src/stm32f4xx_hal_flash_ramfunc.c.obj
LOAD CMakeFiles/stm32f4xx_tftlcd_update.elf.dir/src/Drivers/STM32F4xx_HAL_Driver/Src/stm32f4xx_hal_gpio.c.obj
LOAD CMakeFiles/stm32f4xx_tftlcd_update.elf.dir/src/Drivers/STM32F4xx_HAL_Driver/Src/stm32f4xx_hal_pwr.c.obj
LOAD CMakeFiles/stm32f4xx_tftlcd_update.elf.dir/src/Drivers/STM32F4xx_HAL_Driver/Src/stm32f4xx_hal_pwr_ex.c.obj
LOAD CMakeFiles/stm32f4xx_tftlcd_update.elf.dir/src/Drivers/STM32F4xx_HAL_Driver/Src/stm32f4xx_hal_rcc.c.obj
LOAD CMakeFiles/stm32f4xx_tftlcd_update.elf.dir/src/Drivers/STM32F4xx_HAL_Driver/Src/stm32f4xx_hal_rcc_ex.c.obj
LOAD CMakeFiles/stm32f4xx_tftlcd_update.elf.dir/src/Drivers/STM32F4xx_HAL_Driver/Src/stm32f4xx_hal_sram.c.obj
LOAD CMakeFiles/stm32f4xx_tftlcd_update.elf.dir/src/Drivers/STM32F4xx_HAL_Driver/Src/stm32f4xx_ll_fsmc.c.obj
LOAD CMakeFiles/stm32f4xx_tftlcd_update.elf.dir/src/Core/Startup/startup_stm32f407igtx.s.obj
START GROUP
LOAD d:/tools/gcc-arm-none-eabi-10.3-2021.10/bin/../lib/gcc/arm-none-eabi/10.3.1/thumb/v7e-m+fp/hard\libgcc.a
LOAD d:/tools/gcc-arm-none-eabi-10.3-2021.10/bin/../lib/gcc/arm-none-eabi/10.3.1/../../../../arm-none-eabi/lib/thumb/v7e-m+fp/hard\libg_nano.a
LOAD d:/tools/gcc-arm-none-eabi-10.3-2021.10/bin/../lib/gcc/arm-none-eabi/10.3.1/../../../../arm-none-eabi/lib/thumb/v7e-m+fp/hard\libc_nano.a
END GROUP
START GROUP
LOAD d:/tools/gcc-arm-none-eabi-10.3-2021.10/bin/../lib/gcc/arm-none-eabi/10.3.1/thumb/v7e-m+fp/hard\libgcc.a
LOAD d:/tools/gcc-arm-none-eabi-10.3-2021.10/bin/../lib/gcc/arm-none-eabi/10.3.1/../../../../arm-none-eabi/lib/thumb/v7e-m+fp/hard\libc_nano.a
END GROUP
LOAD d:/tools/gcc-arm-none-eabi-10.3-2021.10/bin/../lib/gcc/arm-none-eabi/10.3.1/thumb/v7e-m+fp/hard/crtend.o
LOAD d:/tools/gcc-arm-none-eabi-10.3-2021.10/bin/../lib/gcc/arm-none-eabi/10.3.1/thumb/v7e-m+fp/hard/crtn.o
                0x20020000                _estack = (ORIGIN (RAM) + LENGTH (RAM))
                0x00000200                _Min_Heap_Size = 0x200
                0x00000400                _Min_Stack_Size = 0x400

.isr_vector     0x08000000      0x188
                0x08000000                . = ALIGN (0x4)
 *(.isr_vector)
 .isr_vector    0x08000000      0x188 CMakeFiles/stm32f4xx_tftlcd_update.elf.dir/src/Core/Startup/startup_stm32f407igtx.s.obj
                0x08000000                g_pfnVectors
                0x08000188                . = ALIGN (0x4)

.text           0x08000188     0x1cd8
                0x08000188                . = ALIGN (0x4)
 *(.text)
 .text          0x08000188       0x40 d:/tools/gcc-arm-none-eabi-10.3-2021.10/bin/../lib/gcc/arm-none-eabi/10.3.1/thumb/v7e-m+fp/hard/crtbegin.o
 .text          0x080001c8       0x30 d:/tools/gcc-arm-none-eabi-10.3-2021.10/bin/../lib/gcc/arm-none-eabi/10.3.1/thumb/v7e-m+fp/hard\libgcc.a(_aeabi_uldivmod.o)
                0x080001c8                __aeabi_uldivmod
 .text          0x080001f8      0x2d0 d:/tools/gcc-arm-none-eabi-10.3-2021.10/bin/../lib/gcc/arm-none-eabi/10.3.1/thumb/v7e-m+fp/hard\libgcc.a(_udivmoddi4.o)
                0x080001f8                __udivmoddi4
 .text          0x080004c8        0x4 d:/tools/gcc-arm-none-eabi-10.3-2021.10/bin/../lib/gcc/arm-none-eabi/10.3.1/thumb/v7e-m+fp/hard\libgcc.a(_dvmd_tls.o)
                0x080004c8                __aeabi_idiv0
                0x080004c8                __aeabi_ldiv0
 *(.text*)
 .text.__libc_init_array
                0x080004cc       0x48 d:/tools/gcc-arm-none-eabi-10.3-2021.10/bin/../lib/gcc/arm-none-eabi/10.3.1/../../../../arm-none-eabi/lib/thumb/v7e-m+fp/hard\libc_nano.a(lib_a-init.o)
                0x080004cc                __libc_init_array
 .text.memset   0x08000514       0x10 d:/tools/gcc-arm-none-eabi-10.3-2021.10/bin/../lib/gcc/arm-none-eabi/10.3.1/../../../../arm-none-eabi/lib/thumb/v7e-m+fp/hard\libc_nano.a(lib_a-memset.o)
                0x08000514                memset
 .text.main     0x08000524       0x32 CMakeFiles/stm32f4xx_tftlcd_update.elf.dir/src/Core/Src/main.c.obj
                0x08000524                main
 *fill*         0x08000556        0x2 
 .text.SystemClock_Config
                0x08000558       0xd4 CMakeFiles/stm32f4xx_tftlcd_update.elf.dir/src/Core/Src/main.c.obj
                0x08000558                SystemClock_Config
 .text.Error_Handler
                0x0800062c        0xa CMakeFiles/stm32f4xx_tftlcd_update.elf.dir/src/Core/Src/main.c.obj
                0x0800062c                Error_Handler
 *fill*         0x08000636        0x2 
 .text.HAL_MspInit
                0x08000638       0x50 CMakeFiles/stm32f4xx_tftlcd_update.elf.dir/src/Core/Src/stm32f4xx_hal_msp.c.obj
                0x08000638                HAL_MspInit
 .text.NMI_Handler
                0x08000688        0x6 CMakeFiles/stm32f4xx_tftlcd_update.elf.dir/src/Core/Src/stm32f4xx_it.c.obj
                0x08000688                NMI_Handler
 .text.HardFault_Handler
                0x0800068e        0x6 CMakeFiles/stm32f4xx_tftlcd_update.elf.dir/src/Core/Src/stm32f4xx_it.c.obj
                0x0800068e                HardFault_Handler
 .text.MemManage_Handler
                0x08000694        0x6 CMakeFiles/stm32f4xx_tftlcd_update.elf.dir/src/Core/Src/stm32f4xx_it.c.obj
                0x08000694                MemManage_Handler
 .text.BusFault_Handler
                0x0800069a        0x6 CMakeFiles/stm32f4xx_tftlcd_update.elf.dir/src/Core/Src/stm32f4xx_it.c.obj
                0x0800069a                BusFault_Handler
 .text.UsageFault_Handler
                0x080006a0        0x6 CMakeFiles/stm32f4xx_tftlcd_update.elf.dir/src/Core/Src/stm32f4xx_it.c.obj
                0x080006a0                UsageFault_Handler
 .text.SVC_Handler
                0x080006a6        0xe CMakeFiles/stm32f4xx_tftlcd_update.elf.dir/src/Core/Src/stm32f4xx_it.c.obj
                0x080006a6                SVC_Handler
 .text.DebugMon_Handler
                0x080006b4        0xe CMakeFiles/stm32f4xx_tftlcd_update.elf.dir/src/Core/Src/stm32f4xx_it.c.obj
                0x080006b4                DebugMon_Handler
 .text.PendSV_Handler
                0x080006c2        0xe CMakeFiles/stm32f4xx_tftlcd_update.elf.dir/src/Core/Src/stm32f4xx_it.c.obj
                0x080006c2                PendSV_Handler
 .text.SysTick_Handler
                0x080006d0       0x10 CMakeFiles/stm32f4xx_tftlcd_update.elf.dir/src/Core/Src/stm32f4xx_it.c.obj
                0x080006d0                SysTick_Handler
 .text.SystemInit
                0x080006e0       0x24 CMakeFiles/stm32f4xx_tftlcd_update.elf.dir/src/Core/Src/system_stm32f4xx.c.obj
                0x080006e0                SystemInit
 .text.bsp_InitLed
                0x08000704      0x12c CMakeFiles/stm32f4xx_tftlcd_update.elf.dir/src/Core/bsp/Src/bsp_led.c.obj
                0x08000704                bsp_InitLed
 .text.bsp_LedOn
                0x08000830       0x70 CMakeFiles/stm32f4xx_tftlcd_update.elf.dir/src/Core/bsp/Src/bsp_led.c.obj
                0x08000830                bsp_LedOn
 .text.bsp_LedOff
                0x080008a0       0x70 CMakeFiles/stm32f4xx_tftlcd_update.elf.dir/src/Core/bsp/Src/bsp_led.c.obj
                0x080008a0                bsp_LedOff
 .text.LCD_InitHard
                0x08000910       0x16 CMakeFiles/stm32f4xx_tftlcd_update.elf.dir/src/Core/bsp/Src/bsp_tft_lcd.c.obj
                0x08000910                LCD_InitHard
 *fill*         0x08000926        0x2 
 .text.LCD_CtrlLinesConfig
                0x08000928      0x1b8 CMakeFiles/stm32f4xx_tftlcd_update.elf.dir/src/Core/bsp/Src/bsp_tft_lcd.c.obj
 .text.LCD_FSMCConfig
                0x08000ae0       0x9c CMakeFiles/stm32f4xx_tftlcd_update.elf.dir/src/Core/bsp/Src/bsp_tft_lcd.c.obj
 .text.__NVIC_SetPriority
                0x08000b7c       0x54 CMakeFiles/stm32f4xx_tftlcd_update.elf.dir/src/Core/bsp/Src/bsp_timer.c.obj
 .text.SysTick_Config
                0x08000bd0       0x44 CMakeFiles/stm32f4xx_tftlcd_update.elf.dir/src/Core/bsp/Src/bsp_timer.c.obj
 .text.bsp_InitTimer
                0x08000c14       0x8c CMakeFiles/stm32f4xx_tftlcd_update.elf.dir/src/Core/bsp/Src/bsp_timer.c.obj
                0x08000c14                bsp_InitTimer
 .text.SysTick_ISR
                0x08000ca0       0x34 CMakeFiles/stm32f4xx_tftlcd_update.elf.dir/src/Core/bsp/Src/bsp_timer.c.obj
                0x08000ca0                SysTick_ISR
 .text.bsp_DelayMS
                0x08000cd4       0x58 CMakeFiles/stm32f4xx_tftlcd_update.elf.dir/src/Core/bsp/Src/bsp_timer.c.obj
                0x08000cd4                bsp_DelayMS
 .text.bsp_Init
                0x08000d2c       0x10 CMakeFiles/stm32f4xx_tftlcd_update.elf.dir/src/Core/bsp/bsp.c.obj
                0x08000d2c                bsp_Init
 .text.HAL_Init
                0x08000d3c       0x44 CMakeFiles/stm32f4xx_tftlcd_update.elf.dir/src/Drivers/STM32F4xx_HAL_Driver/Src/stm32f4xx_hal.c.obj
                0x08000d3c                HAL_Init
 .text.HAL_InitTick
                0x08000d80       0x60 CMakeFiles/stm32f4xx_tftlcd_update.elf.dir/src/Drivers/STM32F4xx_HAL_Driver/Src/stm32f4xx_hal.c.obj
                0x08000d80                HAL_InitTick
 .text.HAL_IncTick
                0x08000de0       0x28 CMakeFiles/stm32f4xx_tftlcd_update.elf.dir/src/Drivers/STM32F4xx_HAL_Driver/Src/stm32f4xx_hal.c.obj
                0x08000de0                HAL_IncTick
 .text.HAL_GetTick
                0x08000e08       0x18 CMakeFiles/stm32f4xx_tftlcd_update.elf.dir/src/Drivers/STM32F4xx_HAL_Driver/Src/stm32f4xx_hal.c.obj
                0x08000e08                HAL_GetTick
 .text.__NVIC_SetPriorityGrouping
                0x08000e20       0x48 CMakeFiles/stm32f4xx_tftlcd_update.elf.dir/src/Drivers/STM32F4xx_HAL_Driver/Src/stm32f4xx_hal_cortex.c.obj
 .text.__NVIC_GetPriorityGrouping
                0x08000e68       0x1c CMakeFiles/stm32f4xx_tftlcd_update.elf.dir/src/Drivers/STM32F4xx_HAL_Driver/Src/stm32f4xx_hal_cortex.c.obj
 .text.__NVIC_SetPriority
                0x08000e84       0x54 CMakeFiles/stm32f4xx_tftlcd_update.elf.dir/src/Drivers/STM32F4xx_HAL_Driver/Src/stm32f4xx_hal_cortex.c.obj
 .text.NVIC_EncodePriority
                0x08000ed8       0x66 CMakeFiles/stm32f4xx_tftlcd_update.elf.dir/src/Drivers/STM32F4xx_HAL_Driver/Src/stm32f4xx_hal_cortex.c.obj
 *fill*         0x08000f3e        0x2 
 .text.SysTick_Config
                0x08000f40       0x44 CMakeFiles/stm32f4xx_tftlcd_update.elf.dir/src/Drivers/STM32F4xx_HAL_Driver/Src/stm32f4xx_hal_cortex.c.obj
 .text.HAL_NVIC_SetPriorityGrouping
                0x08000f84       0x16 CMakeFiles/stm32f4xx_tftlcd_update.elf.dir/src/Drivers/STM32F4xx_HAL_Driver/Src/stm32f4xx_hal_cortex.c.obj
                0x08000f84                HAL_NVIC_SetPriorityGrouping
 .text.HAL_NVIC_SetPriority
                0x08000f9a       0x38 CMakeFiles/stm32f4xx_tftlcd_update.elf.dir/src/Drivers/STM32F4xx_HAL_Driver/Src/stm32f4xx_hal_cortex.c.obj
                0x08000f9a                HAL_NVIC_SetPriority
 .text.HAL_SYSTICK_Config
                0x08000fd2       0x18 CMakeFiles/stm32f4xx_tftlcd_update.elf.dir/src/Drivers/STM32F4xx_HAL_Driver/Src/stm32f4xx_hal_cortex.c.obj
                0x08000fd2                HAL_SYSTICK_Config
 *fill*         0x08000fea        0x2 
 .text.HAL_GPIO_Init
                0x08000fec      0x338 CMakeFiles/stm32f4xx_tftlcd_update.elf.dir/src/Drivers/STM32F4xx_HAL_Driver/Src/stm32f4xx_hal_gpio.c.obj
                0x08000fec                HAL_GPIO_Init
 .text.HAL_GPIO_WritePin
                0x08001324       0x32 CMakeFiles/stm32f4xx_tftlcd_update.elf.dir/src/Drivers/STM32F4xx_HAL_Driver/Src/stm32f4xx_hal_gpio.c.obj
                0x08001324                HAL_GPIO_WritePin
 *fill*         0x08001356        0x2 
 .text.HAL_RCC_OscConfig
                0x08001358      0x4f0 CMakeFiles/stm32f4xx_tftlcd_update.elf.dir/src/Drivers/STM32F4xx_HAL_Driver/Src/stm32f4xx_hal_rcc.c.obj
                0x08001358                HAL_RCC_OscConfig
 .text.HAL_RCC_ClockConfig
                0x08001848      0x1cc CMakeFiles/stm32f4xx_tftlcd_update.elf.dir/src/Drivers/STM32F4xx_HAL_Driver/Src/stm32f4xx_hal_rcc.c.obj
                0x08001848                HAL_RCC_ClockConfig
 .text.HAL_RCC_GetSysClockFreq
                0x08001a14      0x18c CMakeFiles/stm32f4xx_tftlcd_update.elf.dir/src/Drivers/STM32F4xx_HAL_Driver/Src/stm32f4xx_hal_rcc.c.obj
                0x08001a14                HAL_RCC_GetSysClockFreq
 .text.HAL_SRAM_Init
                0x08001ba0       0x90 CMakeFiles/stm32f4xx_tftlcd_update.elf.dir/src/Drivers/STM32F4xx_HAL_Driver/Src/stm32f4xx_hal_sram.c.obj
                0x08001ba0                HAL_SRAM_Init
 .text.HAL_SRAM_MspInit
                0x08001c30       0x14 CMakeFiles/stm32f4xx_tftlcd_update.elf.dir/src/Drivers/STM32F4xx_HAL_Driver/Src/stm32f4xx_hal_sram.c.obj
                0x08001c30                HAL_SRAM_MspInit
 .text.FSMC_NORSRAM_Init
                0x08001c44       0xd4 CMakeFiles/stm32f4xx_tftlcd_update.elf.dir/src/Drivers/STM32F4xx_HAL_Driver/Src/stm32f4xx_ll_fsmc.c.obj
                0x08001c44                FSMC_NORSRAM_Init
 .text.FSMC_NORSRAM_Timing_Init
                0x08001d18       0x6a CMakeFiles/stm32f4xx_tftlcd_update.elf.dir/src/Drivers/STM32F4xx_HAL_Driver/Src/stm32f4xx_ll_fsmc.c.obj
                0x08001d18                FSMC_NORSRAM_Timing_Init
 *fill*         0x08001d82        0x2 
 .text.FSMC_NORSRAM_Extended_Timing_Init
                0x08001d84       0x70 CMakeFiles/stm32f4xx_tftlcd_update.elf.dir/src/Drivers/STM32F4xx_HAL_Driver/Src/stm32f4xx_ll_fsmc.c.obj
                0x08001d84                FSMC_NORSRAM_Extended_Timing_Init
 .text.Reset_Handler
                0x08001df4       0x50 CMakeFiles/stm32f4xx_tftlcd_update.elf.dir/src/Core/Startup/startup_stm32f407igtx.s.obj
                0x08001df4                Reset_Handler
 .text.Default_Handler
                0x08001e44        0x2 CMakeFiles/stm32f4xx_tftlcd_update.elf.dir/src/Core/Startup/startup_stm32f407igtx.s.obj
                0x08001e44                RTC_Alarm_IRQHandler
                0x08001e44                HASH_RNG_IRQHandler
                0x08001e44                EXTI2_IRQHandler
                0x08001e44                TIM8_CC_IRQHandler
                0x08001e44                TIM1_CC_IRQHandler
                0x08001e44                DMA2_Stream5_IRQHandler
                0x08001e44                DMA1_Stream5_IRQHandler
                0x08001e44                PVD_IRQHandler
                0x08001e44                SDIO_IRQHandler
                0x08001e44                TAMP_STAMP_IRQHandler
                0x08001e44                CAN2_RX1_IRQHandler
                0x08001e44                EXTI3_IRQHandler
                0x08001e44                TIM8_TRG_COM_TIM14_IRQHandler
                0x08001e44                TIM1_UP_TIM10_IRQHandler
                0x08001e44                TIM8_UP_TIM13_IRQHandler
                0x08001e44                I2C3_ER_IRQHandler
                0x08001e44                EXTI0_IRQHandler
                0x08001e44                I2C2_EV_IRQHandler
                0x08001e44                DMA1_Stream2_IRQHandler
                0x08001e44                CAN1_RX0_IRQHandler
                0x08001e44                FPU_IRQHandler
                0x08001e44                OTG_HS_WKUP_IRQHandler
                0x08001e44                CAN2_SCE_IRQHandler
                0x08001e44                DMA2_Stream2_IRQHandler
                0x08001e44                SPI1_IRQHandler
                0x08001e44                TIM6_DAC_IRQHandler
                0x08001e44                TIM1_BRK_TIM9_IRQHandler
                0x08001e44                DCMI_IRQHandler
                0x08001e44                CAN2_RX0_IRQHandler
                0x08001e44                DMA2_Stream3_IRQHandler
                0x08001e44                USART6_IRQHandler
                0x08001e44                USART3_IRQHandler
                0x08001e44                CAN1_RX1_IRQHandler
                0x08001e44                UART5_IRQHandler
                0x08001e44                DMA2_Stream0_IRQHandler
                0x08001e44                TIM4_IRQHandler
                0x08001e44                I2C1_EV_IRQHandler
                0x08001e44                DMA1_Stream6_IRQHandler
                0x08001e44                DMA1_Stream1_IRQHandler
                0x08001e44                UART4_IRQHandler
                0x08001e44                TIM3_IRQHandler
                0x08001e44                RCC_IRQHandler
                0x08001e44                TIM8_BRK_TIM12_IRQHandler
                0x08001e44                Default_Handler
                0x08001e44                EXTI15_10_IRQHandler
                0x08001e44                ADC_IRQHandler
                0x08001e44                DMA1_Stream7_IRQHandler
                0x08001e44                TIM7_IRQHandler
                0x08001e44                CAN2_TX_IRQHandler
                0x08001e44                TIM5_IRQHandler
                0x08001e44                DMA2_Stream7_IRQHandler
                0x08001e44                I2C3_EV_IRQHandler
                0x08001e44                EXTI9_5_IRQHandler
                0x08001e44                RTC_WKUP_IRQHandler
                0x08001e44                ETH_WKUP_IRQHandler
                0x08001e44                SPI2_IRQHandler
                0x08001e44                OTG_HS_EP1_IN_IRQHandler
                0x08001e44                DMA1_Stream0_IRQHandler
                0x08001e44                CAN1_TX_IRQHandler
                0x08001e44                EXTI4_IRQHandler
                0x08001e44                FSMC_IRQHandler
                0x08001e44                ETH_IRQHandler
                0x08001e44                OTG_HS_EP1_OUT_IRQHandler
                0x08001e44                WWDG_IRQHandler
                0x08001e44                TIM2_IRQHandler
                0x08001e44                OTG_FS_WKUP_IRQHandler
                0x08001e44                TIM1_TRG_COM_TIM11_IRQHandler
                0x08001e44                OTG_HS_IRQHandler
                0x08001e44                EXTI1_IRQHandler
                0x08001e44                USART2_IRQHandler
                0x08001e44                I2C2_ER_IRQHandler
                0x08001e44                DMA2_Stream1_IRQHandler
                0x08001e44                CAN1_SCE_IRQHandler
                0x08001e44                FLASH_IRQHandler
                0x08001e44                DMA2_Stream4_IRQHandler
                0x08001e44                USART1_IRQHandler
                0x08001e44                OTG_FS_IRQHandler
                0x08001e44                SPI3_IRQHandler
                0x08001e44                DMA1_Stream4_IRQHandler
                0x08001e44                I2C1_ER_IRQHandler
                0x08001e44                DMA2_Stream6_IRQHandler
                0x08001e44                DMA1_Stream3_IRQHandler
 *(.glue_7)
 .glue_7        0x08001e46        0x0 linker stubs
 *(.glue_7t)
 .glue_7t       0x08001e46        0x0 linker stubs
 *(.eh_frame)
 *fill*         0x08001e46        0x2 
 .eh_frame      0x08001e48        0x0 d:/tools/gcc-arm-none-eabi-10.3-2021.10/bin/../lib/gcc/arm-none-eabi/10.3.1/thumb/v7e-m+fp/hard/crtbegin.o
 *(.init)
 .init          0x08001e48        0x4 d:/tools/gcc-arm-none-eabi-10.3-2021.10/bin/../lib/gcc/arm-none-eabi/10.3.1/thumb/v7e-m+fp/hard/crti.o
                0x08001e48                _init
 .init          0x08001e4c        0x8 d:/tools/gcc-arm-none-eabi-10.3-2021.10/bin/../lib/gcc/arm-none-eabi/10.3.1/thumb/v7e-m+fp/hard/crtn.o
 *(.fini)
 .fini          0x08001e54        0x4 d:/tools/gcc-arm-none-eabi-10.3-2021.10/bin/../lib/gcc/arm-none-eabi/10.3.1/thumb/v7e-m+fp/hard/crti.o
                0x08001e54                _fini
 .fini          0x08001e58        0x8 d:/tools/gcc-arm-none-eabi-10.3-2021.10/bin/../lib/gcc/arm-none-eabi/10.3.1/thumb/v7e-m+fp/hard/crtn.o
                0x08001e60                . = ALIGN (0x4)
                0x08001e60                _etext = .

.vfp11_veneer   0x08001e60        0x0
 .vfp11_veneer  0x08001e60        0x0 linker stubs

.v4_bx          0x08001e60        0x0
 .v4_bx         0x08001e60        0x0 linker stubs

.iplt           0x08001e60        0x0
 .iplt          0x08001e60        0x0 d:/tools/gcc-arm-none-eabi-10.3-2021.10/bin/../lib/gcc/arm-none-eabi/10.3.1/thumb/v7e-m+fp/hard/crtbegin.o

.rodata         0x08001e60       0x10
                0x08001e60                . = ALIGN (0x4)
 *(.rodata)
 *(.rodata*)
 .rodata.AHBPrescTable
                0x08001e60       0x10 CMakeFiles/stm32f4xx_tftlcd_update.elf.dir/src/Core/Src/system_stm32f4xx.c.obj
                0x08001e60                AHBPrescTable
                0x08001e70                . = ALIGN (0x4)

.ARM.extab      0x08001e70        0x0
                0x08001e70                . = ALIGN (0x4)
 *(.ARM.extab* .gnu.linkonce.armextab.*)
                0x08001e70                . = ALIGN (0x4)

.ARM            0x08001e70        0x8
                0x08001e70                . = ALIGN (0x4)
                0x08001e70                __exidx_start = .
 *(.ARM.exidx*)
 .ARM.exidx     0x08001e70        0x8 d:/tools/gcc-arm-none-eabi-10.3-2021.10/bin/../lib/gcc/arm-none-eabi/10.3.1/thumb/v7e-m+fp/hard\libgcc.a(_udivmoddi4.o)
                0x08001e78                __exidx_end = .
                0x08001e78                . = ALIGN (0x4)

.rel.dyn        0x08001e78        0x0
 .rel.iplt      0x08001e78        0x0 d:/tools/gcc-arm-none-eabi-10.3-2021.10/bin/../lib/gcc/arm-none-eabi/10.3.1/thumb/v7e-m+fp/hard/crtbegin.o

.preinit_array  0x08001e78        0x0
                0x08001e78                . = ALIGN (0x4)
                0x08001e78                PROVIDE (__preinit_array_start = .)
 *(.preinit_array*)
                0x08001e78                PROVIDE (__preinit_array_end = .)
                0x08001e78                . = ALIGN (0x4)

.init_array     0x08001e78        0x4
                0x08001e78                . = ALIGN (0x4)
                0x08001e78                PROVIDE (__init_array_start = .)
 *(SORT_BY_NAME(.init_array.*))
 *(.init_array*)
 .init_array    0x08001e78        0x4 d:/tools/gcc-arm-none-eabi-10.3-2021.10/bin/../lib/gcc/arm-none-eabi/10.3.1/thumb/v7e-m+fp/hard/crtbegin.o
                0x08001e7c                PROVIDE (__init_array_end = .)
                0x08001e7c                . = ALIGN (0x4)

.fini_array     0x08001e7c        0x4
                0x08001e7c                . = ALIGN (0x4)
                [!provide]                PROVIDE (__fini_array_start = .)
 *(SORT_BY_NAME(.fini_array.*))
 *(.fini_array*)
 .fini_array    0x08001e7c        0x4 d:/tools/gcc-arm-none-eabi-10.3-2021.10/bin/../lib/gcc/arm-none-eabi/10.3.1/thumb/v7e-m+fp/hard/crtbegin.o
                [!provide]                PROVIDE (__fini_array_end = .)
                0x08001e80                . = ALIGN (0x4)
                0x08001e80                _sidata = LOADADDR (.data)

.data           0x20000000        0xc load address 0x08001e80
                0x20000000                . = ALIGN (0x4)
                0x20000000                _sdata = .
 *(.data)
 *(.data*)
 .data.SystemCoreClock
                0x20000000        0x4 CMakeFiles/stm32f4xx_tftlcd_update.elf.dir/src/Core/Src/system_stm32f4xx.c.obj
                0x20000000                SystemCoreClock
 .data.uwTickPrio
                0x20000004        0x4 CMakeFiles/stm32f4xx_tftlcd_update.elf.dir/src/Drivers/STM32F4xx_HAL_Driver/Src/stm32f4xx_hal.c.obj
                0x20000004                uwTickPrio
 .data.uwTickFreq
                0x20000008        0x1 CMakeFiles/stm32f4xx_tftlcd_update.elf.dir/src/Drivers/STM32F4xx_HAL_Driver/Src/stm32f4xx_hal.c.obj
                0x20000008                uwTickFreq
 *(.RamFunc)
 *(.RamFunc*)
                0x2000000c                . = ALIGN (0x4)
 *fill*         0x20000009        0x3 
                0x2000000c                _edata = .
                0x08001e8c                _siccmram = LOADADDR (.ccmram)

.igot.plt       0x2000000c        0x0 load address 0x08001e8c
 .igot.plt      0x2000000c        0x0 d:/tools/gcc-arm-none-eabi-10.3-2021.10/bin/../lib/gcc/arm-none-eabi/10.3.1/thumb/v7e-m+fp/hard/crtbegin.o

.ccmram         0x10000000        0x0 load address 0x08001e8c
                0x10000000                . = ALIGN (0x4)
                0x10000000                _sccmram = .
 *(.ccmram)
 *(.ccmram*)
                0x10000000                . = ALIGN (0x4)
                0x10000000                _eccmram = .
                0x10000000                . = ALIGN (0x4)

.bss            0x2000000c       0x58
                0x2000000c                _sbss = .
                0x2000000c                __bss_start__ = _sbss
 *(.bss)
 .bss           0x2000000c       0x1c d:/tools/gcc-arm-none-eabi-10.3-2021.10/bin/../lib/gcc/arm-none-eabi/10.3.1/thumb/v7e-m+fp/hard/crtbegin.o
 *(.bss*)
 .bss.s_uiDelayCount
                0x20000028        0x4 CMakeFiles/stm32f4xx_tftlcd_update.elf.dir/src/Core/bsp/Src/bsp_timer.c.obj
 .bss.s_ucTimeOutFlag
                0x2000002c        0x1 CMakeFiles/stm32f4xx_tftlcd_update.elf.dir/src/Core/bsp/Src/bsp_timer.c.obj
 *fill*         0x2000002d        0x3 
 .bss.s_tTmr    0x20000030       0x30 CMakeFiles/stm32f4xx_tftlcd_update.elf.dir/src/Core/bsp/Src/bsp_timer.c.obj
 .bss.uwTick    0x20000060        0x4 CMakeFiles/stm32f4xx_tftlcd_update.elf.dir/src/Drivers/STM32F4xx_HAL_Driver/Src/stm32f4xx_hal.c.obj
                0x20000060                uwTick
 *(COMMON)
                0x20000064                . = ALIGN (0x4)
                0x20000064                _ebss = .
                0x20000064                __bss_end__ = _ebss

._user_heap_stack
                0x20000064      0x604
                0x20000068                . = ALIGN (0x8)
 *fill*         0x20000064        0x4 
                [!provide]                PROVIDE (end = .)
                0x20000068                PROVIDE (_end = .)
                0x20000268                . = (. + _Min_Heap_Size)
 *fill*         0x20000068      0x200 
                0x20000668                . = (. + _Min_Stack_Size)
 *fill*         0x20000268      0x400 
                0x20000668                . = ALIGN (0x8)

/DISCARD/
 libc.a(*)
 libm.a(*)
 libgcc.a(*)

.ARM.attributes
                0x00000000       0x30
 *(.ARM.attributes)
 .ARM.attributes
                0x00000000       0x1e d:/tools/gcc-arm-none-eabi-10.3-2021.10/bin/../lib/gcc/arm-none-eabi/10.3.1/thumb/v7e-m+fp/hard/crti.o
 .ARM.attributes
                0x0000001e       0x34 d:/tools/gcc-arm-none-eabi-10.3-2021.10/bin/../lib/gcc/arm-none-eabi/10.3.1/thumb/v7e-m+fp/hard/crtbegin.o
 .ARM.attributes
                0x00000052       0x34 d:/tools/gcc-arm-none-eabi-10.3-2021.10/bin/../lib/gcc/arm-none-eabi/10.3.1/../../../../arm-none-eabi/lib/thumb/v7e-m+fp/hard\libc_nano.a(lib_a-init.o)
 .ARM.attributes
                0x00000086       0x34 d:/tools/gcc-arm-none-eabi-10.3-2021.10/bin/../lib/gcc/arm-none-eabi/10.3.1/../../../../arm-none-eabi/lib/thumb/v7e-m+fp/hard\libc_nano.a(lib_a-memset.o)
 .ARM.attributes
                0x000000ba       0x34 CMakeFiles/stm32f4xx_tftlcd_update.elf.dir/src/Core/Src/main.c.obj
 .ARM.attributes
                0x000000ee       0x34 CMakeFiles/stm32f4xx_tftlcd_update.elf.dir/src/Core/Src/stm32f4xx_hal_msp.c.obj
 .ARM.attributes
                0x00000122       0x34 CMakeFiles/stm32f4xx_tftlcd_update.elf.dir/src/Core/Src/stm32f4xx_it.c.obj
 .ARM.attributes
                0x00000156       0x34 CMakeFiles/stm32f4xx_tftlcd_update.elf.dir/src/Core/Src/system_stm32f4xx.c.obj
 .ARM.attributes
                0x0000018a       0x34 CMakeFiles/stm32f4xx_tftlcd_update.elf.dir/src/Core/bsp/Src/bsp_led.c.obj
 .ARM.attributes
                0x000001be       0x34 CMakeFiles/stm32f4xx_tftlcd_update.elf.dir/src/Core/bsp/Src/bsp_tft_lcd.c.obj
 .ARM.attributes
                0x000001f2       0x34 CMakeFiles/stm32f4xx_tftlcd_update.elf.dir/src/Core/bsp/Src/bsp_timer.c.obj
 .ARM.attributes
                0x00000226       0x34 CMakeFiles/stm32f4xx_tftlcd_update.elf.dir/src/Core/bsp/bsp.c.obj
 .ARM.attributes
                0x0000025a       0x34 CMakeFiles/stm32f4xx_tftlcd_update.elf.dir/src/Drivers/STM32F4xx_HAL_Driver/Src/stm32f4xx_hal.c.obj
 .ARM.attributes
                0x0000028e       0x34 CMakeFiles/stm32f4xx_tftlcd_update.elf.dir/src/Drivers/STM32F4xx_HAL_Driver/Src/stm32f4xx_hal_cortex.c.obj
 .ARM.attributes
                0x000002c2       0x34 CMakeFiles/stm32f4xx_tftlcd_update.elf.dir/src/Drivers/STM32F4xx_HAL_Driver/Src/stm32f4xx_hal_gpio.c.obj
 .ARM.attributes
                0x000002f6       0x34 CMakeFiles/stm32f4xx_tftlcd_update.elf.dir/src/Drivers/STM32F4xx_HAL_Driver/Src/stm32f4xx_hal_rcc.c.obj
 .ARM.attributes
                0x0000032a       0x34 CMakeFiles/stm32f4xx_tftlcd_update.elf.dir/src/Drivers/STM32F4xx_HAL_Driver/Src/stm32f4xx_hal_sram.c.obj
 .ARM.attributes
                0x0000035e       0x34 CMakeFiles/stm32f4xx_tftlcd_update.elf.dir/src/Drivers/STM32F4xx_HAL_Driver/Src/stm32f4xx_ll_fsmc.c.obj
 .ARM.attributes
                0x00000392       0x21 CMakeFiles/stm32f4xx_tftlcd_update.elf.dir/src/Core/Startup/startup_stm32f407igtx.s.obj
 .ARM.attributes
                0x000003b3       0x1e d:/tools/gcc-arm-none-eabi-10.3-2021.10/bin/../lib/gcc/arm-none-eabi/10.3.1/thumb/v7e-m+fp/hard\libgcc.a(_aeabi_uldivmod.o)
 .ARM.attributes
                0x000003d1       0x34 d:/tools/gcc-arm-none-eabi-10.3-2021.10/bin/../lib/gcc/arm-none-eabi/10.3.1/thumb/v7e-m+fp/hard\libgcc.a(_udivmoddi4.o)
 .ARM.attributes
                0x00000405       0x1e d:/tools/gcc-arm-none-eabi-10.3-2021.10/bin/../lib/gcc/arm-none-eabi/10.3.1/thumb/v7e-m+fp/hard\libgcc.a(_dvmd_tls.o)
 .ARM.attributes
                0x00000423       0x1e d:/tools/gcc-arm-none-eabi-10.3-2021.10/bin/../lib/gcc/arm-none-eabi/10.3.1/thumb/v7e-m+fp/hard/crtn.o
OUTPUT(stm32f4xx_tftlcd_update.elf elf32-littlearm)
LOAD linker stubs
LOAD d:/tools/gcc-arm-none-eabi-10.3-2021.10/bin/../lib/gcc/arm-none-eabi/10.3.1/../../../../arm-none-eabi/lib/thumb/v7e-m+fp/hard\libc.a
LOAD d:/tools/gcc-arm-none-eabi-10.3-2021.10/bin/../lib/gcc/arm-none-eabi/10.3.1/../../../../arm-none-eabi/lib/thumb/v7e-m+fp/hard\libm.a
LOAD d:/tools/gcc-arm-none-eabi-10.3-2021.10/bin/../lib/gcc/arm-none-eabi/10.3.1/thumb/v7e-m+fp/hard\libgcc.a

.debug_frame    0x00000000     0x1630
 .debug_frame   0x00000000       0x2c d:/tools/gcc-arm-none-eabi-10.3-2021.10/bin/../lib/gcc/arm-none-eabi/10.3.1/../../../../arm-none-eabi/lib/thumb/v7e-m+fp/hard\libc_nano.a(lib_a-init.o)
 .debug_frame   0x0000002c       0x20 d:/tools/gcc-arm-none-eabi-10.3-2021.10/bin/../lib/gcc/arm-none-eabi/10.3.1/../../../../arm-none-eabi/lib/thumb/v7e-m+fp/hard\libc_nano.a(lib_a-memset.o)
 .debug_frame   0x0000004c       0x68 CMakeFiles/stm32f4xx_tftlcd_update.elf.dir/src/Core/Src/main.c.obj
 .debug_frame   0x000000b4       0x38 CMakeFiles/stm32f4xx_tftlcd_update.elf.dir/src/Core/Src/stm32f4xx_hal_msp.c.obj
 .debug_frame   0x000000ec      0x104 CMakeFiles/stm32f4xx_tftlcd_update.elf.dir/src/Core/Src/stm32f4xx_it.c.obj
 .debug_frame   0x000001f0       0x58 CMakeFiles/stm32f4xx_tftlcd_update.elf.dir/src/Core/Src/system_stm32f4xx.c.obj
 .debug_frame   0x00000248       0x7c CMakeFiles/stm32f4xx_tftlcd_update.elf.dir/src/Core/bsp/Src/bsp_led.c.obj
 .debug_frame   0x000002c4       0x74 CMakeFiles/stm32f4xx_tftlcd_update.elf.dir/src/Core/bsp/Src/bsp_tft_lcd.c.obj
 .debug_frame   0x00000338       0xc8 CMakeFiles/stm32f4xx_tftlcd_update.elf.dir/src/Core/bsp/Src/bsp_timer.c.obj
 .debug_frame   0x00000400       0x2c CMakeFiles/stm32f4xx_tftlcd_update.elf.dir/src/Core/bsp/bsp.c.obj
 .debug_frame   0x0000042c      0x374 CMakeFiles/stm32f4xx_tftlcd_update.elf.dir/src/Drivers/STM32F4xx_HAL_Driver/Src/stm32f4xx_hal.c.obj
 .debug_frame   0x000007a0      0x508 CMakeFiles/stm32f4xx_tftlcd_update.elf.dir/src/Drivers/STM32F4xx_HAL_Driver/Src/stm32f4xx_hal_cortex.c.obj
 .debug_frame   0x00000ca8      0x14c CMakeFiles/stm32f4xx_tftlcd_update.elf.dir/src/Drivers/STM32F4xx_HAL_Driver/Src/stm32f4xx_hal_gpio.c.obj
 .debug_frame   0x00000df4      0x1f4 CMakeFiles/stm32f4xx_tftlcd_update.elf.dir/src/Drivers/STM32F4xx_HAL_Driver/Src/stm32f4xx_hal_rcc.c.obj
 .debug_frame   0x00000fe8      0x30c CMakeFiles/stm32f4xx_tftlcd_update.elf.dir/src/Drivers/STM32F4xx_HAL_Driver/Src/stm32f4xx_hal_sram.c.obj
 .debug_frame   0x000012f4      0x2dc CMakeFiles/stm32f4xx_tftlcd_update.elf.dir/src/Drivers/STM32F4xx_HAL_Driver/Src/stm32f4xx_ll_fsmc.c.obj
 .debug_frame   0x000015d0       0x2c d:/tools/gcc-arm-none-eabi-10.3-2021.10/bin/../lib/gcc/arm-none-eabi/10.3.1/thumb/v7e-m+fp/hard\libgcc.a(_aeabi_uldivmod.o)
 .debug_frame   0x000015fc       0x34 d:/tools/gcc-arm-none-eabi-10.3-2021.10/bin/../lib/gcc/arm-none-eabi/10.3.1/thumb/v7e-m+fp/hard\libgcc.a(_udivmoddi4.o)

.debug_info     0x00000000     0x6428
 .debug_info    0x00000000      0x4b9 CMakeFiles/stm32f4xx_tftlcd_update.elf.dir/src/Core/Src/main.c.obj
 .debug_info    0x000004b9      0x2a8 CMakeFiles/stm32f4xx_tftlcd_update.elf.dir/src/Core/Src/stm32f4xx_hal_msp.c.obj
 .debug_info    0x00000761      0x12c CMakeFiles/stm32f4xx_tftlcd_update.elf.dir/src/Core/Src/stm32f4xx_it.c.obj
 .debug_info    0x0000088d      0x51c CMakeFiles/stm32f4xx_tftlcd_update.elf.dir/src/Core/Src/system_stm32f4xx.c.obj
 .debug_info    0x00000da9      0x4ae CMakeFiles/stm32f4xx_tftlcd_update.elf.dir/src/Core/bsp/Src/bsp_led.c.obj
 .debug_info    0x00001257      0xa18 CMakeFiles/stm32f4xx_tftlcd_update.elf.dir/src/Core/bsp/Src/bsp_tft_lcd.c.obj
 .debug_info    0x00001c6f      0x7f9 CMakeFiles/stm32f4xx_tftlcd_update.elf.dir/src/Core/bsp/Src/bsp_timer.c.obj
 .debug_info    0x00002468       0x90 CMakeFiles/stm32f4xx_tftlcd_update.elf.dir/src/Core/bsp/bsp.c.obj
 .debug_info    0x000024f8      0x929 CMakeFiles/stm32f4xx_tftlcd_update.elf.dir/src/Drivers/STM32F4xx_HAL_Driver/Src/stm32f4xx_hal.c.obj
 .debug_info    0x00002e21      0xe63 CMakeFiles/stm32f4xx_tftlcd_update.elf.dir/src/Drivers/STM32F4xx_HAL_Driver/Src/stm32f4xx_hal_cortex.c.obj
 .debug_info    0x00003c84      0x76a CMakeFiles/stm32f4xx_tftlcd_update.elf.dir/src/Drivers/STM32F4xx_HAL_Driver/Src/stm32f4xx_hal_gpio.c.obj
 .debug_info    0x000043ee      0x921 CMakeFiles/stm32f4xx_tftlcd_update.elf.dir/src/Drivers/STM32F4xx_HAL_Driver/Src/stm32f4xx_hal_rcc.c.obj
 .debug_info    0x00004d0f      0xce0 CMakeFiles/stm32f4xx_tftlcd_update.elf.dir/src/Drivers/STM32F4xx_HAL_Driver/Src/stm32f4xx_hal_sram.c.obj
 .debug_info    0x000059ef      0xa17 CMakeFiles/stm32f4xx_tftlcd_update.elf.dir/src/Drivers/STM32F4xx_HAL_Driver/Src/stm32f4xx_ll_fsmc.c.obj
 .debug_info    0x00006406       0x22 CMakeFiles/stm32f4xx_tftlcd_update.elf.dir/src/Core/Startup/startup_stm32f407igtx.s.obj

.debug_abbrev   0x00000000     0x1586
 .debug_abbrev  0x00000000      0x17d CMakeFiles/stm32f4xx_tftlcd_update.elf.dir/src/Core/Src/main.c.obj
 .debug_abbrev  0x0000017d       0xd4 CMakeFiles/stm32f4xx_tftlcd_update.elf.dir/src/Core/Src/stm32f4xx_hal_msp.c.obj
 .debug_abbrev  0x00000251       0x7b CMakeFiles/stm32f4xx_tftlcd_update.elf.dir/src/Core/Src/stm32f4xx_it.c.obj
 .debug_abbrev  0x000002cc      0x116 CMakeFiles/stm32f4xx_tftlcd_update.elf.dir/src/Core/Src/system_stm32f4xx.c.obj
 .debug_abbrev  0x000003e2      0x14e CMakeFiles/stm32f4xx_tftlcd_update.elf.dir/src/Core/bsp/Src/bsp_led.c.obj
 .debug_abbrev  0x00000530      0x17b CMakeFiles/stm32f4xx_tftlcd_update.elf.dir/src/Core/bsp/Src/bsp_tft_lcd.c.obj
 .debug_abbrev  0x000006ab      0x22f CMakeFiles/stm32f4xx_tftlcd_update.elf.dir/src/Core/bsp/Src/bsp_timer.c.obj
 .debug_abbrev  0x000008da       0x47 CMakeFiles/stm32f4xx_tftlcd_update.elf.dir/src/Core/bsp/bsp.c.obj
 .debug_abbrev  0x00000921      0x1da CMakeFiles/stm32f4xx_tftlcd_update.elf.dir/src/Drivers/STM32F4xx_HAL_Driver/Src/stm32f4xx_hal.c.obj
 .debug_abbrev  0x00000afb      0x30d CMakeFiles/stm32f4xx_tftlcd_update.elf.dir/src/Drivers/STM32F4xx_HAL_Driver/Src/stm32f4xx_hal_cortex.c.obj
 .debug_abbrev  0x00000e08      0x1c4 CMakeFiles/stm32f4xx_tftlcd_update.elf.dir/src/Drivers/STM32F4xx_HAL_Driver/Src/stm32f4xx_hal_gpio.c.obj
 .debug_abbrev  0x00000fcc      0x262 CMakeFiles/stm32f4xx_tftlcd_update.elf.dir/src/Drivers/STM32F4xx_HAL_Driver/Src/stm32f4xx_hal_rcc.c.obj
 .debug_abbrev  0x0000122e      0x1c5 CMakeFiles/stm32f4xx_tftlcd_update.elf.dir/src/Drivers/STM32F4xx_HAL_Driver/Src/stm32f4xx_hal_sram.c.obj
 .debug_abbrev  0x000013f3      0x181 CMakeFiles/stm32f4xx_tftlcd_update.elf.dir/src/Drivers/STM32F4xx_HAL_Driver/Src/stm32f4xx_ll_fsmc.c.obj
 .debug_abbrev  0x00001574       0x12 CMakeFiles/stm32f4xx_tftlcd_update.elf.dir/src/Core/Startup/startup_stm32f407igtx.s.obj

.debug_aranges  0x00000000      0x620
 .debug_aranges
                0x00000000       0x30 CMakeFiles/stm32f4xx_tftlcd_update.elf.dir/src/Core/Src/main.c.obj
 .debug_aranges
                0x00000030       0x20 CMakeFiles/stm32f4xx_tftlcd_update.elf.dir/src/Core/Src/stm32f4xx_hal_msp.c.obj
 .debug_aranges
                0x00000050       0x60 CMakeFiles/stm32f4xx_tftlcd_update.elf.dir/src/Core/Src/stm32f4xx_it.c.obj
 .debug_aranges
                0x000000b0       0x28 CMakeFiles/stm32f4xx_tftlcd_update.elf.dir/src/Core/Src/system_stm32f4xx.c.obj
 .debug_aranges
                0x000000d8       0x30 CMakeFiles/stm32f4xx_tftlcd_update.elf.dir/src/Core/bsp/Src/bsp_led.c.obj
 .debug_aranges
                0x00000108       0x30 CMakeFiles/stm32f4xx_tftlcd_update.elf.dir/src/Core/bsp/Src/bsp_tft_lcd.c.obj
 .debug_aranges
                0x00000138       0x40 CMakeFiles/stm32f4xx_tftlcd_update.elf.dir/src/Core/bsp/Src/bsp_timer.c.obj
 .debug_aranges
                0x00000178       0x20 CMakeFiles/stm32f4xx_tftlcd_update.elf.dir/src/Core/bsp/bsp.c.obj
 .debug_aranges
                0x00000198       0xf0 CMakeFiles/stm32f4xx_tftlcd_update.elf.dir/src/Drivers/STM32F4xx_HAL_Driver/Src/stm32f4xx_hal.c.obj
 .debug_aranges
                0x00000288      0x130 CMakeFiles/stm32f4xx_tftlcd_update.elf.dir/src/Drivers/STM32F4xx_HAL_Driver/Src/stm32f4xx_hal_cortex.c.obj
 .debug_aranges
                0x000003b8       0x58 CMakeFiles/stm32f4xx_tftlcd_update.elf.dir/src/Drivers/STM32F4xx_HAL_Driver/Src/stm32f4xx_hal_gpio.c.obj
 .debug_aranges
                0x00000410       0x88 CMakeFiles/stm32f4xx_tftlcd_update.elf.dir/src/Drivers/STM32F4xx_HAL_Driver/Src/stm32f4xx_hal_rcc.c.obj
 .debug_aranges
                0x00000498       0xb8 CMakeFiles/stm32f4xx_tftlcd_update.elf.dir/src/Drivers/STM32F4xx_HAL_Driver/Src/stm32f4xx_hal_sram.c.obj
 .debug_aranges
                0x00000550       0xa8 CMakeFiles/stm32f4xx_tftlcd_update.elf.dir/src/Drivers/STM32F4xx_HAL_Driver/Src/stm32f4xx_ll_fsmc.c.obj
 .debug_aranges
                0x000005f8       0x28 CMakeFiles/stm32f4xx_tftlcd_update.elf.dir/src/Core/Startup/startup_stm32f407igtx.s.obj

.debug_ranges   0x00000000      0x538
 .debug_ranges  0x00000000       0x20 CMakeFiles/stm32f4xx_tftlcd_update.elf.dir/src/Core/Src/main.c.obj
 .debug_ranges  0x00000020       0x10 CMakeFiles/stm32f4xx_tftlcd_update.elf.dir/src/Core/Src/stm32f4xx_hal_msp.c.obj
 .debug_ranges  0x00000030       0x50 CMakeFiles/stm32f4xx_tftlcd_update.elf.dir/src/Core/Src/stm32f4xx_it.c.obj
 .debug_ranges  0x00000080       0x18 CMakeFiles/stm32f4xx_tftlcd_update.elf.dir/src/Core/Src/system_stm32f4xx.c.obj
 .debug_ranges  0x00000098       0x20 CMakeFiles/stm32f4xx_tftlcd_update.elf.dir/src/Core/bsp/Src/bsp_led.c.obj
 .debug_ranges  0x000000b8       0x20 CMakeFiles/stm32f4xx_tftlcd_update.elf.dir/src/Core/bsp/Src/bsp_tft_lcd.c.obj
 .debug_ranges  0x000000d8       0x30 CMakeFiles/stm32f4xx_tftlcd_update.elf.dir/src/Core/bsp/Src/bsp_timer.c.obj
 .debug_ranges  0x00000108       0x10 CMakeFiles/stm32f4xx_tftlcd_update.elf.dir/src/Core/bsp/bsp.c.obj
 .debug_ranges  0x00000118       0xe0 CMakeFiles/stm32f4xx_tftlcd_update.elf.dir/src/Drivers/STM32F4xx_HAL_Driver/Src/stm32f4xx_hal.c.obj
 .debug_ranges  0x000001f8      0x120 CMakeFiles/stm32f4xx_tftlcd_update.elf.dir/src/Drivers/STM32F4xx_HAL_Driver/Src/stm32f4xx_hal_cortex.c.obj
 .debug_ranges  0x00000318       0x48 CMakeFiles/stm32f4xx_tftlcd_update.elf.dir/src/Drivers/STM32F4xx_HAL_Driver/Src/stm32f4xx_hal_gpio.c.obj
 .debug_ranges  0x00000360       0x78 CMakeFiles/stm32f4xx_tftlcd_update.elf.dir/src/Drivers/STM32F4xx_HAL_Driver/Src/stm32f4xx_hal_rcc.c.obj
 .debug_ranges  0x000003d8       0xa8 CMakeFiles/stm32f4xx_tftlcd_update.elf.dir/src/Drivers/STM32F4xx_HAL_Driver/Src/stm32f4xx_hal_sram.c.obj
 .debug_ranges  0x00000480       0x98 CMakeFiles/stm32f4xx_tftlcd_update.elf.dir/src/Drivers/STM32F4xx_HAL_Driver/Src/stm32f4xx_ll_fsmc.c.obj
 .debug_ranges  0x00000518       0x20 CMakeFiles/stm32f4xx_tftlcd_update.elf.dir/src/Core/Startup/startup_stm32f407igtx.s.obj

.debug_macro    0x00000000    0x21120
 .debug_macro   0x00000000      0x37f CMakeFiles/stm32f4xx_tftlcd_update.elf.dir/src/Core/Src/main.c.obj
 .debug_macro   0x0000037f      0xa6c CMakeFiles/stm32f4xx_tftlcd_update.elf.dir/src/Core/Src/main.c.obj
 .debug_macro   0x00000deb      0x295 CMakeFiles/stm32f4xx_tftlcd_update.elf.dir/src/Core/Src/main.c.obj
 .debug_macro   0x00001080       0x2e CMakeFiles/stm32f4xx_tftlcd_update.elf.dir/src/Core/Src/main.c.obj
 .debug_macro   0x000010ae       0x2f CMakeFiles/stm32f4xx_tftlcd_update.elf.dir/src/Core/Src/main.c.obj
 .debug_macro   0x000010dd       0x22 CMakeFiles/stm32f4xx_tftlcd_update.elf.dir/src/Core/Src/main.c.obj
 .debug_macro   0x000010ff       0x8e CMakeFiles/stm32f4xx_tftlcd_update.elf.dir/src/Core/Src/main.c.obj
 .debug_macro   0x0000118d       0x51 CMakeFiles/stm32f4xx_tftlcd_update.elf.dir/src/Core/Src/main.c.obj
 .debug_macro   0x000011de      0x103 CMakeFiles/stm32f4xx_tftlcd_update.elf.dir/src/Core/Src/main.c.obj
 .debug_macro   0x000012e1       0x6a CMakeFiles/stm32f4xx_tftlcd_update.elf.dir/src/Core/Src/main.c.obj
 .debug_macro   0x0000134b      0x1df CMakeFiles/stm32f4xx_tftlcd_update.elf.dir/src/Core/Src/main.c.obj
 .debug_macro   0x0000152a       0x1c CMakeFiles/stm32f4xx_tftlcd_update.elf.dir/src/Core/Src/main.c.obj
 .debug_macro   0x00001546       0x22 CMakeFiles/stm32f4xx_tftlcd_update.elf.dir/src/Core/Src/main.c.obj
 .debug_macro   0x00001568       0xfb CMakeFiles/stm32f4xx_tftlcd_update.elf.dir/src/Core/Src/main.c.obj
 .debug_macro   0x00001663     0x1011 CMakeFiles/stm32f4xx_tftlcd_update.elf.dir/src/Core/Src/main.c.obj
 .debug_macro   0x00002674      0x11f CMakeFiles/stm32f4xx_tftlcd_update.elf.dir/src/Core/Src/main.c.obj
 .debug_macro   0x00002793    0x15e97 CMakeFiles/stm32f4xx_tftlcd_update.elf.dir/src/Core/Src/main.c.obj
 .debug_macro   0x0001862a       0x6d CMakeFiles/stm32f4xx_tftlcd_update.elf.dir/src/Core/Src/main.c.obj
 .debug_macro   0x00018697     0x369a CMakeFiles/stm32f4xx_tftlcd_update.elf.dir/src/Core/Src/main.c.obj
 .debug_macro   0x0001bd31      0x174 CMakeFiles/stm32f4xx_tftlcd_update.elf.dir/src/Core/Src/main.c.obj
 .debug_macro   0x0001bea5       0x5c CMakeFiles/stm32f4xx_tftlcd_update.elf.dir/src/Core/Src/main.c.obj
 .debug_macro   0x0001bf01      0x980 CMakeFiles/stm32f4xx_tftlcd_update.elf.dir/src/Core/Src/main.c.obj
 .debug_macro   0x0001c881      0x9e9 CMakeFiles/stm32f4xx_tftlcd_update.elf.dir/src/Core/Src/main.c.obj
 .debug_macro   0x0001d26a      0x115 CMakeFiles/stm32f4xx_tftlcd_update.elf.dir/src/Core/Src/main.c.obj
 .debug_macro   0x0001d37f      0x13e CMakeFiles/stm32f4xx_tftlcd_update.elf.dir/src/Core/Src/main.c.obj
 .debug_macro   0x0001d4bd       0xa5 CMakeFiles/stm32f4xx_tftlcd_update.elf.dir/src/Core/Src/main.c.obj
 .debug_macro   0x0001d562      0x174 CMakeFiles/stm32f4xx_tftlcd_update.elf.dir/src/Core/Src/main.c.obj
 .debug_macro   0x0001d6d6      0x287 CMakeFiles/stm32f4xx_tftlcd_update.elf.dir/src/Core/Src/main.c.obj
 .debug_macro   0x0001d95d       0x5f CMakeFiles/stm32f4xx_tftlcd_update.elf.dir/src/Core/Src/main.c.obj
 .debug_macro   0x0001d9bc      0x236 CMakeFiles/stm32f4xx_tftlcd_update.elf.dir/src/Core/Src/main.c.obj
 .debug_macro   0x0001dbf2      0x12c CMakeFiles/stm32f4xx_tftlcd_update.elf.dir/src/Core/Src/main.c.obj
 .debug_macro   0x0001dd1e      0x21e CMakeFiles/stm32f4xx_tftlcd_update.elf.dir/src/Core/Src/main.c.obj
 .debug_macro   0x0001df3c       0x2e CMakeFiles/stm32f4xx_tftlcd_update.elf.dir/src/Core/Src/main.c.obj
 .debug_macro   0x0001df6a      0x516 CMakeFiles/stm32f4xx_tftlcd_update.elf.dir/src/Core/Src/main.c.obj
 .debug_macro   0x0001e480      0x127 CMakeFiles/stm32f4xx_tftlcd_update.elf.dir/src/Core/Src/main.c.obj
 .debug_macro   0x0001e5a7       0x7e CMakeFiles/stm32f4xx_tftlcd_update.elf.dir/src/Core/Src/main.c.obj
 .debug_macro   0x0001e625       0x89 CMakeFiles/stm32f4xx_tftlcd_update.elf.dir/src/Core/Src/main.c.obj
 .debug_macro   0x0001e6ae      0x12d CMakeFiles/stm32f4xx_tftlcd_update.elf.dir/src/Core/Src/main.c.obj
 .debug_macro   0x0001e7db       0x64 CMakeFiles/stm32f4xx_tftlcd_update.elf.dir/src/Core/Src/main.c.obj
 .debug_macro   0x0001e83f       0x1e CMakeFiles/stm32f4xx_tftlcd_update.elf.dir/src/Core/Src/main.c.obj
 .debug_macro   0x0001e85d       0x35 CMakeFiles/stm32f4xx_tftlcd_update.elf.dir/src/Core/Src/main.c.obj
 .debug_macro   0x0001e892       0x34 CMakeFiles/stm32f4xx_tftlcd_update.elf.dir/src/Core/Src/main.c.obj
 .debug_macro   0x0001e8c6       0x16 CMakeFiles/stm32f4xx_tftlcd_update.elf.dir/src/Core/Src/main.c.obj
 .debug_macro   0x0001e8dc       0x35 CMakeFiles/stm32f4xx_tftlcd_update.elf.dir/src/Core/Src/main.c.obj
 .debug_macro   0x0001e911      0x341 CMakeFiles/stm32f4xx_tftlcd_update.elf.dir/src/Core/Src/main.c.obj
 .debug_macro   0x0001ec52       0x10 CMakeFiles/stm32f4xx_tftlcd_update.elf.dir/src/Core/Src/main.c.obj
 .debug_macro   0x0001ec62       0x16 CMakeFiles/stm32f4xx_tftlcd_update.elf.dir/src/Core/Src/main.c.obj
 .debug_macro   0x0001ec78       0x43 CMakeFiles/stm32f4xx_tftlcd_update.elf.dir/src/Core/Src/main.c.obj
 .debug_macro   0x0001ecbb       0x34 CMakeFiles/stm32f4xx_tftlcd_update.elf.dir/src/Core/Src/main.c.obj
 .debug_macro   0x0001ecef       0x10 CMakeFiles/stm32f4xx_tftlcd_update.elf.dir/src/Core/Src/main.c.obj
 .debug_macro   0x0001ecff       0x58 CMakeFiles/stm32f4xx_tftlcd_update.elf.dir/src/Core/Src/main.c.obj
 .debug_macro   0x0001ed57      0x182 CMakeFiles/stm32f4xx_tftlcd_update.elf.dir/src/Core/Src/main.c.obj
 .debug_macro   0x0001eed9       0x10 CMakeFiles/stm32f4xx_tftlcd_update.elf.dir/src/Core/Src/main.c.obj
 .debug_macro   0x0001eee9       0x1c CMakeFiles/stm32f4xx_tftlcd_update.elf.dir/src/Core/Src/main.c.obj
 .debug_macro   0x0001ef05       0x52 CMakeFiles/stm32f4xx_tftlcd_update.elf.dir/src/Core/Src/main.c.obj
 .debug_macro   0x0001ef57       0x22 CMakeFiles/stm32f4xx_tftlcd_update.elf.dir/src/Core/Src/main.c.obj
 .debug_macro   0x0001ef79       0x10 CMakeFiles/stm32f4xx_tftlcd_update.elf.dir/src/Core/Src/main.c.obj
 .debug_macro   0x0001ef89       0x52 CMakeFiles/stm32f4xx_tftlcd_update.elf.dir/src/Core/Src/main.c.obj
 .debug_macro   0x0001efdb       0xd5 CMakeFiles/stm32f4xx_tftlcd_update.elf.dir/src/Core/Src/main.c.obj
 .debug_macro   0x0001f0b0       0x1c CMakeFiles/stm32f4xx_tftlcd_update.elf.dir/src/Core/Src/main.c.obj
 .debug_macro   0x0001f0cc       0x3d CMakeFiles/stm32f4xx_tftlcd_update.elf.dir/src/Core/Src/main.c.obj
 .debug_macro   0x0001f109       0x16 CMakeFiles/stm32f4xx_tftlcd_update.elf.dir/src/Core/Src/main.c.obj
 .debug_macro   0x0001f11f      0x16f CMakeFiles/stm32f4xx_tftlcd_update.elf.dir/src/Core/Src/main.c.obj
 .debug_macro   0x0001f28e       0x16 CMakeFiles/stm32f4xx_tftlcd_update.elf.dir/src/Core/Src/main.c.obj
 .debug_macro   0x0001f2a4       0x10 CMakeFiles/stm32f4xx_tftlcd_update.elf.dir/src/Core/Src/main.c.obj
 .debug_macro   0x0001f2b4       0x3a CMakeFiles/stm32f4xx_tftlcd_update.elf.dir/src/Core/Src/main.c.obj
 .debug_macro   0x0001f2ee       0x3a CMakeFiles/stm32f4xx_tftlcd_update.elf.dir/src/Core/Src/main.c.obj
 .debug_macro   0x0001f328       0x10 CMakeFiles/stm32f4xx_tftlcd_update.elf.dir/src/Core/Src/main.c.obj
 .debug_macro   0x0001f338      0x1d0 CMakeFiles/stm32f4xx_tftlcd_update.elf.dir/src/Core/Src/stm32f4xx_hal_msp.c.obj
 .debug_macro   0x0001f508      0x1da CMakeFiles/stm32f4xx_tftlcd_update.elf.dir/src/Core/Src/stm32f4xx_it.c.obj
 .debug_macro   0x0001f6e2       0xda CMakeFiles/stm32f4xx_tftlcd_update.elf.dir/src/Core/Src/system_stm32f4xx.c.obj
 .debug_macro   0x0001f7bc      0x37f CMakeFiles/stm32f4xx_tftlcd_update.elf.dir/src/Core/bsp/Src/bsp_led.c.obj
 .debug_macro   0x0001fb3b      0x37f CMakeFiles/stm32f4xx_tftlcd_update.elf.dir/src/Core/bsp/Src/bsp_tft_lcd.c.obj
 .debug_macro   0x0001feba      0x37f CMakeFiles/stm32f4xx_tftlcd_update.elf.dir/src/Core/bsp/Src/bsp_timer.c.obj
 .debug_macro   0x00020239      0x37f CMakeFiles/stm32f4xx_tftlcd_update.elf.dir/src/Core/bsp/bsp.c.obj
 .debug_macro   0x000205b8      0x226 CMakeFiles/stm32f4xx_tftlcd_update.elf.dir/src/Drivers/STM32F4xx_HAL_Driver/Src/stm32f4xx_hal.c.obj
 .debug_macro   0x000207de      0x1c6 CMakeFiles/stm32f4xx_tftlcd_update.elf.dir/src/Drivers/STM32F4xx_HAL_Driver/Src/stm32f4xx_hal_cortex.c.obj
 .debug_macro   0x000209a4      0x1cc CMakeFiles/stm32f4xx_tftlcd_update.elf.dir/src/Drivers/STM32F4xx_HAL_Driver/Src/stm32f4xx_hal_gpio.c.obj
 .debug_macro   0x00020b70      0x1ea CMakeFiles/stm32f4xx_tftlcd_update.elf.dir/src/Drivers/STM32F4xx_HAL_Driver/Src/stm32f4xx_hal_rcc.c.obj
 .debug_macro   0x00020d5a      0x1c6 CMakeFiles/stm32f4xx_tftlcd_update.elf.dir/src/Drivers/STM32F4xx_HAL_Driver/Src/stm32f4xx_hal_sram.c.obj
 .debug_macro   0x00020f20      0x200 CMakeFiles/stm32f4xx_tftlcd_update.elf.dir/src/Drivers/STM32F4xx_HAL_Driver/Src/stm32f4xx_ll_fsmc.c.obj

.debug_line     0x00000000     0x7a18
 .debug_line    0x00000000      0x84a CMakeFiles/stm32f4xx_tftlcd_update.elf.dir/src/Core/Src/main.c.obj
 .debug_line    0x0000084a      0x5cd CMakeFiles/stm32f4xx_tftlcd_update.elf.dir/src/Core/Src/stm32f4xx_hal_msp.c.obj
 .debug_line    0x00000e17      0x691 CMakeFiles/stm32f4xx_tftlcd_update.elf.dir/src/Core/Src/stm32f4xx_it.c.obj
 .debug_line    0x000014a8      0x3a1 CMakeFiles/stm32f4xx_tftlcd_update.elf.dir/src/Core/Src/system_stm32f4xx.c.obj
 .debug_line    0x00001849      0x873 CMakeFiles/stm32f4xx_tftlcd_update.elf.dir/src/Core/bsp/Src/bsp_led.c.obj
 .debug_line    0x000020bc      0x896 CMakeFiles/stm32f4xx_tftlcd_update.elf.dir/src/Core/bsp/Src/bsp_tft_lcd.c.obj
 .debug_line    0x00002952      0x908 CMakeFiles/stm32f4xx_tftlcd_update.elf.dir/src/Core/bsp/Src/bsp_timer.c.obj
 .debug_line    0x0000325a      0x785 CMakeFiles/stm32f4xx_tftlcd_update.elf.dir/src/Core/bsp/bsp.c.obj
 .debug_line    0x000039df      0x8b5 CMakeFiles/stm32f4xx_tftlcd_update.elf.dir/src/Drivers/STM32F4xx_HAL_Driver/Src/stm32f4xx_hal.c.obj
 .debug_line    0x00004294      0xbaf CMakeFiles/stm32f4xx_tftlcd_update.elf.dir/src/Drivers/STM32F4xx_HAL_Driver/Src/stm32f4xx_hal_cortex.c.obj
 .debug_line    0x00004e43      0xa29 CMakeFiles/stm32f4xx_tftlcd_update.elf.dir/src/Drivers/STM32F4xx_HAL_Driver/Src/stm32f4xx_hal_gpio.c.obj
 .debug_line    0x0000586c      0xc47 CMakeFiles/stm32f4xx_tftlcd_update.elf.dir/src/Drivers/STM32F4xx_HAL_Driver/Src/stm32f4xx_hal_rcc.c.obj
 .debug_line    0x000064b3      0xbde CMakeFiles/stm32f4xx_tftlcd_update.elf.dir/src/Drivers/STM32F4xx_HAL_Driver/Src/stm32f4xx_hal_sram.c.obj
 .debug_line    0x00007091      0x8d9 CMakeFiles/stm32f4xx_tftlcd_update.elf.dir/src/Drivers/STM32F4xx_HAL_Driver/Src/stm32f4xx_ll_fsmc.c.obj
 .debug_line    0x0000796a       0xae CMakeFiles/stm32f4xx_tftlcd_update.elf.dir/src/Core/Startup/startup_stm32f407igtx.s.obj

.debug_str      0x00000000    0xc3ab2
 .debug_str     0x00000000    0xc162b CMakeFiles/stm32f4xx_tftlcd_update.elf.dir/src/Core/Src/main.c.obj
                              0xc18ae (size before relaxing)
 .debug_str     0x000c162b       0x52 CMakeFiles/stm32f4xx_tftlcd_update.elf.dir/src/Core/Src/stm32f4xx_hal_msp.c.obj
                              0xbdceb (size before relaxing)
 .debug_str     0x000c167d       0xef CMakeFiles/stm32f4xx_tftlcd_update.elf.dir/src/Core/Src/stm32f4xx_it.c.obj
                              0xbdc71 (size before relaxing)
 .debug_str     0x000c176c      0x13f CMakeFiles/stm32f4xx_tftlcd_update.elf.dir/src/Core/Src/system_stm32f4xx.c.obj
                              0x88469 (size before relaxing)
 .debug_str     0x000c18ab       0xf3 CMakeFiles/stm32f4xx_tftlcd_update.elf.dir/src/Core/bsp/Src/bsp_led.c.obj
                              0xc1802 (size before relaxing)
 .debug_str     0x000c199e      0x459 CMakeFiles/stm32f4xx_tftlcd_update.elf.dir/src/Core/bsp/Src/bsp_tft_lcd.c.obj
                              0xc1cd1 (size before relaxing)
 .debug_str     0x000c1df7      0x60a CMakeFiles/stm32f4xx_tftlcd_update.elf.dir/src/Core/bsp/Src/bsp_timer.c.obj
                              0xc1d14 (size before relaxing)
 .debug_str     0x000c2401       0x41 CMakeFiles/stm32f4xx_tftlcd_update.elf.dir/src/Core/bsp/bsp.c.obj
                              0xc1619 (size before relaxing)
 .debug_str     0x000c2442      0x61c CMakeFiles/stm32f4xx_tftlcd_update.elf.dir/src/Drivers/STM32F4xx_HAL_Driver/Src/stm32f4xx_hal.c.obj
                              0xbe8d0 (size before relaxing)
 .debug_str     0x000c2a5e      0x3ad CMakeFiles/stm32f4xx_tftlcd_update.elf.dir/src/Drivers/STM32F4xx_HAL_Driver/Src/stm32f4xx_hal_cortex.c.obj
                              0xbe69b (size before relaxing)
 .debug_str     0x000c2e0b      0x185 CMakeFiles/stm32f4xx_tftlcd_update.elf.dir/src/Drivers/STM32F4xx_HAL_Driver/Src/stm32f4xx_hal_gpio.c.obj
                              0xbdf16 (size before relaxing)
 .debug_str     0x000c2f90      0x27f CMakeFiles/stm32f4xx_tftlcd_update.elf.dir/src/Drivers/STM32F4xx_HAL_Driver/Src/stm32f4xx_hal_rcc.c.obj
                              0xbe1a8 (size before relaxing)
 .debug_str     0x000c320f      0x258 CMakeFiles/stm32f4xx_tftlcd_update.elf.dir/src/Drivers/STM32F4xx_HAL_Driver/Src/stm32f4xx_hal_sram.c.obj
                              0xbe2e0 (size before relaxing)
 .debug_str     0x000c3467      0x5ef CMakeFiles/stm32f4xx_tftlcd_update.elf.dir/src/Drivers/STM32F4xx_HAL_Driver/Src/stm32f4xx_ll_fsmc.c.obj
                              0xbe5fa (size before relaxing)
 .debug_str     0x000c3a56       0x5c CMakeFiles/stm32f4xx_tftlcd_update.elf.dir/src/Core/Startup/startup_stm32f407igtx.s.obj
                                 0x87 (size before relaxing)

.comment        0x00000000       0x49
 .comment       0x00000000       0x49 CMakeFiles/stm32f4xx_tftlcd_update.elf.dir/src/Core/Src/main.c.obj
                                 0x4a (size before relaxing)
 .comment       0x00000049       0x4a CMakeFiles/stm32f4xx_tftlcd_update.elf.dir/src/Core/Src/stm32f4xx_hal_msp.c.obj
 .comment       0x00000049       0x4a CMakeFiles/stm32f4xx_tftlcd_update.elf.dir/src/Core/Src/stm32f4xx_it.c.obj
 .comment       0x00000049       0x4a CMakeFiles/stm32f4xx_tftlcd_update.elf.dir/src/Core/Src/system_stm32f4xx.c.obj
 .comment       0x00000049       0x4a CMakeFiles/stm32f4xx_tftlcd_update.elf.dir/src/Core/bsp/Src/bsp_led.c.obj
 .comment       0x00000049       0x4a CMakeFiles/stm32f4xx_tftlcd_update.elf.dir/src/Core/bsp/Src/bsp_tft_lcd.c.obj
 .comment       0x00000049       0x4a CMakeFiles/stm32f4xx_tftlcd_update.elf.dir/src/Core/bsp/Src/bsp_timer.c.obj
 .comment       0x00000049       0x4a CMakeFiles/stm32f4xx_tftlcd_update.elf.dir/src/Core/bsp/bsp.c.obj
 .comment       0x00000049       0x4a CMakeFiles/stm32f4xx_tftlcd_update.elf.dir/src/Drivers/STM32F4xx_HAL_Driver/Src/stm32f4xx_hal.c.obj
 .comment       0x00000049       0x4a CMakeFiles/stm32f4xx_tftlcd_update.elf.dir/src/Drivers/STM32F4xx_HAL_Driver/Src/stm32f4xx_hal_cortex.c.obj
 .comment       0x00000049       0x4a CMakeFiles/stm32f4xx_tftlcd_update.elf.dir/src/Drivers/STM32F4xx_HAL_Driver/Src/stm32f4xx_hal_gpio.c.obj
 .comment       0x00000049       0x4a CMakeFiles/stm32f4xx_tftlcd_update.elf.dir/src/Drivers/STM32F4xx_HAL_Driver/Src/stm32f4xx_hal_rcc.c.obj
 .comment       0x00000049       0x4a CMakeFiles/stm32f4xx_tftlcd_update.elf.dir/src/Drivers/STM32F4xx_HAL_Driver/Src/stm32f4xx_hal_sram.c.obj
 .comment       0x00000049       0x4a CMakeFiles/stm32f4xx_tftlcd_update.elf.dir/src/Drivers/STM32F4xx_HAL_Driver/Src/stm32f4xx_ll_fsmc.c.obj

Cross Reference Table

Symbol                                            File
ADC_IRQHandler                                    CMakeFiles/stm32f4xx_tftlcd_update.elf.dir/src/Core/Startup/startup_stm32f407igtx.s.obj
AHBPrescTable                                     CMakeFiles/stm32f4xx_tftlcd_update.elf.dir/src/Core/Src/system_stm32f4xx.c.obj
                                                  CMakeFiles/stm32f4xx_tftlcd_update.elf.dir/src/Drivers/STM32F4xx_HAL_Driver/Src/stm32f4xx_hal_rcc.c.obj
APBPrescTable                                     CMakeFiles/stm32f4xx_tftlcd_update.elf.dir/src/Core/Src/system_stm32f4xx.c.obj
                                                  CMakeFiles/stm32f4xx_tftlcd_update.elf.dir/src/Drivers/STM32F4xx_HAL_Driver/Src/stm32f4xx_hal_rcc.c.obj
BusFault_Handler                                  CMakeFiles/stm32f4xx_tftlcd_update.elf.dir/src/Core/Src/stm32f4xx_it.c.obj
CAN1_RX0_IRQHandler                               CMakeFiles/stm32f4xx_tftlcd_update.elf.dir/src/Core/Startup/startup_stm32f407igtx.s.obj
CAN1_RX1_IRQHandler                               CMakeFiles/stm32f4xx_tftlcd_update.elf.dir/src/Core/Startup/startup_stm32f407igtx.s.obj
CAN1_SCE_IRQHandler                               CMakeFiles/stm32f4xx_tftlcd_update.elf.dir/src/Core/Startup/startup_stm32f407igtx.s.obj
CAN1_TX_IRQHandler                                CMakeFiles/stm32f4xx_tftlcd_update.elf.dir/src/Core/Startup/startup_stm32f407igtx.s.obj
CAN2_RX0_IRQHandler                               CMakeFiles/stm32f4xx_tftlcd_update.elf.dir/src/Core/Startup/startup_stm32f407igtx.s.obj
CAN2_RX1_IRQHandler                               CMakeFiles/stm32f4xx_tftlcd_update.elf.dir/src/Core/Startup/startup_stm32f407igtx.s.obj
CAN2_SCE_IRQHandler                               CMakeFiles/stm32f4xx_tftlcd_update.elf.dir/src/Core/Startup/startup_stm32f407igtx.s.obj
CAN2_TX_IRQHandler                                CMakeFiles/stm32f4xx_tftlcd_update.elf.dir/src/Core/Startup/startup_stm32f407igtx.s.obj
DCMI_IRQHandler                                   CMakeFiles/stm32f4xx_tftlcd_update.elf.dir/src/Core/Startup/startup_stm32f407igtx.s.obj
DMA1_Stream0_IRQHandler                           CMakeFiles/stm32f4xx_tftlcd_update.elf.dir/src/Core/Startup/startup_stm32f407igtx.s.obj
DMA1_Stream1_IRQHandler                           CMakeFiles/stm32f4xx_tftlcd_update.elf.dir/src/Core/Startup/startup_stm32f407igtx.s.obj
DMA1_Stream2_IRQHandler                           CMakeFiles/stm32f4xx_tftlcd_update.elf.dir/src/Core/Startup/startup_stm32f407igtx.s.obj
DMA1_Stream3_IRQHandler                           CMakeFiles/stm32f4xx_tftlcd_update.elf.dir/src/Core/Startup/startup_stm32f407igtx.s.obj
DMA1_Stream4_IRQHandler                           CMakeFiles/stm32f4xx_tftlcd_update.elf.dir/src/Core/Startup/startup_stm32f407igtx.s.obj
DMA1_Stream5_IRQHandler                           CMakeFiles/stm32f4xx_tftlcd_update.elf.dir/src/Core/Startup/startup_stm32f407igtx.s.obj
DMA1_Stream6_IRQHandler                           CMakeFiles/stm32f4xx_tftlcd_update.elf.dir/src/Core/Startup/startup_stm32f407igtx.s.obj
DMA1_Stream7_IRQHandler                           CMakeFiles/stm32f4xx_tftlcd_update.elf.dir/src/Core/Startup/startup_stm32f407igtx.s.obj
DMA2_Stream0_IRQHandler                           CMakeFiles/stm32f4xx_tftlcd_update.elf.dir/src/Core/Startup/startup_stm32f407igtx.s.obj
DMA2_Stream1_IRQHandler                           CMakeFiles/stm32f4xx_tftlcd_update.elf.dir/src/Core/Startup/startup_stm32f407igtx.s.obj
DMA2_Stream2_IRQHandler                           CMakeFiles/stm32f4xx_tftlcd_update.elf.dir/src/Core/Startup/startup_stm32f407igtx.s.obj
DMA2_Stream3_IRQHandler                           CMakeFiles/stm32f4xx_tftlcd_update.elf.dir/src/Core/Startup/startup_stm32f407igtx.s.obj
DMA2_Stream4_IRQHandler                           CMakeFiles/stm32f4xx_tftlcd_update.elf.dir/src/Core/Startup/startup_stm32f407igtx.s.obj
DMA2_Stream5_IRQHandler                           CMakeFiles/stm32f4xx_tftlcd_update.elf.dir/src/Core/Startup/startup_stm32f407igtx.s.obj
DMA2_Stream6_IRQHandler                           CMakeFiles/stm32f4xx_tftlcd_update.elf.dir/src/Core/Startup/startup_stm32f407igtx.s.obj
DMA2_Stream7_IRQHandler                           CMakeFiles/stm32f4xx_tftlcd_update.elf.dir/src/Core/Startup/startup_stm32f407igtx.s.obj
DebugMon_Handler                                  CMakeFiles/stm32f4xx_tftlcd_update.elf.dir/src/Core/Src/stm32f4xx_it.c.obj
Default_Handler                                   CMakeFiles/stm32f4xx_tftlcd_update.elf.dir/src/Core/Startup/startup_stm32f407igtx.s.obj
ETH_IRQHandler                                    CMakeFiles/stm32f4xx_tftlcd_update.elf.dir/src/Core/Startup/startup_stm32f407igtx.s.obj
ETH_WKUP_IRQHandler                               CMakeFiles/stm32f4xx_tftlcd_update.elf.dir/src/Core/Startup/startup_stm32f407igtx.s.obj
EXTI0_IRQHandler                                  CMakeFiles/stm32f4xx_tftlcd_update.elf.dir/src/Core/Startup/startup_stm32f407igtx.s.obj
EXTI15_10_IRQHandler                              CMakeFiles/stm32f4xx_tftlcd_update.elf.dir/src/Core/Startup/startup_stm32f407igtx.s.obj
EXTI1_IRQHandler                                  CMakeFiles/stm32f4xx_tftlcd_update.elf.dir/src/Core/Startup/startup_stm32f407igtx.s.obj
EXTI2_IRQHandler                                  CMakeFiles/stm32f4xx_tftlcd_update.elf.dir/src/Core/Startup/startup_stm32f407igtx.s.obj
EXTI3_IRQHandler                                  CMakeFiles/stm32f4xx_tftlcd_update.elf.dir/src/Core/Startup/startup_stm32f407igtx.s.obj
EXTI4_IRQHandler                                  CMakeFiles/stm32f4xx_tftlcd_update.elf.dir/src/Core/Startup/startup_stm32f407igtx.s.obj
EXTI9_5_IRQHandler                                CMakeFiles/stm32f4xx_tftlcd_update.elf.dir/src/Core/Startup/startup_stm32f407igtx.s.obj
Error_Handler                                     CMakeFiles/stm32f4xx_tftlcd_update.elf.dir/src/Core/Src/main.c.obj
                                                  CMakeFiles/stm32f4xx_tftlcd_update.elf.dir/src/Core/bsp/Src/bsp_tft_lcd.c.obj
FLASH_Erase_Sector                                CMakeFiles/stm32f4xx_tftlcd_update.elf.dir/src/Drivers/STM32F4xx_HAL_Driver/Src/stm32f4xx_hal_flash_ex.c.obj
                                                  CMakeFiles/stm32f4xx_tftlcd_update.elf.dir/src/Drivers/STM32F4xx_HAL_Driver/Src/stm32f4xx_hal_flash.c.obj
FLASH_FlushCaches                                 CMakeFiles/stm32f4xx_tftlcd_update.elf.dir/src/Drivers/STM32F4xx_HAL_Driver/Src/stm32f4xx_hal_flash_ex.c.obj
                                                  CMakeFiles/stm32f4xx_tftlcd_update.elf.dir/src/Drivers/STM32F4xx_HAL_Driver/Src/stm32f4xx_hal_flash.c.obj
FLASH_IRQHandler                                  CMakeFiles/stm32f4xx_tftlcd_update.elf.dir/src/Core/Startup/startup_stm32f407igtx.s.obj
FLASH_WaitForLastOperation                        CMakeFiles/stm32f4xx_tftlcd_update.elf.dir/src/Drivers/STM32F4xx_HAL_Driver/Src/stm32f4xx_hal_flash.c.obj
                                                  CMakeFiles/stm32f4xx_tftlcd_update.elf.dir/src/Drivers/STM32F4xx_HAL_Driver/Src/stm32f4xx_hal_flash_ex.c.obj
FPU_IRQHandler                                    CMakeFiles/stm32f4xx_tftlcd_update.elf.dir/src/Core/Startup/startup_stm32f407igtx.s.obj
FSMC_IRQHandler                                   CMakeFiles/stm32f4xx_tftlcd_update.elf.dir/src/Core/Startup/startup_stm32f407igtx.s.obj
FSMC_NAND_AttributeSpace_Timing_Init              CMakeFiles/stm32f4xx_tftlcd_update.elf.dir/src/Drivers/STM32F4xx_HAL_Driver/Src/stm32f4xx_ll_fsmc.c.obj
FSMC_NAND_CommonSpace_Timing_Init                 CMakeFiles/stm32f4xx_tftlcd_update.elf.dir/src/Drivers/STM32F4xx_HAL_Driver/Src/stm32f4xx_ll_fsmc.c.obj
FSMC_NAND_DeInit                                  CMakeFiles/stm32f4xx_tftlcd_update.elf.dir/src/Drivers/STM32F4xx_HAL_Driver/Src/stm32f4xx_ll_fsmc.c.obj
FSMC_NAND_ECC_Disable                             CMakeFiles/stm32f4xx_tftlcd_update.elf.dir/src/Drivers/STM32F4xx_HAL_Driver/Src/stm32f4xx_ll_fsmc.c.obj
FSMC_NAND_ECC_Enable                              CMakeFiles/stm32f4xx_tftlcd_update.elf.dir/src/Drivers/STM32F4xx_HAL_Driver/Src/stm32f4xx_ll_fsmc.c.obj
FSMC_NAND_GetECC                                  CMakeFiles/stm32f4xx_tftlcd_update.elf.dir/src/Drivers/STM32F4xx_HAL_Driver/Src/stm32f4xx_ll_fsmc.c.obj
FSMC_NAND_Init                                    CMakeFiles/stm32f4xx_tftlcd_update.elf.dir/src/Drivers/STM32F4xx_HAL_Driver/Src/stm32f4xx_ll_fsmc.c.obj
FSMC_NORSRAM_DeInit                               CMakeFiles/stm32f4xx_tftlcd_update.elf.dir/src/Drivers/STM32F4xx_HAL_Driver/Src/stm32f4xx_ll_fsmc.c.obj
                                                  CMakeFiles/stm32f4xx_tftlcd_update.elf.dir/src/Drivers/STM32F4xx_HAL_Driver/Src/stm32f4xx_hal_sram.c.obj
FSMC_NORSRAM_Extended_Timing_Init                 CMakeFiles/stm32f4xx_tftlcd_update.elf.dir/src/Drivers/STM32F4xx_HAL_Driver/Src/stm32f4xx_ll_fsmc.c.obj
                                                  CMakeFiles/stm32f4xx_tftlcd_update.elf.dir/src/Drivers/STM32F4xx_HAL_Driver/Src/stm32f4xx_hal_sram.c.obj
FSMC_NORSRAM_Init                                 CMakeFiles/stm32f4xx_tftlcd_update.elf.dir/src/Drivers/STM32F4xx_HAL_Driver/Src/stm32f4xx_ll_fsmc.c.obj
                                                  CMakeFiles/stm32f4xx_tftlcd_update.elf.dir/src/Drivers/STM32F4xx_HAL_Driver/Src/stm32f4xx_hal_sram.c.obj
FSMC_NORSRAM_Timing_Init                          CMakeFiles/stm32f4xx_tftlcd_update.elf.dir/src/Drivers/STM32F4xx_HAL_Driver/Src/stm32f4xx_ll_fsmc.c.obj
                                                  CMakeFiles/stm32f4xx_tftlcd_update.elf.dir/src/Drivers/STM32F4xx_HAL_Driver/Src/stm32f4xx_hal_sram.c.obj
FSMC_NORSRAM_WriteOperation_Disable               CMakeFiles/stm32f4xx_tftlcd_update.elf.dir/src/Drivers/STM32F4xx_HAL_Driver/Src/stm32f4xx_ll_fsmc.c.obj
                                                  CMakeFiles/stm32f4xx_tftlcd_update.elf.dir/src/Drivers/STM32F4xx_HAL_Driver/Src/stm32f4xx_hal_sram.c.obj
FSMC_NORSRAM_WriteOperation_Enable                CMakeFiles/stm32f4xx_tftlcd_update.elf.dir/src/Drivers/STM32F4xx_HAL_Driver/Src/stm32f4xx_ll_fsmc.c.obj
                                                  CMakeFiles/stm32f4xx_tftlcd_update.elf.dir/src/Drivers/STM32F4xx_HAL_Driver/Src/stm32f4xx_hal_sram.c.obj
FSMC_PCCARD_AttributeSpace_Timing_Init            CMakeFiles/stm32f4xx_tftlcd_update.elf.dir/src/Drivers/STM32F4xx_HAL_Driver/Src/stm32f4xx_ll_fsmc.c.obj
FSMC_PCCARD_CommonSpace_Timing_Init               CMakeFiles/stm32f4xx_tftlcd_update.elf.dir/src/Drivers/STM32F4xx_HAL_Driver/Src/stm32f4xx_ll_fsmc.c.obj
FSMC_PCCARD_DeInit                                CMakeFiles/stm32f4xx_tftlcd_update.elf.dir/src/Drivers/STM32F4xx_HAL_Driver/Src/stm32f4xx_ll_fsmc.c.obj
FSMC_PCCARD_IOSpace_Timing_Init                   CMakeFiles/stm32f4xx_tftlcd_update.elf.dir/src/Drivers/STM32F4xx_HAL_Driver/Src/stm32f4xx_ll_fsmc.c.obj
FSMC_PCCARD_Init                                  CMakeFiles/stm32f4xx_tftlcd_update.elf.dir/src/Drivers/STM32F4xx_HAL_Driver/Src/stm32f4xx_ll_fsmc.c.obj
HAL_CORTEX_ClearEvent                             CMakeFiles/stm32f4xx_tftlcd_update.elf.dir/src/Drivers/STM32F4xx_HAL_Driver/Src/stm32f4xx_hal_cortex.c.obj
HAL_DBGMCU_DisableDBGSleepMode                    CMakeFiles/stm32f4xx_tftlcd_update.elf.dir/src/Drivers/STM32F4xx_HAL_Driver/Src/stm32f4xx_hal.c.obj
HAL_DBGMCU_DisableDBGStandbyMode                  CMakeFiles/stm32f4xx_tftlcd_update.elf.dir/src/Drivers/STM32F4xx_HAL_Driver/Src/stm32f4xx_hal.c.obj
HAL_DBGMCU_DisableDBGStopMode                     CMakeFiles/stm32f4xx_tftlcd_update.elf.dir/src/Drivers/STM32F4xx_HAL_Driver/Src/stm32f4xx_hal.c.obj
HAL_DBGMCU_EnableDBGSleepMode                     CMakeFiles/stm32f4xx_tftlcd_update.elf.dir/src/Drivers/STM32F4xx_HAL_Driver/Src/stm32f4xx_hal.c.obj
HAL_DBGMCU_EnableDBGStandbyMode                   CMakeFiles/stm32f4xx_tftlcd_update.elf.dir/src/Drivers/STM32F4xx_HAL_Driver/Src/stm32f4xx_hal.c.obj
HAL_DBGMCU_EnableDBGStopMode                      CMakeFiles/stm32f4xx_tftlcd_update.elf.dir/src/Drivers/STM32F4xx_HAL_Driver/Src/stm32f4xx_hal.c.obj
HAL_DMAEx_ChangeMemory                            CMakeFiles/stm32f4xx_tftlcd_update.elf.dir/src/Drivers/STM32F4xx_HAL_Driver/Src/stm32f4xx_hal_dma_ex.c.obj
HAL_DMAEx_MultiBufferStart                        CMakeFiles/stm32f4xx_tftlcd_update.elf.dir/src/Drivers/STM32F4xx_HAL_Driver/Src/stm32f4xx_hal_dma_ex.c.obj
HAL_DMAEx_MultiBufferStart_IT                     CMakeFiles/stm32f4xx_tftlcd_update.elf.dir/src/Drivers/STM32F4xx_HAL_Driver/Src/stm32f4xx_hal_dma_ex.c.obj
HAL_DMA_Abort                                     CMakeFiles/stm32f4xx_tftlcd_update.elf.dir/src/Drivers/STM32F4xx_HAL_Driver/Src/stm32f4xx_hal_dma.c.obj
HAL_DMA_Abort_IT                                  CMakeFiles/stm32f4xx_tftlcd_update.elf.dir/src/Drivers/STM32F4xx_HAL_Driver/Src/stm32f4xx_hal_dma.c.obj
HAL_DMA_DeInit                                    CMakeFiles/stm32f4xx_tftlcd_update.elf.dir/src/Drivers/STM32F4xx_HAL_Driver/Src/stm32f4xx_hal_dma.c.obj
HAL_DMA_GetError                                  CMakeFiles/stm32f4xx_tftlcd_update.elf.dir/src/Drivers/STM32F4xx_HAL_Driver/Src/stm32f4xx_hal_dma.c.obj
HAL_DMA_GetState                                  CMakeFiles/stm32f4xx_tftlcd_update.elf.dir/src/Drivers/STM32F4xx_HAL_Driver/Src/stm32f4xx_hal_dma.c.obj
HAL_DMA_IRQHandler                                CMakeFiles/stm32f4xx_tftlcd_update.elf.dir/src/Drivers/STM32F4xx_HAL_Driver/Src/stm32f4xx_hal_dma.c.obj
HAL_DMA_Init                                      CMakeFiles/stm32f4xx_tftlcd_update.elf.dir/src/Drivers/STM32F4xx_HAL_Driver/Src/stm32f4xx_hal_dma.c.obj
HAL_DMA_PollForTransfer                           CMakeFiles/stm32f4xx_tftlcd_update.elf.dir/src/Drivers/STM32F4xx_HAL_Driver/Src/stm32f4xx_hal_dma.c.obj
HAL_DMA_RegisterCallback                          CMakeFiles/stm32f4xx_tftlcd_update.elf.dir/src/Drivers/STM32F4xx_HAL_Driver/Src/stm32f4xx_hal_dma.c.obj
HAL_DMA_Start                                     CMakeFiles/stm32f4xx_tftlcd_update.elf.dir/src/Drivers/STM32F4xx_HAL_Driver/Src/stm32f4xx_hal_dma.c.obj
HAL_DMA_Start_IT                                  CMakeFiles/stm32f4xx_tftlcd_update.elf.dir/src/Drivers/STM32F4xx_HAL_Driver/Src/stm32f4xx_hal_dma.c.obj
                                                  CMakeFiles/stm32f4xx_tftlcd_update.elf.dir/src/Drivers/STM32F4xx_HAL_Driver/Src/stm32f4xx_hal_sram.c.obj
HAL_DMA_UnRegisterCallback                        CMakeFiles/stm32f4xx_tftlcd_update.elf.dir/src/Drivers/STM32F4xx_HAL_Driver/Src/stm32f4xx_hal_dma.c.obj
HAL_DeInit                                        CMakeFiles/stm32f4xx_tftlcd_update.elf.dir/src/Drivers/STM32F4xx_HAL_Driver/Src/stm32f4xx_hal.c.obj
HAL_Delay                                         CMakeFiles/stm32f4xx_tftlcd_update.elf.dir/src/Drivers/STM32F4xx_HAL_Driver/Src/stm32f4xx_hal.c.obj
HAL_DisableCompensationCell                       CMakeFiles/stm32f4xx_tftlcd_update.elf.dir/src/Drivers/STM32F4xx_HAL_Driver/Src/stm32f4xx_hal.c.obj
HAL_EXTI_ClearConfigLine                          CMakeFiles/stm32f4xx_tftlcd_update.elf.dir/src/Drivers/STM32F4xx_HAL_Driver/Src/stm32f4xx_hal_exti.c.obj
HAL_EXTI_ClearPending                             CMakeFiles/stm32f4xx_tftlcd_update.elf.dir/src/Drivers/STM32F4xx_HAL_Driver/Src/stm32f4xx_hal_exti.c.obj
HAL_EXTI_GenerateSWI                              CMakeFiles/stm32f4xx_tftlcd_update.elf.dir/src/Drivers/STM32F4xx_HAL_Driver/Src/stm32f4xx_hal_exti.c.obj
HAL_EXTI_GetConfigLine                            CMakeFiles/stm32f4xx_tftlcd_update.elf.dir/src/Drivers/STM32F4xx_HAL_Driver/Src/stm32f4xx_hal_exti.c.obj
HAL_EXTI_GetHandle                                CMakeFiles/stm32f4xx_tftlcd_update.elf.dir/src/Drivers/STM32F4xx_HAL_Driver/Src/stm32f4xx_hal_exti.c.obj
HAL_EXTI_GetPending                               CMakeFiles/stm32f4xx_tftlcd_update.elf.dir/src/Drivers/STM32F4xx_HAL_Driver/Src/stm32f4xx_hal_exti.c.obj
HAL_EXTI_IRQHandler                               CMakeFiles/stm32f4xx_tftlcd_update.elf.dir/src/Drivers/STM32F4xx_HAL_Driver/Src/stm32f4xx_hal_exti.c.obj
HAL_EXTI_RegisterCallback                         CMakeFiles/stm32f4xx_tftlcd_update.elf.dir/src/Drivers/STM32F4xx_HAL_Driver/Src/stm32f4xx_hal_exti.c.obj
HAL_EXTI_SetConfigLine                            CMakeFiles/stm32f4xx_tftlcd_update.elf.dir/src/Drivers/STM32F4xx_HAL_Driver/Src/stm32f4xx_hal_exti.c.obj
HAL_EnableCompensationCell                        CMakeFiles/stm32f4xx_tftlcd_update.elf.dir/src/Drivers/STM32F4xx_HAL_Driver/Src/stm32f4xx_hal.c.obj
HAL_FLASHEx_Erase                                 CMakeFiles/stm32f4xx_tftlcd_update.elf.dir/src/Drivers/STM32F4xx_HAL_Driver/Src/stm32f4xx_hal_flash_ex.c.obj
HAL_FLASHEx_Erase_IT                              CMakeFiles/stm32f4xx_tftlcd_update.elf.dir/src/Drivers/STM32F4xx_HAL_Driver/Src/stm32f4xx_hal_flash_ex.c.obj
HAL_FLASHEx_OBGetConfig                           CMakeFiles/stm32f4xx_tftlcd_update.elf.dir/src/Drivers/STM32F4xx_HAL_Driver/Src/stm32f4xx_hal_flash_ex.c.obj
HAL_FLASHEx_OBProgram                             CMakeFiles/stm32f4xx_tftlcd_update.elf.dir/src/Drivers/STM32F4xx_HAL_Driver/Src/stm32f4xx_hal_flash_ex.c.obj
HAL_FLASH_EndOfOperationCallback                  CMakeFiles/stm32f4xx_tftlcd_update.elf.dir/src/Drivers/STM32F4xx_HAL_Driver/Src/stm32f4xx_hal_flash.c.obj
HAL_FLASH_GetError                                CMakeFiles/stm32f4xx_tftlcd_update.elf.dir/src/Drivers/STM32F4xx_HAL_Driver/Src/stm32f4xx_hal_flash.c.obj
HAL_FLASH_IRQHandler                              CMakeFiles/stm32f4xx_tftlcd_update.elf.dir/src/Drivers/STM32F4xx_HAL_Driver/Src/stm32f4xx_hal_flash.c.obj
HAL_FLASH_Lock                                    CMakeFiles/stm32f4xx_tftlcd_update.elf.dir/src/Drivers/STM32F4xx_HAL_Driver/Src/stm32f4xx_hal_flash.c.obj
HAL_FLASH_OB_Launch                               CMakeFiles/stm32f4xx_tftlcd_update.elf.dir/src/Drivers/STM32F4xx_HAL_Driver/Src/stm32f4xx_hal_flash.c.obj
HAL_FLASH_OB_Lock                                 CMakeFiles/stm32f4xx_tftlcd_update.elf.dir/src/Drivers/STM32F4xx_HAL_Driver/Src/stm32f4xx_hal_flash.c.obj
HAL_FLASH_OB_Unlock                               CMakeFiles/stm32f4xx_tftlcd_update.elf.dir/src/Drivers/STM32F4xx_HAL_Driver/Src/stm32f4xx_hal_flash.c.obj
HAL_FLASH_OperationErrorCallback                  CMakeFiles/stm32f4xx_tftlcd_update.elf.dir/src/Drivers/STM32F4xx_HAL_Driver/Src/stm32f4xx_hal_flash.c.obj
HAL_FLASH_Program                                 CMakeFiles/stm32f4xx_tftlcd_update.elf.dir/src/Drivers/STM32F4xx_HAL_Driver/Src/stm32f4xx_hal_flash.c.obj
HAL_FLASH_Program_IT                              CMakeFiles/stm32f4xx_tftlcd_update.elf.dir/src/Drivers/STM32F4xx_HAL_Driver/Src/stm32f4xx_hal_flash.c.obj
HAL_FLASH_Unlock                                  CMakeFiles/stm32f4xx_tftlcd_update.elf.dir/src/Drivers/STM32F4xx_HAL_Driver/Src/stm32f4xx_hal_flash.c.obj
HAL_GPIO_DeInit                                   CMakeFiles/stm32f4xx_tftlcd_update.elf.dir/src/Drivers/STM32F4xx_HAL_Driver/Src/stm32f4xx_hal_gpio.c.obj
HAL_GPIO_EXTI_Callback                            CMakeFiles/stm32f4xx_tftlcd_update.elf.dir/src/Drivers/STM32F4xx_HAL_Driver/Src/stm32f4xx_hal_gpio.c.obj
HAL_GPIO_EXTI_IRQHandler                          CMakeFiles/stm32f4xx_tftlcd_update.elf.dir/src/Drivers/STM32F4xx_HAL_Driver/Src/stm32f4xx_hal_gpio.c.obj
HAL_GPIO_Init                                     CMakeFiles/stm32f4xx_tftlcd_update.elf.dir/src/Drivers/STM32F4xx_HAL_Driver/Src/stm32f4xx_hal_gpio.c.obj
                                                  CMakeFiles/stm32f4xx_tftlcd_update.elf.dir/src/Drivers/STM32F4xx_HAL_Driver/Src/stm32f4xx_hal_rcc.c.obj
                                                  CMakeFiles/stm32f4xx_tftlcd_update.elf.dir/src/Core/bsp/Src/bsp_tft_lcd.c.obj
                                                  CMakeFiles/stm32f4xx_tftlcd_update.elf.dir/src/Core/bsp/Src/bsp_led.c.obj
HAL_GPIO_LockPin                                  CMakeFiles/stm32f4xx_tftlcd_update.elf.dir/src/Drivers/STM32F4xx_HAL_Driver/Src/stm32f4xx_hal_gpio.c.obj
HAL_GPIO_ReadPin                                  CMakeFiles/stm32f4xx_tftlcd_update.elf.dir/src/Drivers/STM32F4xx_HAL_Driver/Src/stm32f4xx_hal_gpio.c.obj
HAL_GPIO_TogglePin                                CMakeFiles/stm32f4xx_tftlcd_update.elf.dir/src/Drivers/STM32F4xx_HAL_Driver/Src/stm32f4xx_hal_gpio.c.obj
HAL_GPIO_WritePin                                 CMakeFiles/stm32f4xx_tftlcd_update.elf.dir/src/Drivers/STM32F4xx_HAL_Driver/Src/stm32f4xx_hal_gpio.c.obj
                                                  CMakeFiles/stm32f4xx_tftlcd_update.elf.dir/src/Core/bsp/Src/bsp_tft_lcd.c.obj
                                                  CMakeFiles/stm32f4xx_tftlcd_update.elf.dir/src/Core/bsp/Src/bsp_led.c.obj
HAL_GetDEVID                                      CMakeFiles/stm32f4xx_tftlcd_update.elf.dir/src/Drivers/STM32F4xx_HAL_Driver/Src/stm32f4xx_hal.c.obj
HAL_GetHalVersion                                 CMakeFiles/stm32f4xx_tftlcd_update.elf.dir/src/Drivers/STM32F4xx_HAL_Driver/Src/stm32f4xx_hal.c.obj
HAL_GetREVID                                      CMakeFiles/stm32f4xx_tftlcd_update.elf.dir/src/Drivers/STM32F4xx_HAL_Driver/Src/stm32f4xx_hal.c.obj
HAL_GetTick                                       CMakeFiles/stm32f4xx_tftlcd_update.elf.dir/src/Drivers/STM32F4xx_HAL_Driver/Src/stm32f4xx_hal.c.obj
                                                  CMakeFiles/stm32f4xx_tftlcd_update.elf.dir/src/Drivers/STM32F4xx_HAL_Driver/Src/stm32f4xx_ll_fsmc.c.obj
                                                  CMakeFiles/stm32f4xx_tftlcd_update.elf.dir/src/Drivers/STM32F4xx_HAL_Driver/Src/stm32f4xx_hal_rcc_ex.c.obj
                                                  CMakeFiles/stm32f4xx_tftlcd_update.elf.dir/src/Drivers/STM32F4xx_HAL_Driver/Src/stm32f4xx_hal_rcc.c.obj
                                                  CMakeFiles/stm32f4xx_tftlcd_update.elf.dir/src/Drivers/STM32F4xx_HAL_Driver/Src/stm32f4xx_hal_pwr_ex.c.obj
                                                  CMakeFiles/stm32f4xx_tftlcd_update.elf.dir/src/Drivers/STM32F4xx_HAL_Driver/Src/stm32f4xx_hal_flash.c.obj
                                                  CMakeFiles/stm32f4xx_tftlcd_update.elf.dir/src/Drivers/STM32F4xx_HAL_Driver/Src/stm32f4xx_hal_dma.c.obj
HAL_GetTickFreq                                   CMakeFiles/stm32f4xx_tftlcd_update.elf.dir/src/Drivers/STM32F4xx_HAL_Driver/Src/stm32f4xx_hal.c.obj
HAL_GetTickPrio                                   CMakeFiles/stm32f4xx_tftlcd_update.elf.dir/src/Drivers/STM32F4xx_HAL_Driver/Src/stm32f4xx_hal.c.obj
HAL_GetUIDw0                                      CMakeFiles/stm32f4xx_tftlcd_update.elf.dir/src/Drivers/STM32F4xx_HAL_Driver/Src/stm32f4xx_hal.c.obj
HAL_GetUIDw1                                      CMakeFiles/stm32f4xx_tftlcd_update.elf.dir/src/Drivers/STM32F4xx_HAL_Driver/Src/stm32f4xx_hal.c.obj
HAL_GetUIDw2                                      CMakeFiles/stm32f4xx_tftlcd_update.elf.dir/src/Drivers/STM32F4xx_HAL_Driver/Src/stm32f4xx_hal.c.obj
HAL_IncTick                                       CMakeFiles/stm32f4xx_tftlcd_update.elf.dir/src/Drivers/STM32F4xx_HAL_Driver/Src/stm32f4xx_hal.c.obj
                                                  CMakeFiles/stm32f4xx_tftlcd_update.elf.dir/src/Core/Src/stm32f4xx_it.c.obj
HAL_Init                                          CMakeFiles/stm32f4xx_tftlcd_update.elf.dir/src/Drivers/STM32F4xx_HAL_Driver/Src/stm32f4xx_hal.c.obj
                                                  CMakeFiles/stm32f4xx_tftlcd_update.elf.dir/src/Core/Src/main.c.obj
HAL_InitTick                                      CMakeFiles/stm32f4xx_tftlcd_update.elf.dir/src/Drivers/STM32F4xx_HAL_Driver/Src/stm32f4xx_hal.c.obj
                                                  CMakeFiles/stm32f4xx_tftlcd_update.elf.dir/src/Drivers/STM32F4xx_HAL_Driver/Src/stm32f4xx_hal_rcc_ex.c.obj
                                                  CMakeFiles/stm32f4xx_tftlcd_update.elf.dir/src/Drivers/STM32F4xx_HAL_Driver/Src/stm32f4xx_hal_rcc.c.obj
HAL_MPU_ConfigRegion                              CMakeFiles/stm32f4xx_tftlcd_update.elf.dir/src/Drivers/STM32F4xx_HAL_Driver/Src/stm32f4xx_hal_cortex.c.obj
HAL_MPU_Disable                                   CMakeFiles/stm32f4xx_tftlcd_update.elf.dir/src/Drivers/STM32F4xx_HAL_Driver/Src/stm32f4xx_hal_cortex.c.obj
HAL_MPU_DisableRegion                             CMakeFiles/stm32f4xx_tftlcd_update.elf.dir/src/Drivers/STM32F4xx_HAL_Driver/Src/stm32f4xx_hal_cortex.c.obj
HAL_MPU_Enable                                    CMakeFiles/stm32f4xx_tftlcd_update.elf.dir/src/Drivers/STM32F4xx_HAL_Driver/Src/stm32f4xx_hal_cortex.c.obj
HAL_MPU_EnableRegion                              CMakeFiles/stm32f4xx_tftlcd_update.elf.dir/src/Drivers/STM32F4xx_HAL_Driver/Src/stm32f4xx_hal_cortex.c.obj
HAL_MspDeInit                                     CMakeFiles/stm32f4xx_tftlcd_update.elf.dir/src/Drivers/STM32F4xx_HAL_Driver/Src/stm32f4xx_hal.c.obj
HAL_MspInit                                       CMakeFiles/stm32f4xx_tftlcd_update.elf.dir/src/Core/Src/stm32f4xx_hal_msp.c.obj
HAL_NVIC_ClearPendingIRQ                          CMakeFiles/stm32f4xx_tftlcd_update.elf.dir/src/Drivers/STM32F4xx_HAL_Driver/Src/stm32f4xx_hal_cortex.c.obj
HAL_NVIC_DisableIRQ                               CMakeFiles/stm32f4xx_tftlcd_update.elf.dir/src/Drivers/STM32F4xx_HAL_Driver/Src/stm32f4xx_hal_cortex.c.obj
HAL_NVIC_EnableIRQ                                CMakeFiles/stm32f4xx_tftlcd_update.elf.dir/src/Drivers/STM32F4xx_HAL_Driver/Src/stm32f4xx_hal_cortex.c.obj
HAL_NVIC_GetActive                                CMakeFiles/stm32f4xx_tftlcd_update.elf.dir/src/Drivers/STM32F4xx_HAL_Driver/Src/stm32f4xx_hal_cortex.c.obj
HAL_NVIC_GetPendingIRQ                            CMakeFiles/stm32f4xx_tftlcd_update.elf.dir/src/Drivers/STM32F4xx_HAL_Driver/Src/stm32f4xx_hal_cortex.c.obj
HAL_NVIC_GetPriority                              CMakeFiles/stm32f4xx_tftlcd_update.elf.dir/src/Drivers/STM32F4xx_HAL_Driver/Src/stm32f4xx_hal_cortex.c.obj
HAL_NVIC_GetPriorityGrouping                      CMakeFiles/stm32f4xx_tftlcd_update.elf.dir/src/Drivers/STM32F4xx_HAL_Driver/Src/stm32f4xx_hal_cortex.c.obj
HAL_NVIC_SetPendingIRQ                            CMakeFiles/stm32f4xx_tftlcd_update.elf.dir/src/Drivers/STM32F4xx_HAL_Driver/Src/stm32f4xx_hal_cortex.c.obj
HAL_NVIC_SetPriority                              CMakeFiles/stm32f4xx_tftlcd_update.elf.dir/src/Drivers/STM32F4xx_HAL_Driver/Src/stm32f4xx_hal_cortex.c.obj
                                                  CMakeFiles/stm32f4xx_tftlcd_update.elf.dir/src/Drivers/STM32F4xx_HAL_Driver/Src/stm32f4xx_hal.c.obj
HAL_NVIC_SetPriorityGrouping                      CMakeFiles/stm32f4xx_tftlcd_update.elf.dir/src/Drivers/STM32F4xx_HAL_Driver/Src/stm32f4xx_hal_cortex.c.obj
                                                  CMakeFiles/stm32f4xx_tftlcd_update.elf.dir/src/Drivers/STM32F4xx_HAL_Driver/Src/stm32f4xx_hal.c.obj
HAL_NVIC_SystemReset                              CMakeFiles/stm32f4xx_tftlcd_update.elf.dir/src/Drivers/STM32F4xx_HAL_Driver/Src/stm32f4xx_hal_cortex.c.obj
HAL_PWREx_ControlVoltageScaling                   CMakeFiles/stm32f4xx_tftlcd_update.elf.dir/src/Drivers/STM32F4xx_HAL_Driver/Src/stm32f4xx_hal_pwr_ex.c.obj
HAL_PWREx_DisableBkUpReg                          CMakeFiles/stm32f4xx_tftlcd_update.elf.dir/src/Drivers/STM32F4xx_HAL_Driver/Src/stm32f4xx_hal_pwr_ex.c.obj
HAL_PWREx_DisableFlashPowerDown                   CMakeFiles/stm32f4xx_tftlcd_update.elf.dir/src/Drivers/STM32F4xx_HAL_Driver/Src/stm32f4xx_hal_pwr_ex.c.obj
HAL_PWREx_EnableBkUpReg                           CMakeFiles/stm32f4xx_tftlcd_update.elf.dir/src/Drivers/STM32F4xx_HAL_Driver/Src/stm32f4xx_hal_pwr_ex.c.obj
HAL_PWREx_EnableFlashPowerDown                    CMakeFiles/stm32f4xx_tftlcd_update.elf.dir/src/Drivers/STM32F4xx_HAL_Driver/Src/stm32f4xx_hal_pwr_ex.c.obj
HAL_PWREx_GetVoltageRange                         CMakeFiles/stm32f4xx_tftlcd_update.elf.dir/src/Drivers/STM32F4xx_HAL_Driver/Src/stm32f4xx_hal_pwr_ex.c.obj
HAL_PWR_ConfigPVD                                 CMakeFiles/stm32f4xx_tftlcd_update.elf.dir/src/Drivers/STM32F4xx_HAL_Driver/Src/stm32f4xx_hal_pwr.c.obj
HAL_PWR_DeInit                                    CMakeFiles/stm32f4xx_tftlcd_update.elf.dir/src/Drivers/STM32F4xx_HAL_Driver/Src/stm32f4xx_hal_pwr.c.obj
HAL_PWR_DisableBkUpAccess                         CMakeFiles/stm32f4xx_tftlcd_update.elf.dir/src/Drivers/STM32F4xx_HAL_Driver/Src/stm32f4xx_hal_pwr.c.obj
HAL_PWR_DisablePVD                                CMakeFiles/stm32f4xx_tftlcd_update.elf.dir/src/Drivers/STM32F4xx_HAL_Driver/Src/stm32f4xx_hal_pwr.c.obj
HAL_PWR_DisableSEVOnPend                          CMakeFiles/stm32f4xx_tftlcd_update.elf.dir/src/Drivers/STM32F4xx_HAL_Driver/Src/stm32f4xx_hal_pwr.c.obj
HAL_PWR_DisableSleepOnExit                        CMakeFiles/stm32f4xx_tftlcd_update.elf.dir/src/Drivers/STM32F4xx_HAL_Driver/Src/stm32f4xx_hal_pwr.c.obj
HAL_PWR_DisableWakeUpPin                          CMakeFiles/stm32f4xx_tftlcd_update.elf.dir/src/Drivers/STM32F4xx_HAL_Driver/Src/stm32f4xx_hal_pwr.c.obj
HAL_PWR_EnableBkUpAccess                          CMakeFiles/stm32f4xx_tftlcd_update.elf.dir/src/Drivers/STM32F4xx_HAL_Driver/Src/stm32f4xx_hal_pwr.c.obj
HAL_PWR_EnablePVD                                 CMakeFiles/stm32f4xx_tftlcd_update.elf.dir/src/Drivers/STM32F4xx_HAL_Driver/Src/stm32f4xx_hal_pwr.c.obj
HAL_PWR_EnableSEVOnPend                           CMakeFiles/stm32f4xx_tftlcd_update.elf.dir/src/Drivers/STM32F4xx_HAL_Driver/Src/stm32f4xx_hal_pwr.c.obj
HAL_PWR_EnableSleepOnExit                         CMakeFiles/stm32f4xx_tftlcd_update.elf.dir/src/Drivers/STM32F4xx_HAL_Driver/Src/stm32f4xx_hal_pwr.c.obj
HAL_PWR_EnableWakeUpPin                           CMakeFiles/stm32f4xx_tftlcd_update.elf.dir/src/Drivers/STM32F4xx_HAL_Driver/Src/stm32f4xx_hal_pwr.c.obj
HAL_PWR_EnterSLEEPMode                            CMakeFiles/stm32f4xx_tftlcd_update.elf.dir/src/Drivers/STM32F4xx_HAL_Driver/Src/stm32f4xx_hal_pwr.c.obj
HAL_PWR_EnterSTANDBYMode                          CMakeFiles/stm32f4xx_tftlcd_update.elf.dir/src/Drivers/STM32F4xx_HAL_Driver/Src/stm32f4xx_hal_pwr.c.obj
HAL_PWR_EnterSTOPMode                             CMakeFiles/stm32f4xx_tftlcd_update.elf.dir/src/Drivers/STM32F4xx_HAL_Driver/Src/stm32f4xx_hal_pwr.c.obj
HAL_PWR_PVDCallback                               CMakeFiles/stm32f4xx_tftlcd_update.elf.dir/src/Drivers/STM32F4xx_HAL_Driver/Src/stm32f4xx_hal_pwr.c.obj
HAL_PWR_PVD_IRQHandler                            CMakeFiles/stm32f4xx_tftlcd_update.elf.dir/src/Drivers/STM32F4xx_HAL_Driver/Src/stm32f4xx_hal_pwr.c.obj
HAL_RCCEx_DisablePLLI2S                           CMakeFiles/stm32f4xx_tftlcd_update.elf.dir/src/Drivers/STM32F4xx_HAL_Driver/Src/stm32f4xx_hal_rcc_ex.c.obj
HAL_RCCEx_EnablePLLI2S                            CMakeFiles/stm32f4xx_tftlcd_update.elf.dir/src/Drivers/STM32F4xx_HAL_Driver/Src/stm32f4xx_hal_rcc_ex.c.obj
HAL_RCCEx_GetPeriphCLKConfig                      CMakeFiles/stm32f4xx_tftlcd_update.elf.dir/src/Drivers/STM32F4xx_HAL_Driver/Src/stm32f4xx_hal_rcc_ex.c.obj
HAL_RCCEx_GetPeriphCLKFreq                        CMakeFiles/stm32f4xx_tftlcd_update.elf.dir/src/Drivers/STM32F4xx_HAL_Driver/Src/stm32f4xx_hal_rcc_ex.c.obj
HAL_RCCEx_PeriphCLKConfig                         CMakeFiles/stm32f4xx_tftlcd_update.elf.dir/src/Drivers/STM32F4xx_HAL_Driver/Src/stm32f4xx_hal_rcc_ex.c.obj
HAL_RCC_CSSCallback                               CMakeFiles/stm32f4xx_tftlcd_update.elf.dir/src/Drivers/STM32F4xx_HAL_Driver/Src/stm32f4xx_hal_rcc.c.obj
HAL_RCC_ClockConfig                               CMakeFiles/stm32f4xx_tftlcd_update.elf.dir/src/Drivers/STM32F4xx_HAL_Driver/Src/stm32f4xx_hal_rcc.c.obj
                                                  CMakeFiles/stm32f4xx_tftlcd_update.elf.dir/src/Core/Src/main.c.obj
HAL_RCC_DeInit                                    CMakeFiles/stm32f4xx_tftlcd_update.elf.dir/src/Drivers/STM32F4xx_HAL_Driver/Src/stm32f4xx_hal_rcc_ex.c.obj
                                                  CMakeFiles/stm32f4xx_tftlcd_update.elf.dir/src/Drivers/STM32F4xx_HAL_Driver/Src/stm32f4xx_hal_rcc.c.obj
HAL_RCC_DisableCSS                                CMakeFiles/stm32f4xx_tftlcd_update.elf.dir/src/Drivers/STM32F4xx_HAL_Driver/Src/stm32f4xx_hal_rcc.c.obj
HAL_RCC_EnableCSS                                 CMakeFiles/stm32f4xx_tftlcd_update.elf.dir/src/Drivers/STM32F4xx_HAL_Driver/Src/stm32f4xx_hal_rcc.c.obj
HAL_RCC_GetClockConfig                            CMakeFiles/stm32f4xx_tftlcd_update.elf.dir/src/Drivers/STM32F4xx_HAL_Driver/Src/stm32f4xx_hal_rcc.c.obj
HAL_RCC_GetHCLKFreq                               CMakeFiles/stm32f4xx_tftlcd_update.elf.dir/src/Drivers/STM32F4xx_HAL_Driver/Src/stm32f4xx_hal_rcc.c.obj
HAL_RCC_GetOscConfig                              CMakeFiles/stm32f4xx_tftlcd_update.elf.dir/src/Drivers/STM32F4xx_HAL_Driver/Src/stm32f4xx_hal_rcc.c.obj
HAL_RCC_GetPCLK1Freq                              CMakeFiles/stm32f4xx_tftlcd_update.elf.dir/src/Drivers/STM32F4xx_HAL_Driver/Src/stm32f4xx_hal_rcc.c.obj
HAL_RCC_GetPCLK2Freq                              CMakeFiles/stm32f4xx_tftlcd_update.elf.dir/src/Drivers/STM32F4xx_HAL_Driver/Src/stm32f4xx_hal_rcc.c.obj
HAL_RCC_GetSysClockFreq                           CMakeFiles/stm32f4xx_tftlcd_update.elf.dir/src/Drivers/STM32F4xx_HAL_Driver/Src/stm32f4xx_hal_rcc.c.obj
HAL_RCC_MCOConfig                                 CMakeFiles/stm32f4xx_tftlcd_update.elf.dir/src/Drivers/STM32F4xx_HAL_Driver/Src/stm32f4xx_hal_rcc.c.obj
HAL_RCC_NMI_IRQHandler                            CMakeFiles/stm32f4xx_tftlcd_update.elf.dir/src/Drivers/STM32F4xx_HAL_Driver/Src/stm32f4xx_hal_rcc.c.obj
HAL_RCC_OscConfig                                 CMakeFiles/stm32f4xx_tftlcd_update.elf.dir/src/Drivers/STM32F4xx_HAL_Driver/Src/stm32f4xx_hal_rcc.c.obj
                                                  CMakeFiles/stm32f4xx_tftlcd_update.elf.dir/src/Core/Src/main.c.obj
HAL_ResumeTick                                    CMakeFiles/stm32f4xx_tftlcd_update.elf.dir/src/Drivers/STM32F4xx_HAL_Driver/Src/stm32f4xx_hal.c.obj
HAL_SRAM_DMA_XferCpltCallback                     CMakeFiles/stm32f4xx_tftlcd_update.elf.dir/src/Drivers/STM32F4xx_HAL_Driver/Src/stm32f4xx_hal_sram.c.obj
HAL_SRAM_DMA_XferErrorCallback                    CMakeFiles/stm32f4xx_tftlcd_update.elf.dir/src/Drivers/STM32F4xx_HAL_Driver/Src/stm32f4xx_hal_sram.c.obj
HAL_SRAM_DeInit                                   CMakeFiles/stm32f4xx_tftlcd_update.elf.dir/src/Drivers/STM32F4xx_HAL_Driver/Src/stm32f4xx_hal_sram.c.obj
HAL_SRAM_GetState                                 CMakeFiles/stm32f4xx_tftlcd_update.elf.dir/src/Drivers/STM32F4xx_HAL_Driver/Src/stm32f4xx_hal_sram.c.obj
HAL_SRAM_Init                                     CMakeFiles/stm32f4xx_tftlcd_update.elf.dir/src/Drivers/STM32F4xx_HAL_Driver/Src/stm32f4xx_hal_sram.c.obj
                                                  CMakeFiles/stm32f4xx_tftlcd_update.elf.dir/src/Core/bsp/Src/bsp_tft_lcd.c.obj
HAL_SRAM_MspDeInit                                CMakeFiles/stm32f4xx_tftlcd_update.elf.dir/src/Drivers/STM32F4xx_HAL_Driver/Src/stm32f4xx_hal_sram.c.obj
HAL_SRAM_MspInit                                  CMakeFiles/stm32f4xx_tftlcd_update.elf.dir/src/Drivers/STM32F4xx_HAL_Driver/Src/stm32f4xx_hal_sram.c.obj
HAL_SRAM_Read_16b                                 CMakeFiles/stm32f4xx_tftlcd_update.elf.dir/src/Drivers/STM32F4xx_HAL_Driver/Src/stm32f4xx_hal_sram.c.obj
HAL_SRAM_Read_32b                                 CMakeFiles/stm32f4xx_tftlcd_update.elf.dir/src/Drivers/STM32F4xx_HAL_Driver/Src/stm32f4xx_hal_sram.c.obj