Archive member included to satisfy reference by file (symbol)

d:/tools/gcc-arm-none-eabi-10.3-2021.10/bin/../lib/gcc/arm-none-eabi/10.3.1/../../../../arm-none-eabi/lib/thumb/v7e-m+fp/hard\libc_nano.a(lib_a-exit.o)
                              d:/tools/gcc-arm-none-eabi-10.3-2021.10/bin/../lib/gcc/arm-none-eabi/10.3.1/../../../../arm-none-eabi/lib/thumb/v7e-m+fp/hard/crt0.o (exit)
d:/tools/gcc-arm-none-eabi-10.3-2021.10/bin/../lib/gcc/arm-none-eabi/10.3.1/../../../../arm-none-eabi/lib/thumb/v7e-m+fp/hard\libc_nano.a(lib_a-impure.o)
                              d:/tools/gcc-arm-none-eabi-10.3-2021.10/bin/../lib/gcc/arm-none-eabi/10.3.1/../../../../arm-none-eabi/lib/thumb/v7e-m+fp/hard\libc_nano.a(lib_a-exit.o) (_global_impure_ptr)
d:/tools/gcc-arm-none-eabi-10.3-2021.10/bin/../lib/gcc/arm-none-eabi/10.3.1/../../../../arm-none-eabi/lib/thumb/v7e-m+fp/hard\libc_nano.a(lib_a-init.o)
                              d:/tools/gcc-arm-none-eabi-10.3-2021.10/bin/../lib/gcc/arm-none-eabi/10.3.1/../../../../arm-none-eabi/lib/thumb/v7e-m+fp/hard/crt0.o (__libc_init_array)
d:/tools/gcc-arm-none-eabi-10.3-2021.10/bin/../lib/gcc/arm-none-eabi/10.3.1/../../../../arm-none-eabi/lib/thumb/v7e-m+fp/hard\libc_nano.a(lib_a-memset.o)
                              d:/tools/gcc-arm-none-eabi-10.3-2021.10/bin/../lib/gcc/arm-none-eabi/10.3.1/../../../../arm-none-eabi/lib/thumb/v7e-m+fp/hard/crt0.o (memset)
d:/tools/gcc-arm-none-eabi-10.3-2021.10/bin/../lib/gcc/arm-none-eabi/10.3.1/thumb/v7e-m+fp/hard\libgcc.a(_aeabi_uldivmod.o)
                              CMakeFiles/stm32f4xx_tftlcd_update.elf.dir/src/Drivers/STM32F4xx_HAL_Driver/Src/stm32f4xx_hal_rcc.c.obj (__aeabi_uldivmod)
d:/tools/gcc-arm-none-eabi-10.3-2021.10/bin/../lib/gcc/arm-none-eabi/10.3.1/thumb/v7e-m+fp/hard\libgcc.a(_udivmoddi4.o)
                              d:/tools/gcc-arm-none-eabi-10.3-2021.10/bin/../lib/gcc/arm-none-eabi/10.3.1/thumb/v7e-m+fp/hard\libgcc.a(_aeabi_uldivmod.o) (__udivmoddi4)
d:/tools/gcc-arm-none-eabi-10.3-2021.10/bin/../lib/gcc/arm-none-eabi/10.3.1/thumb/v7e-m+fp/hard\libgcc.a(_dvmd_tls.o)
                              d:/tools/gcc-arm-none-eabi-10.3-2021.10/bin/../lib/gcc/arm-none-eabi/10.3.1/thumb/v7e-m+fp/hard\libgcc.a(_aeabi_uldivmod.o) (__aeabi_ldiv0)
d:/tools/gcc-arm-none-eabi-10.3-2021.10/bin/../lib/gcc/arm-none-eabi/10.3.1/../../../../arm-none-eabi/lib/thumb/v7e-m+fp/hard\libg_nano.a(lib_a-errno.o)
                              CMakeFiles/stm32f4xx_tftlcd_update.elf.dir/src/Core/Src/syscalls.c.obj (__errno)

Discarded input sections

 .text          0x00000000        0x0 d:/tools/gcc-arm-none-eabi-10.3-2021.10/bin/../lib/gcc/arm-none-eabi/10.3.1/thumb/v7e-m+fp/hard/crti.o
 .data          0x00000000        0x0 d:/tools/gcc-arm-none-eabi-10.3-2021.10/bin/../lib/gcc/arm-none-eabi/10.3.1/thumb/v7e-m+fp/hard/crti.o
 .bss           0x00000000        0x0 d:/tools/gcc-arm-none-eabi-10.3-2021.10/bin/../lib/gcc/arm-none-eabi/10.3.1/thumb/v7e-m+fp/hard/crti.o
 .data          0x00000000        0x4 d:/tools/gcc-arm-none-eabi-10.3-2021.10/bin/../lib/gcc/arm-none-eabi/10.3.1/thumb/v7e-m+fp/hard/crtbegin.o
 .rodata        0x00000000       0x24 d:/tools/gcc-arm-none-eabi-10.3-2021.10/bin/../lib/gcc/arm-none-eabi/10.3.1/thumb/v7e-m+fp/hard/crtbegin.o
 .text          0x00000000       0x7c d:/tools/gcc-arm-none-eabi-10.3-2021.10/bin/../lib/gcc/arm-none-eabi/10.3.1/../../../../arm-none-eabi/lib/thumb/v7e-m+fp/hard/crt0.o
 .data          0x00000000        0x0 d:/tools/gcc-arm-none-eabi-10.3-2021.10/bin/../lib/gcc/arm-none-eabi/10.3.1/../../../../arm-none-eabi/lib/thumb/v7e-m+fp/hard/crt0.o
 .bss           0x00000000        0x0 d:/tools/gcc-arm-none-eabi-10.3-2021.10/bin/../lib/gcc/arm-none-eabi/10.3.1/../../../../arm-none-eabi/lib/thumb/v7e-m+fp/hard/crt0.o
 .ARM.extab     0x00000000        0x0 d:/tools/gcc-arm-none-eabi-10.3-2021.10/bin/../lib/gcc/arm-none-eabi/10.3.1/../../../../arm-none-eabi/lib/thumb/v7e-m+fp/hard/crt0.o
 .ARM.exidx     0x00000000       0x10 d:/tools/gcc-arm-none-eabi-10.3-2021.10/bin/../lib/gcc/arm-none-eabi/10.3.1/../../../../arm-none-eabi/lib/thumb/v7e-m+fp/hard/crt0.o
 .ARM.attributes
                0x00000000       0x1c d:/tools/gcc-arm-none-eabi-10.3-2021.10/bin/../lib/gcc/arm-none-eabi/10.3.1/../../../../arm-none-eabi/lib/thumb/v7e-m+fp/hard/crt0.o
 .text          0x00000000        0x0 d:/tools/gcc-arm-none-eabi-10.3-2021.10/bin/../lib/gcc/arm-none-eabi/10.3.1/../../../../arm-none-eabi/lib/thumb/v7e-m+fp/hard\libc_nano.a(lib_a-exit.o)
 .data          0x00000000        0x0 d:/tools/gcc-arm-none-eabi-10.3-2021.10/bin/../lib/gcc/arm-none-eabi/10.3.1/../../../../arm-none-eabi/lib/thumb/v7e-m+fp/hard\libc_nano.a(lib_a-exit.o)
 .bss           0x00000000        0x0 d:/tools/gcc-arm-none-eabi-10.3-2021.10/bin/../lib/gcc/arm-none-eabi/10.3.1/../../../../arm-none-eabi/lib/thumb/v7e-m+fp/hard\libc_nano.a(lib_a-exit.o)
[...]
Memory Configuration

Name             Origin             Length             Attributes
CCMRAM           0x10000000         0x00010000         xrw
RAM              0x20000000         0x00020000         xrw
FLASH            0x08000000         0x00100000         xr
*default*        0x00000000         0xffffffff

Linker script and memory map

LOAD d:/tools/gcc-arm-none-eabi-10.3-2021.10/bin/../lib/gcc/arm-none-eabi/10.3.1/thumb/v7e-m+fp/hard/crti.o
LOAD d:/tools/gcc-arm-none-eabi-10.3-2021.10/bin/../lib/gcc/arm-none-eabi/10.3.1/thumb/v7e-m+fp/hard/crtbegin.o
LOAD d:/tools/gcc-arm-none-eabi-10.3-2021.10/bin/../lib/gcc/arm-none-eabi/10.3.1/../../../../arm-none-eabi/lib/thumb/v7e-m+fp/hard/crt0.o
LOAD d:/tools/gcc-arm-none-eabi-10.3-2021.10/bin/../lib/gcc/arm-none-eabi/10.3.1/../../../../arm-none-eabi/lib/thumb/v7e-m+fp/hard\libc_nano.a
LOAD d:/tools/gcc-arm-none-eabi-10.3-2021.10/bin/../lib/gcc/arm-none-eabi/10.3.1/../../../../arm-none-eabi/lib/thumb/v7e-m+fp/hard\libm.a
LOAD CMakeFiles/stm32f4xx_tftlcd_update.elf.dir/src/Core/Src/main.c.obj
LOAD CMakeFiles/stm32f4xx_tftlcd_update.elf.dir/src/Core/Src/stm32f4xx_hal_msp.c.obj
LOAD CMakeFiles/stm32f4xx_tftlcd_update.elf.dir/src/Core/Src/stm32f4xx_it.c.obj
LOAD CMakeFiles/stm32f4xx_tftlcd_update.elf.dir/src/Core/Src/syscalls.c.obj
LOAD CMakeFiles/stm32f4xx_tftlcd_update.elf.dir/src/Core/Src/sysmem.c.obj
LOAD CMakeFiles/stm32f4xx_tftlcd_update.elf.dir/src/Core/Src/system_stm32f4xx.c.obj
LOAD CMakeFiles/stm32f4xx_tftlcd_update.elf.dir/src/Core/bsp/Src/bsp_led.c.obj
LOAD CMakeFiles/stm32f4xx_tftlcd_update.elf.dir/src/Core/bsp/Src/bsp_ra8875.c.obj
LOAD CMakeFiles/stm32f4xx_tftlcd_update.elf.dir/src/Core/bsp/Src/bsp_tft_lcd.c.obj
LOAD CMakeFiles/stm32f4xx_tftlcd_update.elf.dir/src/Core/bsp/Src/bsp_timer.c.obj
LOAD CMakeFiles/stm32f4xx_tftlcd_update.elf.dir/src/Core/bsp/bsp.c.obj
LOAD CMakeFiles/stm32f4xx_tftlcd_update.elf.dir/src/Drivers/STM32F4xx_HAL_Driver/Src/stm32f4xx_hal.c.obj
LOAD CMakeFiles/stm32f4xx_tftlcd_update.elf.dir/src/Drivers/STM32F4xx_HAL_Driver/Src/stm32f4xx_hal_cortex.c.obj
LOAD CMakeFiles/stm32f4xx_tftlcd_update.elf.dir/src/Drivers/STM32F4xx_HAL_Driver/Src/stm32f4xx_hal_dma.c.obj
LOAD CMakeFiles/stm32f4xx_tftlcd_update.elf.dir/src/Drivers/STM32F4xx_HAL_Driver/Src/stm32f4xx_hal_dma_ex.c.obj
LOAD CMakeFiles/stm32f4xx_tftlcd_update.elf.dir/src/Drivers/STM32F4xx_HAL_Driver/Src/stm32f4xx_hal_exti.c.obj
LOAD CMakeFiles/stm32f4xx_tftlcd_update.elf.dir/src/Drivers/STM32F4xx_HAL_Driver/Src/stm32f4xx_hal_flash.c.obj
LOAD CMakeFiles/stm32f4xx_tftlcd_update.elf.dir/src/Drivers/STM32F4xx_HAL_Driver/Src/stm32f4xx_hal_flash_ex.c.obj
LOAD CMakeFiles/stm32f4xx_tftlcd_update.elf.dir/src/Drivers/STM32F4xx_HAL_Driver/Src/stm32f4xx_hal_flash_ramfunc.c.obj
LOAD CMakeFiles/stm32f4xx_tftlcd_update.elf.dir/src/Drivers/STM32F4xx_HAL_Driver/Src/stm32f4xx_hal_gpio.c.obj
LOAD CMakeFiles/stm32f4xx_tftlcd_update.elf.dir/src/Drivers/STM32F4xx_HAL_Driver/Src/stm32f4xx_hal_pwr.c.obj
LOAD CMakeFiles/stm32f4xx_tftlcd_update.elf.dir/src/Drivers/STM32F4xx_HAL_Driver/Src/stm32f4xx_hal_pwr_ex.c.obj
LOAD CMakeFiles/stm32f4xx_tftlcd_update.elf.dir/src/Drivers/STM32F4xx_HAL_Driver/Src/stm32f4xx_hal_rcc.c.obj
LOAD CMakeFiles/stm32f4xx_tftlcd_update.elf.dir/src/Drivers/STM32F4xx_HAL_Driver/Src/stm32f4xx_hal_rcc_ex.c.obj
LOAD CMakeFiles/stm32f4xx_tftlcd_update.elf.dir/src/Drivers/STM32F4xx_HAL_Driver/Src/stm32f4xx_hal_sram.c.obj
LOAD CMakeFiles/stm32f4xx_tftlcd_update.elf.dir/src/Drivers/STM32F4xx_HAL_Driver/Src/stm32f4xx_ll_fsmc.c.obj
LOAD CMakeFiles/stm32f4xx_tftlcd_update.elf.dir/src/Core/Startup/startup_stm32f407igtx.s.obj
START GROUP
LOAD d:/tools/gcc-arm-none-eabi-10.3-2021.10/bin/../lib/gcc/arm-none-eabi/10.3.1/thumb/v7e-m+fp/hard\libgcc.a
LOAD d:/tools/gcc-arm-none-eabi-10.3-2021.10/bin/../lib/gcc/arm-none-eabi/10.3.1/../../../../arm-none-eabi/lib/thumb/v7e-m+fp/hard\libg_nano.a
LOAD d:/tools/gcc-arm-none-eabi-10.3-2021.10/bin/../lib/gcc/arm-none-eabi/10.3.1/../../../../arm-none-eabi/lib/thumb/v7e-m+fp/hard\libc_nano.a
END GROUP
START GROUP
LOAD d:/tools/gcc-arm-none-eabi-10.3-2021.10/bin/../lib/gcc/arm-none-eabi/10.3.1/thumb/v7e-m+fp/hard\libgcc.a
LOAD d:/tools/gcc-arm-none-eabi-10.3-2021.10/bin/../lib/gcc/arm-none-eabi/10.3.1/../../../../arm-none-eabi/lib/thumb/v7e-m+fp/hard\libc_nano.a
END GROUP
LOAD d:/tools/gcc-arm-none-eabi-10.3-2021.10/bin/../lib/gcc/arm-none-eabi/10.3.1/thumb/v7e-m+fp/hard/crtend.o
LOAD d:/tools/gcc-arm-none-eabi-10.3-2021.10/bin/../lib/gcc/arm-none-eabi/10.3.1/thumb/v7e-m+fp/hard/crtn.o
                0x20020000                _estack = (ORIGIN (RAM) + LENGTH (RAM))
                0x00000200                _Min_Heap_Size = 0x200
                0x00000400                _Min_Stack_Size = 0x400

.isr_vector     0x08000000      0x188
                0x08000000                . = ALIGN (0x4)
 *(.isr_vector)
 .isr_vector    0x08000000      0x188 CMakeFiles/stm32f4xx_tftlcd_update.elf.dir/src/Core/Startup/startup_stm32f407igtx.s.obj
                0x08000000                g_pfnVectors
                0x08000188                . = ALIGN (0x4)

.text           0x08000188     0x2424
                0x08000188                . = ALIGN (0x4)
 *(.text)
 .text          0x08000188       0x40 d:/tools/gcc-arm-none-eabi-10.3-2021.10/bin/../lib/gcc/arm-none-eabi/10.3.1/thumb/v7e-m+fp/hard/crtbegin.o
 .text          0x080001c8       0x30 d:/tools/gcc-arm-none-eabi-10.3-2021.10/bin/../lib/gcc/arm-none-eabi/10.3.1/thumb/v7e-m+fp/hard\libgcc.a(_aeabi_uldivmod.o)
                0x080001c8                __aeabi_uldivmod
 .text          0x080001f8      0x2d0 d:/tools/gcc-arm-none-eabi-10.3-2021.10/bin/../lib/gcc/arm-none-eabi/10.3.1/thumb/v7e-m+fp/hard\libgcc.a(_udivmoddi4.o)
                0x080001f8                __udivmoddi4
 .text          0x080004c8        0x4 d:/tools/gcc-arm-none-eabi-10.3-2021.10/bin/../lib/gcc/arm-none-eabi/10.3.1/thumb/v7e-m+fp/hard\libgcc.a(_dvmd_tls.o)
                0x080004c8                __aeabi_idiv0
                0x080004c8                __aeabi_ldiv0
 *(.text*)
 .text.__libc_init_array
                0x080004cc       0x48 d:/tools/gcc-arm-none-eabi-10.3-2021.10/bin/../lib/gcc/arm-none-eabi/10.3.1/../../../../arm-none-eabi/lib/thumb/v7e-m+fp/hard\libc_nano.a(lib_a-init.o)
                0x080004cc                __libc_init_array
 .text.memset   0x08000514       0x10 d:/tools/gcc-arm-none-eabi-10.3-2021.10/bin/../lib/gcc/arm-none-eabi/10.3.1/../../../../arm-none-eabi/lib/thumb/v7e-m+fp/hard\libc_nano.a(lib_a-memset.o)
                0x08000514                memset
 .text.main     0x08000524       0xf4 CMakeFiles/stm32f4xx_tftlcd_update.elf.dir/src/Core/Src/main.c.obj
                0x08000524                main
 .text.SystemClock_Config
                0x08000618       0xd4 CMakeFiles/stm32f4xx_tftlcd_update.elf.dir/src/Core/Src/main.c.obj
                0x08000618                SystemClock_Config
 .text.MX_GPIO_Init
                0x080006ec       0xec CMakeFiles/stm32f4xx_tftlcd_update.elf.dir/src/Core/Src/main.c.obj
 .text.Error_Handler
                0x080007d8        0xa CMakeFiles/stm32f4xx_tftlcd_update.elf.dir/src/Core/Src/main.c.obj
                0x080007d8                Error_Handler
 *fill*         0x080007e2        0x2 
 .text.HAL_MspInit
                0x080007e4       0x50 CMakeFiles/stm32f4xx_tftlcd_update.elf.dir/src/Core/Src/stm32f4xx_hal_msp.c.obj
                0x080007e4                HAL_MspInit
 .text.NMI_Handler
                0x08000834        0x6 CMakeFiles/stm32f4xx_tftlcd_update.elf.dir/src/Core/Src/stm32f4xx_it.c.obj
                0x08000834                NMI_Handler
 .text.HardFault_Handler
                0x0800083a        0x6 CMakeFiles/stm32f4xx_tftlcd_update.elf.dir/src/Core/Src/stm32f4xx_it.c.obj
                0x0800083a                HardFault_Handler
 .text.MemManage_Handler
                0x08000840        0x6 CMakeFiles/stm32f4xx_tftlcd_update.elf.dir/src/Core/Src/stm32f4xx_it.c.obj
                0x08000840                MemManage_Handler
 .text.BusFault_Handler
                0x08000846        0x6 CMakeFiles/stm32f4xx_tftlcd_update.elf.dir/src/Core/Src/stm32f4xx_it.c.obj
                0x08000846                BusFault_Handler
 .text.UsageFault_Handler
                0x0800084c        0x6 CMakeFiles/stm32f4xx_tftlcd_update.elf.dir/src/Core/Src/stm32f4xx_it.c.obj
                0x0800084c                UsageFault_Handler
 .text.SVC_Handler
                0x08000852        0xe CMakeFiles/stm32f4xx_tftlcd_update.elf.dir/src/Core/Src/stm32f4xx_it.c.obj
                0x08000852                SVC_Handler
 .text.DebugMon_Handler
                0x08000860        0xe CMakeFiles/stm32f4xx_tftlcd_update.elf.dir/src/Core/Src/stm32f4xx_it.c.obj
                0x08000860                DebugMon_Handler
 .text.PendSV_Handler
                0x0800086e        0xe CMakeFiles/stm32f4xx_tftlcd_update.elf.dir/src/Core/Src/stm32f4xx_it.c.obj
                0x0800086e                PendSV_Handler
 .text.SysTick_Handler
                0x0800087c       0x10 CMakeFiles/stm32f4xx_tftlcd_update.elf.dir/src/Core/Src/stm32f4xx_it.c.obj
                0x0800087c                SysTick_Handler
 .text.SystemInit
                0x0800088c       0x24 CMakeFiles/stm32f4xx_tftlcd_update.elf.dir/src/Core/Src/system_stm32f4xx.c.obj
                0x0800088c                SystemInit
 .text.bsp_InitLed
                0x080008b0      0x12c CMakeFiles/stm32f4xx_tftlcd_update.elf.dir/src/Core/bsp/Src/bsp_led.c.obj
                0x080008b0                bsp_InitLed
 .text.bsp_LedOff
                0x080009dc       0x70 CMakeFiles/stm32f4xx_tftlcd_update.elf.dir/src/Core/bsp/Src/bsp_led.c.obj
                0x080009dc                bsp_LedOff
 .text.RA8875_PLL_ini
                0x08000a4c       0x34 CMakeFiles/stm32f4xx_tftlcd_update.elf.dir/src/Core/bsp/Src/bsp_ra8875.c.obj
                0x08000a4c                RA8875_PLL_ini
 .text.RA8875_Initial
                0x08000a80       0xdc CMakeFiles/stm32f4xx_tftlcd_update.elf.dir/src/Core/bsp/Src/bsp_ra8875.c.obj
                0x08000a80                RA8875_Initial
 .text.RA8875_Delaly1us
                0x08000b5c       0x26 CMakeFiles/stm32f4xx_tftlcd_update.elf.dir/src/Core/bsp/Src/bsp_ra8875.c.obj
                0x08000b5c                RA8875_Delaly1us
 .text.RA8875_Delaly1ms
                0x08000b82       0x2a CMakeFiles/stm32f4xx_tftlcd_update.elf.dir/src/Core/bsp/Src/bsp_ra8875.c.obj
                0x08000b82                RA8875_Delaly1ms
 .text.RA8875_display_on
                0x08000bac       0x20 CMakeFiles/stm32f4xx_tftlcd_update.elf.dir/src/Core/bsp/Src/bsp_ra8875.c.obj
                0x08000bac                RA8875_display_on
 .text.RA8875_display_panel_on
                0x08000bcc       0x20 CMakeFiles/stm32f4xx_tftlcd_update.elf.dir/src/Core/bsp/Src/bsp_ra8875.c.obj
                0x08000bcc                RA8875_display_panel_on
 .text.RA8875_display_setting
                0x08000bec       0x84 CMakeFiles/stm32f4xx_tftlcd_update.elf.dir/src/Core/bsp/Src/bsp_ra8875.c.obj
                0x08000bec                RA8875_display_setting
 .text.PWM1_enable
                0x08000c70       0x38 CMakeFiles/stm32f4xx_tftlcd_update.elf.dir/src/Core/bsp/Src/bsp_ra8875.c.obj
                0x08000c70                PWM1_enable
 .text.PWM1_fnuction_sel
                0x08000ca8       0x38 CMakeFiles/stm32f4xx_tftlcd_update.elf.dir/src/Core/bsp/Src/bsp_ra8875.c.obj
                0x08000ca8                PWM1_fnuction_sel
 .text.PWM1_clock_ratio
                0x08000ce0       0x4c CMakeFiles/stm32f4xx_tftlcd_update.elf.dir/src/Core/bsp/Src/bsp_ra8875.c.obj
                0x08000ce0                PWM1_clock_ratio
 .text.PWM1_duty_cycle
                0x08000d2c       0x2c CMakeFiles/stm32f4xx_tftlcd_update.elf.dir/src/Core/bsp/Src/bsp_ra8875.c.obj
                0x08000d2c                PWM1_duty_cycle
 .text.LCD_Clear
                0x08000d58       0x40 CMakeFiles/stm32f4xx_tftlcd_update.elf.dir/src/Core/bsp/Src/bsp_ra8875.c.obj
                0x08000d58                LCD_Clear
 .text.LCD_SetCursor
                0x08000d98       0x60 CMakeFiles/stm32f4xx_tftlcd_update.elf.dir/src/Core/bsp/Src/bsp_ra8875.c.obj
                0x08000d98                LCD_SetCursor
 .text.LCD_WriteRAM_Prepare
                0x08000df8       0x18 CMakeFiles/stm32f4xx_tftlcd_update.elf.dir/src/Core/bsp/Src/bsp_ra8875.c.obj
                0x08000df8                LCD_WriteRAM_Prepare
 .text.LCD_DisplayStringLine
                0x08000e10       0x74 CMakeFiles/stm32f4xx_tftlcd_update.elf.dir/src/Core/bsp/Src/bsp_ra8875.c.obj
                0x08000e10                LCD_DisplayStringLine
 .text.LCD_PutChar
                0x08000e84       0xbc CMakeFiles/stm32f4xx_tftlcd_update.elf.dir/src/Core/bsp/Src/bsp_ra8875.c.obj
                0x08000e84                LCD_PutChar
 .text.LCD_SetPoint
                0x08000f40       0x32 CMakeFiles/stm32f4xx_tftlcd_update.elf.dir/src/Core/bsp/Src/bsp_ra8875.c.obj
                0x08000f40                LCD_SetPoint
 *fill*         0x08000f72        0x2 
 .text.LCD_InitHard
                0x08000f74       0x44 CMakeFiles/stm32f4xx_tftlcd_update.elf.dir/src/Core/bsp/Src/bsp_tft_lcd.c.obj
                0x08000f74                LCD_InitHard
 .text.LCD_CtrlLinesConfig
                0x08000fb8      0x228 CMakeFiles/stm32f4xx_tftlcd_update.elf.dir/src/Core/bsp/Src/bsp_tft_lcd.c.obj
 .text.LCD_FSMCConfig
                0x080011e0       0x9c CMakeFiles/stm32f4xx_tftlcd_update.elf.dir/src/Core/bsp/Src/bsp_tft_lcd.c.obj
 .text.LCD_BackLight_on
                0x0800127c       0x1c CMakeFiles/stm32f4xx_tftlcd_update.elf.dir/src/Core/bsp/Src/bsp_tft_lcd.c.obj
                0x0800127c                LCD_BackLight_on
 .text.__NVIC_SetPriority
                0x08001298       0x54 CMakeFiles/stm32f4xx_tftlcd_update.elf.dir/src/Core/bsp/Src/bsp_timer.c.obj
 .text.SysTick_Config
                0x080012ec       0x44 CMakeFiles/stm32f4xx_tftlcd_update.elf.dir/src/Core/bsp/Src/bsp_timer.c.obj
 .text.bsp_InitTimer
                0x08001330       0x8c CMakeFiles/stm32f4xx_tftlcd_update.elf.dir/src/Core/bsp/Src/bsp_timer.c.obj
                0x08001330                bsp_InitTimer
 .text.SysTick_ISR
                0x080013bc       0x34 CMakeFiles/stm32f4xx_tftlcd_update.elf.dir/src/Core/bsp/Src/bsp_timer.c.obj
                0x080013bc                SysTick_ISR
 .text.bsp_DelayMS
                0x080013f0       0x58 CMakeFiles/stm32f4xx_tftlcd_update.elf.dir/src/Core/bsp/Src/bsp_timer.c.obj
                0x080013f0                bsp_DelayMS
 .text.bsp_Init
                0x08001448       0x10 CMakeFiles/stm32f4xx_tftlcd_update.elf.dir/src/Core/bsp/bsp.c.obj
                0x08001448                bsp_Init
 .text.HAL_Init
                0x08001458       0x44 CMakeFiles/stm32f4xx_tftlcd_update.elf.dir/src/Drivers/STM32F4xx_HAL_Driver/Src/stm32f4xx_hal.c.obj
                0x08001458                HAL_Init
 .text.HAL_InitTick
                0x0800149c       0x60 CMakeFiles/stm32f4xx_tftlcd_update.elf.dir/src/Drivers/STM32F4xx_HAL_Driver/Src/stm32f4xx_hal.c.obj
                0x0800149c                HAL_InitTick
 .text.HAL_IncTick
                0x080014fc       0x28 CMakeFiles/stm32f4xx_tftlcd_update.elf.dir/src/Drivers/STM32F4xx_HAL_Driver/Src/stm32f4xx_hal.c.obj
                0x080014fc                HAL_IncTick
 .text.HAL_GetTick
                0x08001524       0x18 CMakeFiles/stm32f4xx_tftlcd_update.elf.dir/src/Drivers/STM32F4xx_HAL_Driver/Src/stm32f4xx_hal.c.obj
                0x08001524                HAL_GetTick
 .text.__NVIC_SetPriorityGrouping
                0x0800153c       0x48 CMakeFiles/stm32f4xx_tftlcd_update.elf.dir/src/Drivers/STM32F4xx_HAL_Driver/Src/stm32f4xx_hal_cortex.c.obj
 .text.__NVIC_GetPriorityGrouping
                0x08001584       0x1c CMakeFiles/stm32f4xx_tftlcd_update.elf.dir/src/Drivers/STM32F4xx_HAL_Driver/Src/stm32f4xx_hal_cortex.c.obj
 .text.__NVIC_SetPriority
                0x080015a0       0x54 CMakeFiles/stm32f4xx_tftlcd_update.elf.dir/src/Drivers/STM32F4xx_HAL_Driver/Src/stm32f4xx_hal_cortex.c.obj
 .text.NVIC_EncodePriority
                0x080015f4       0x66 CMakeFiles/stm32f4xx_tftlcd_update.elf.dir/src/Drivers/STM32F4xx_HAL_Driver/Src/stm32f4xx_hal_cortex.c.obj
 *fill*         0x0800165a        0x2 
 .text.SysTick_Config
                0x0800165c       0x44 CMakeFiles/stm32f4xx_tftlcd_update.elf.dir/src/Drivers/STM32F4xx_HAL_Driver/Src/stm32f4xx_hal_cortex.c.obj
 .text.HAL_NVIC_SetPriorityGrouping
                0x080016a0       0x16 CMakeFiles/stm32f4xx_tftlcd_update.elf.dir/src/Drivers/STM32F4xx_HAL_Driver/Src/stm32f4xx_hal_cortex.c.obj
                0x080016a0                HAL_NVIC_SetPriorityGrouping
 .text.HAL_NVIC_SetPriority
                0x080016b6       0x38 CMakeFiles/stm32f4xx_tftlcd_update.elf.dir/src/Drivers/STM32F4xx_HAL_Driver/Src/stm32f4xx_hal_cortex.c.obj
                0x080016b6                HAL_NVIC_SetPriority
 .text.HAL_SYSTICK_Config
                0x080016ee       0x18 CMakeFiles/stm32f4xx_tftlcd_update.elf.dir/src/Drivers/STM32F4xx_HAL_Driver/Src/stm32f4xx_hal_cortex.c.obj
                0x080016ee                HAL_SYSTICK_Config
 *fill*         0x08001706        0x2 
 .text.HAL_GPIO_Init
                0x08001708      0x338 CMakeFiles/stm32f4xx_tftlcd_update.elf.dir/src/Drivers/STM32F4xx_HAL_Driver/Src/stm32f4xx_hal_gpio.c.obj
                0x08001708                HAL_GPIO_Init
 .text.HAL_GPIO_ReadPin
                0x08001a40       0x30 CMakeFiles/stm32f4xx_tftlcd_update.elf.dir/src/Drivers/STM32F4xx_HAL_Driver/Src/stm32f4xx_hal_gpio.c.obj
                0x08001a40                HAL_GPIO_ReadPin
 .text.HAL_GPIO_WritePin
                0x08001a70       0x32 CMakeFiles/stm32f4xx_tftlcd_update.elf.dir/src/Drivers/STM32F4xx_HAL_Driver/Src/stm32f4xx_hal_gpio.c.obj
                0x08001a70                HAL_GPIO_WritePin
 *fill*         0x08001aa2        0x2 
 .text.HAL_RCC_OscConfig
                0x08001aa4      0x4f0 CMakeFiles/stm32f4xx_tftlcd_update.elf.dir/src/Drivers/STM32F4xx_HAL_Driver/Src/stm32f4xx_hal_rcc.c.obj
                0x08001aa4                HAL_RCC_OscConfig
 .text.HAL_RCC_ClockConfig
                0x08001f94      0x1cc CMakeFiles/stm32f4xx_tftlcd_update.elf.dir/src/Drivers/STM32F4xx_HAL_Driver/Src/stm32f4xx_hal_rcc.c.obj
                0x08001f94                HAL_RCC_ClockConfig
 .text.HAL_RCC_GetSysClockFreq
                0x08002160      0x18c CMakeFiles/stm32f4xx_tftlcd_update.elf.dir/src/Drivers/STM32F4xx_HAL_Driver/Src/stm32f4xx_hal_rcc.c.obj
                0x08002160                HAL_RCC_GetSysClockFreq
 .text.HAL_SRAM_Init
                0x080022ec       0x90 CMakeFiles/stm32f4xx_tftlcd_update.elf.dir/src/Drivers/STM32F4xx_HAL_Driver/Src/stm32f4xx_hal_sram.c.obj
                0x080022ec                HAL_SRAM_Init
 .text.HAL_SRAM_MspInit
                0x0800237c       0x14 CMakeFiles/stm32f4xx_tftlcd_update.elf.dir/src/Drivers/STM32F4xx_HAL_Driver/Src/stm32f4xx_hal_sram.c.obj
                0x0800237c                HAL_SRAM_MspInit
 .text.FSMC_NORSRAM_Init
                0x08002390       0xd4 CMakeFiles/stm32f4xx_tftlcd_update.elf.dir/src/Drivers/STM32F4xx_HAL_Driver/Src/stm32f4xx_ll_fsmc.c.obj
                0x08002390                FSMC_NORSRAM_Init
 .text.FSMC_NORSRAM_Timing_Init
                0x08002464       0x6a CMakeFiles/stm32f4xx_tftlcd_update.elf.dir/src/Drivers/STM32F4xx_HAL_Driver/Src/stm32f4xx_ll_fsmc.c.obj
                0x08002464                FSMC_NORSRAM_Timing_Init
 *fill*         0x080024ce        0x2 
 .text.FSMC_NORSRAM_Extended_Timing_Init
                0x080024d0       0x70 CMakeFiles/stm32f4xx_tftlcd_update.elf.dir/src/Drivers/STM32F4xx_HAL_Driver/Src/stm32f4xx_ll_fsmc.c.obj
                0x080024d0                FSMC_NORSRAM_Extended_Timing_Init
 .text.Reset_Handler
                0x08002540       0x50 CMakeFiles/stm32f4xx_tftlcd_update.elf.dir/src/Core/Startup/startup_stm32f407igtx.s.obj
                0x08002540                Reset_Handler
 .text.Default_Handler
                0x08002590        0x2 CMakeFiles/stm32f4xx_tftlcd_update.elf.dir/src/Core/Startup/startup_stm32f407igtx.s.obj
                0x08002590                RTC_Alarm_IRQHandler
                0x08002590                HASH_RNG_IRQHandler
                0x08002590                EXTI2_IRQHandler
                0x08002590                TIM8_CC_IRQHandler
                0x08002590                TIM1_CC_IRQHandler
                0x08002590                DMA2_Stream5_IRQHandler
                0x08002590                DMA1_Stream5_IRQHandler
                0x08002590                PVD_IRQHandler
                0x08002590                SDIO_IRQHandler
                0x08002590                TAMP_STAMP_IRQHandler
                0x08002590                CAN2_RX1_IRQHandler
                0x08002590                EXTI3_IRQHandler
                0x08002590                TIM8_TRG_COM_TIM14_IRQHandler
                0x08002590                TIM1_UP_TIM10_IRQHandler
                0x08002590                TIM8_UP_TIM13_IRQHandler
                0x08002590                I2C3_ER_IRQHandler
                0x08002590                EXTI0_IRQHandler
                0x08002590                I2C2_EV_IRQHandler
                0x08002590                DMA1_Stream2_IRQHandler
                0x08002590                CAN1_RX0_IRQHandler
                0x08002590                FPU_IRQHandler
                0x08002590                OTG_HS_WKUP_IRQHandler
                0x08002590                CAN2_SCE_IRQHandler
                0x08002590                DMA2_Stream2_IRQHandler
                0x08002590                SPI1_IRQHandler
                0x08002590                TIM6_DAC_IRQHandler
                0x08002590                TIM1_BRK_TIM9_IRQHandler
                0x08002590                DCMI_IRQHandler
                0x08002590                CAN2_RX0_IRQHandler
                0x08002590                DMA2_Stream3_IRQHandler
                0x08002590                USART6_IRQHandler
                0x08002590                USART3_IRQHandler
                0x08002590                CAN1_RX1_IRQHandler
                0x08002590                UART5_IRQHandler
                0x08002590                DMA2_Stream0_IRQHandler
                0x08002590                TIM4_IRQHandler
                0x08002590                I2C1_EV_IRQHandler
                0x08002590                DMA1_Stream6_IRQHandler
                0x08002590                DMA1_Stream1_IRQHandler
                0x08002590                UART4_IRQHandler
                0x08002590                TIM3_IRQHandler
                0x08002590                RCC_IRQHandler
                0x08002590                TIM8_BRK_TIM12_IRQHandler
                0x08002590                Default_Handler
                0x08002590                EXTI15_10_IRQHandler
                0x08002590                ADC_IRQHandler
                0x08002590                DMA1_Stream7_IRQHandler
                0x08002590                TIM7_IRQHandler
                0x08002590                CAN2_TX_IRQHandler
                0x08002590                TIM5_IRQHandler
                0x08002590                DMA2_Stream7_IRQHandler
                0x08002590                I2C3_EV_IRQHandler
                0x08002590                EXTI9_5_IRQHandler
                0x08002590                RTC_WKUP_IRQHandler
                0x08002590                ETH_WKUP_IRQHandler
                0x08002590                SPI2_IRQHandler
                0x08002590                OTG_HS_EP1_IN_IRQHandler
                0x08002590                DMA1_Stream0_IRQHandler
                0x08002590                CAN1_TX_IRQHandler
                0x08002590                EXTI4_IRQHandler
                0x08002590                FSMC_IRQHandler
                0x08002590                ETH_IRQHandler
                0x08002590                OTG_HS_EP1_OUT_IRQHandler
                0x08002590                WWDG_IRQHandler
                0x08002590                TIM2_IRQHandler
                0x08002590                OTG_FS_WKUP_IRQHandler
                0x08002590                TIM1_TRG_COM_TIM11_IRQHandler
                0x08002590                OTG_HS_IRQHandler
                0x08002590                EXTI1_IRQHandler
                0x08002590                USART2_IRQHandler
                0x08002590                I2C2_ER_IRQHandler
                0x08002590                DMA2_Stream1_IRQHandler
                0x08002590                CAN1_SCE_IRQHandler
                0x08002590                FLASH_IRQHandler
                0x08002590                DMA2_Stream4_IRQHandler
                0x08002590                USART1_IRQHandler
                0x08002590                OTG_FS_IRQHandler
                0x08002590                SPI3_IRQHandler
                0x08002590                DMA1_Stream4_IRQHandler
                0x08002590                I2C1_ER_IRQHandler
                0x08002590                DMA2_Stream6_IRQHandler
                0x08002590                DMA1_Stream3_IRQHandler
 *(.glue_7)
 .glue_7        0x08002592        0x0 linker stubs
 *(.glue_7t)
 .glue_7t       0x08002592        0x0 linker stubs
 *(.eh_frame)
 *fill*         0x08002592        0x2 
 .eh_frame      0x08002594        0x0 d:/tools/gcc-arm-none-eabi-10.3-2021.10/bin/../lib/gcc/arm-none-eabi/10.3.1/thumb/v7e-m+fp/hard/crtbegin.o
 *(.init)
 .init          0x08002594        0x4 d:/tools/gcc-arm-none-eabi-10.3-2021.10/bin/../lib/gcc/arm-none-eabi/10.3.1/thumb/v7e-m+fp/hard/crti.o
                0x08002594                _init
 .init          0x08002598        0x8 d:/tools/gcc-arm-none-eabi-10.3-2021.10/bin/../lib/gcc/arm-none-eabi/10.3.1/thumb/v7e-m+fp/hard/crtn.o
 *(.fini)
 .fini          0x080025a0        0x4 d:/tools/gcc-arm-none-eabi-10.3-2021.10/bin/../lib/gcc/arm-none-eabi/10.3.1/thumb/v7e-m+fp/hard/crti.o
                0x080025a0                _fini
 .fini          0x080025a4        0x8 d:/tools/gcc-arm-none-eabi-10.3-2021.10/bin/../lib/gcc/arm-none-eabi/10.3.1/thumb/v7e-m+fp/hard/crtn.o
                0x080025ac                . = ALIGN (0x4)
                0x080025ac                _etext = .

.vfp11_veneer   0x080025ac        0x0
 .vfp11_veneer  0x080025ac        0x0 linker stubs

.v4_bx          0x080025ac        0x0
 .v4_bx         0x080025ac        0x0 linker stubs

.iplt           0x080025ac        0x0
 .iplt          0x080025ac        0x0 d:/tools/gcc-arm-none-eabi-10.3-2021.10/bin/../lib/gcc/arm-none-eabi/10.3.1/thumb/v7e-m+fp/hard/crtbegin.o

.rodata         0x080025ac       0x60
                0x080025ac                . = ALIGN (0x4)
 *(.rodata)
 .rodata        0x080025ac       0x50 CMakeFiles/stm32f4xx_tftlcd_update.elf.dir/src/Core/Src/main.c.obj
 *(.rodata*)
 .rodata.AHBPrescTable
                0x080025fc       0x10 CMakeFiles/stm32f4xx_tftlcd_update.elf.dir/src/Core/Src/system_stm32f4xx.c.obj
                0x080025fc                AHBPrescTable
                0x0800260c                . = ALIGN (0x4)

.ARM.extab      0x0800260c        0x0
                0x0800260c                . = ALIGN (0x4)
 *(.ARM.extab* .gnu.linkonce.armextab.*)
                0x0800260c                . = ALIGN (0x4)

.ARM            0x0800260c        0x8
                0x0800260c                . = ALIGN (0x4)
                0x0800260c                __exidx_start = .
 *(.ARM.exidx*)
 .ARM.exidx     0x0800260c        0x8 d:/tools/gcc-arm-none-eabi-10.3-2021.10/bin/../lib/gcc/arm-none-eabi/10.3.1/thumb/v7e-m+fp/hard\libgcc.a(_udivmoddi4.o)
                0x08002614                __exidx_end = .
                0x08002614                . = ALIGN (0x4)

.rel.dyn        0x08002614        0x0
 .rel.iplt      0x08002614        0x0 d:/tools/gcc-arm-none-eabi-10.3-2021.10/bin/../lib/gcc/arm-none-eabi/10.3.1/thumb/v7e-m+fp/hard/crtbegin.o

.preinit_array  0x08002614        0x0
                0x08002614                . = ALIGN (0x4)
                0x08002614                PROVIDE (__preinit_array_start = .)
 *(.preinit_array*)
                0x08002614                PROVIDE (__preinit_array_end = .)
                0x08002614                . = ALIGN (0x4)

.init_array     0x08002614        0x4
                0x08002614                . = ALIGN (0x4)
                0x08002614                PROVIDE (__init_array_start = .)
 *(SORT_BY_NAME(.init_array.*))
 *(.init_array*)
 .init_array    0x08002614        0x4 d:/tools/gcc-arm-none-eabi-10.3-2021.10/bin/../lib/gcc/arm-none-eabi/10.3.1/thumb/v7e-m+fp/hard/crtbegin.o
                0x08002618                PROVIDE (__init_array_end = .)
                0x08002618                . = ALIGN (0x4)

.fini_array     0x08002618        0x4
                0x08002618                . = ALIGN (0x4)
                [!provide]                PROVIDE (__fini_array_start = .)
 *(SORT_BY_NAME(.fini_array.*))
 *(.fini_array*)
 .fini_array    0x08002618        0x4 d:/tools/gcc-arm-none-eabi-10.3-2021.10/bin/../lib/gcc/arm-none-eabi/10.3.1/thumb/v7e-m+fp/hard/crtbegin.o
                [!provide]                PROVIDE (__fini_array_end = .)
                0x0800261c                . = ALIGN (0x4)
                0x0800261c                _sidata = LOADADDR (.data)

.data           0x20000000     0x11dc load address 0x0800261c
                0x20000000                . = ALIGN (0x4)
                0x20000000                _sdata = .
 *(.data)
 *(.data*)
 .data.SystemCoreClock
                0x20000000        0x4 CMakeFiles/stm32f4xx_tftlcd_update.elf.dir/src/Core/Src/system_stm32f4xx.c.obj
                0x20000000                SystemCoreClock
 .data.ASCII_Table
                0x20000004     0x11d0 CMakeFiles/stm32f4xx_tftlcd_update.elf.dir/src/Core/bsp/Src/bsp_ra8875.c.obj
                0x20000004                ASCII_Table
 .data.uwTickPrio
                0x200011d4        0x4 CMakeFiles/stm32f4xx_tftlcd_update.elf.dir/src/Drivers/STM32F4xx_HAL_Driver/Src/stm32f4xx_hal.c.obj
                0x200011d4                uwTickPrio
 .data.uwTickFreq
                0x200011d8        0x1 CMakeFiles/stm32f4xx_tftlcd_update.elf.dir/src/Drivers/STM32F4xx_HAL_Driver/Src/stm32f4xx_hal.c.obj
                0x200011d8                uwTickFreq
 *(.RamFunc)
 *(.RamFunc*)
                0x200011dc                . = ALIGN (0x4)
 *fill*         0x200011d9        0x3 
                0x200011dc                _edata = .
                0x080037f8                _siccmram = LOADADDR (.ccmram)

.igot.plt       0x200011dc        0x0 load address 0x080037f8
 .igot.plt      0x200011dc        0x0 d:/tools/gcc-arm-none-eabi-10.3-2021.10/bin/../lib/gcc/arm-none-eabi/10.3.1/thumb/v7e-m+fp/hard/crtbegin.o

.ccmram         0x10000000        0x0 load address 0x080037f8
                0x10000000                . = ALIGN (0x4)
                0x10000000                _sccmram = .
 *(.ccmram)
 *(.ccmram*)
                0x10000000                . = ALIGN (0x4)
                0x10000000                _eccmram = .
                0x10000000                . = ALIGN (0x4)

.bss            0x200011dc       0x5c
                0x200011dc                _sbss = .
                0x200011dc                __bss_start__ = _sbss
 *(.bss)
 .bss           0x200011dc       0x1c d:/tools/gcc-arm-none-eabi-10.3-2021.10/bin/../lib/gcc/arm-none-eabi/10.3.1/thumb/v7e-m+fp/hard/crtbegin.o
 *(.bss*)
 .bss.FSMC_Initialized
                0x200011f8        0x4 CMakeFiles/stm32f4xx_tftlcd_update.elf.dir/src/Core/bsp/Src/bsp_tft_lcd.c.obj
 .bss.s_uiDelayCount
                0x200011fc        0x4 CMakeFiles/stm32f4xx_tftlcd_update.elf.dir/src/Core/bsp/Src/bsp_timer.c.obj
 .bss.s_ucTimeOutFlag
                0x20001200        0x1 CMakeFiles/stm32f4xx_tftlcd_update.elf.dir/src/Core/bsp/Src/bsp_timer.c.obj
 *fill*         0x20001201        0x3 
 .bss.s_tTmr    0x20001204       0x30 CMakeFiles/stm32f4xx_tftlcd_update.elf.dir/src/Core/bsp/Src/bsp_timer.c.obj
 .bss.uwTick    0x20001234        0x4 CMakeFiles/stm32f4xx_tftlcd_update.elf.dir/src/Drivers/STM32F4xx_HAL_Driver/Src/stm32f4xx_hal.c.obj
                0x20001234                uwTick
 *(COMMON)
                0x20001238                . = ALIGN (0x4)
                0x20001238                _ebss = .
                0x20001238                __bss_end__ = _ebss

._user_heap_stack
                0x20001238      0x600
                0x20001238                . = ALIGN (0x8)
                [!provide]                PROVIDE (end = .)
                0x20001238                PROVIDE (_end = .)
                0x20001438                . = (. + _Min_Heap_Size)
 *fill*         0x20001238      0x200 
                0x20001838                . = (. + _Min_Stack_Size)
 *fill*         0x20001438      0x400 
                0x20001838                . = ALIGN (0x8)

/DISCARD/
 libc.a(*)
 libm.a(*)
 libgcc.a(*)

.ARM.attributes
                0x00000000       0x30
 *(.ARM.attributes)
 .ARM.attributes
                0x00000000       0x1e d:/tools/gcc-arm-none-eabi-10.3-2021.10/bin/../lib/gcc/arm-none-eabi/10.3.1/thumb/v7e-m+fp/hard/crti.o
 .ARM.attributes
                0x0000001e       0x34 d:/tools/gcc-arm-none-eabi-10.3-2021.10/bin/../lib/gcc/arm-none-eabi/10.3.1/thumb/v7e-m+fp/hard/crtbegin.o
 .ARM.attributes
                0x00000052       0x34 d:/tools/gcc-arm-none-eabi-10.3-2021.10/bin/../lib/gcc/arm-none-eabi/10.3.1/../../../../arm-none-eabi/lib/thumb/v7e-m+fp/hard\libc_nano.a(lib_a-init.o)
 .ARM.attributes
                0x00000086       0x34 d:/tools/gcc-arm-none-eabi-10.3-2021.10/bin/../lib/gcc/arm-none-eabi/10.3.1/../../../../arm-none-eabi/lib/thumb/v7e-m+fp/hard\libc_nano.a(lib_a-memset.o)
 .ARM.attributes
                0x000000ba       0x34 CMakeFiles/stm32f4xx_tftlcd_update.elf.dir/src/Core/Src/main.c.obj
 .ARM.attributes
                0x000000ee       0x34 CMakeFiles/stm32f4xx_tftlcd_update.elf.dir/src/Core/Src/stm32f4xx_hal_msp.c.obj
 .ARM.attributes
                0x00000122       0x34 CMakeFiles/stm32f4xx_tftlcd_update.elf.dir/src/Core/Src/stm32f4xx_it.c.obj
 .ARM.attributes
                0x00000156       0x34 CMakeFiles/stm32f4xx_tftlcd_update.elf.dir/src/Core/Src/system_stm32f4xx.c.obj
 .ARM.attributes
                0x0000018a       0x34 CMakeFiles/stm32f4xx_tftlcd_update.elf.dir/src/Core/bsp/Src/bsp_led.c.obj
 .ARM.attributes
                0x000001be       0x34 CMakeFiles/stm32f4xx_tftlcd_update.elf.dir/src/Core/bsp/Src/bsp_ra8875.c.obj
 .ARM.attributes
                0x000001f2       0x34 CMakeFiles/stm32f4xx_tftlcd_update.elf.dir/src/Core/bsp/Src/bsp_tft_lcd.c.obj
 .ARM.attributes
                0x00000226       0x34 CMakeFiles/stm32f4xx_tftlcd_update.elf.dir/src/Core/bsp/Src/bsp_timer.c.obj
 .ARM.attributes
                0x0000025a       0x34 CMakeFiles/stm32f4xx_tftlcd_update.elf.dir/src/Core/bsp/bsp.c.obj
 .ARM.attributes
                0x0000028e       0x34 CMakeFiles/stm32f4xx_tftlcd_update.elf.dir/src/Drivers/STM32F4xx_HAL_Driver/Src/stm32f4xx_hal.c.obj
 .ARM.attributes
                0x000002c2       0x34 CMakeFiles/stm32f4xx_tftlcd_update.elf.dir/src/Drivers/STM32F4xx_HAL_Driver/Src/stm32f4xx_hal_cortex.c.obj
 .ARM.attributes
                0x000002f6       0x34 CMakeFiles/stm32f4xx_tftlcd_update.elf.dir/src/Drivers/STM32F4xx_HAL_Driver/Src/stm32f4xx_hal_gpio.c.obj
 .ARM.attributes
                0x0000032a       0x34 CMakeFiles/stm32f4xx_tftlcd_update.elf.dir/src/Drivers/STM32F4xx_HAL_Driver/Src/stm32f4xx_hal_rcc.c.obj
 .ARM.attributes
                0x0000035e       0x34 CMakeFiles/stm32f4xx_tftlcd_update.elf.dir/src/Drivers/STM32F4xx_HAL_Driver/Src/stm32f4xx_hal_sram.c.obj
 .ARM.attributes
                0x00000392       0x34 CMakeFiles/stm32f4xx_tftlcd_update.elf.dir/src/Drivers/STM32F4xx_HAL_Driver/Src/stm32f4xx_ll_fsmc.c.obj
 .ARM.attributes
                0x000003c6       0x21 CMakeFiles/stm32f4xx_tftlcd_update.elf.dir/src/Core/Startup/startup_stm32f407igtx.s.obj
 .ARM.attributes
                0x000003e7       0x1e d:/tools/gcc-arm-none-eabi-10.3-2021.10/bin/../lib/gcc/arm-none-eabi/10.3.1/thumb/v7e-m+fp/hard\libgcc.a(_aeabi_uldivmod.o)
 .ARM.attributes
                0x00000405       0x34 d:/tools/gcc-arm-none-eabi-10.3-2021.10/bin/../lib/gcc/arm-none-eabi/10.3.1/thumb/v7e-m+fp/hard\libgcc.a(_udivmoddi4.o)
 .ARM.attributes
                0x00000439       0x1e d:/tools/gcc-arm-none-eabi-10.3-2021.10/bin/../lib/gcc/arm-none-eabi/10.3.1/thumb/v7e-m+fp/hard\libgcc.a(_dvmd_tls.o)
 .ARM.attributes
                0x00000457       0x1e d:/tools/gcc-arm-none-eabi-10.3-2021.10/bin/../lib/gcc/arm-none-eabi/10.3.1/thumb/v7e-m+fp/hard/crtn.o
OUTPUT(stm32f4xx_tftlcd_update.elf elf32-littlearm)
LOAD linker stubs
LOAD d:/tools/gcc-arm-none-eabi-10.3-2021.10/bin/../lib/gcc/arm-none-eabi/10.3.1/../../../../arm-none-eabi/lib/thumb/v7e-m+fp/hard\libc.a
LOAD d:/tools/gcc-arm-none-eabi-10.3-2021.10/bin/../lib/gcc/arm-none-eabi/10.3.1/../../../../arm-none-eabi/lib/thumb/v7e-m+fp/hard\libm.a
LOAD d:/tools/gcc-arm-none-eabi-10.3-2021.10/bin/../lib/gcc/arm-none-eabi/10.3.1/thumb/v7e-m+fp/hard\libgcc.a

.debug_frame    0x00000000     0x1acc
 .debug_frame   0x00000000       0x2c d:/tools/gcc-arm-none-eabi-10.3-2021.10/bin/../lib/gcc/arm-none-eabi/10.3.1/../../../../arm-none-eabi/lib/thumb/v7e-m+fp/hard\libc_nano.a(lib_a-init.o)
 .debug_frame   0x0000002c       0x20 d:/tools/gcc-arm-none-eabi-10.3-2021.10/bin/../lib/gcc/arm-none-eabi/10.3.1/../../../../arm-none-eabi/lib/thumb/v7e-m+fp/hard\libc_nano.a(lib_a-memset.o)
 .debug_frame   0x0000004c       0x8c CMakeFiles/stm32f4xx_tftlcd_update.elf.dir/src/Core/Src/main.c.obj
 .debug_frame   0x000000d8       0x38 CMakeFiles/stm32f4xx_tftlcd_update.elf.dir/src/Core/Src/stm32f4xx_hal_msp.c.obj
 .debug_frame   0x00000110      0x104 CMakeFiles/stm32f4xx_tftlcd_update.elf.dir/src/Core/Src/stm32f4xx_it.c.obj
 .debug_frame   0x00000214       0x58 CMakeFiles/stm32f4xx_tftlcd_update.elf.dir/src/Core/Src/system_stm32f4xx.c.obj
 .debug_frame   0x0000026c       0x7c CMakeFiles/stm32f4xx_tftlcd_update.elf.dir/src/Core/bsp/Src/bsp_led.c.obj
 .debug_frame   0x000002e8      0x428 CMakeFiles/stm32f4xx_tftlcd_update.elf.dir/src/Core/bsp/Src/bsp_ra8875.c.obj
 .debug_frame   0x00000710       0x9c CMakeFiles/stm32f4xx_tftlcd_update.elf.dir/src/Core/bsp/Src/bsp_tft_lcd.c.obj
 .debug_frame   0x000007ac       0xf0 CMakeFiles/stm32f4xx_tftlcd_update.elf.dir/src/Core/bsp/Src/bsp_timer.c.obj
 .debug_frame   0x0000089c       0x2c CMakeFiles/stm32f4xx_tftlcd_update.elf.dir/src/Core/bsp/bsp.c.obj
 .debug_frame   0x000008c8      0x374 CMakeFiles/stm32f4xx_tftlcd_update.elf.dir/src/Drivers/STM32F4xx_HAL_Driver/Src/stm32f4xx_hal.c.obj
 .debug_frame   0x00000c3c      0x508 CMakeFiles/stm32f4xx_tftlcd_update.elf.dir/src/Drivers/STM32F4xx_HAL_Driver/Src/stm32f4xx_hal_cortex.c.obj
 .debug_frame   0x00001144      0x14c CMakeFiles/stm32f4xx_tftlcd_update.elf.dir/src/Drivers/STM32F4xx_HAL_Driver/Src/stm32f4xx_hal_gpio.c.obj
 .debug_frame   0x00001290      0x1f4 CMakeFiles/stm32f4xx_tftlcd_update.elf.dir/src/Drivers/STM32F4xx_HAL_Driver/Src/stm32f4xx_hal_rcc.c.obj
 .debug_frame   0x00001484      0x30c CMakeFiles/stm32f4xx_tftlcd_update.elf.dir/src/Drivers/STM32F4xx_HAL_Driver/Src/stm32f4xx_hal_sram.c.obj
 .debug_frame   0x00001790      0x2dc CMakeFiles/stm32f4xx_tftlcd_update.elf.dir/src/Drivers/STM32F4xx_HAL_Driver/Src/stm32f4xx_ll_fsmc.c.obj
 .debug_frame   0x00001a6c       0x2c d:/tools/gcc-arm-none-eabi-10.3-2021.10/bin/../lib/gcc/arm-none-eabi/10.3.1/thumb/v7e-m+fp/hard\libgcc.a(_aeabi_uldivmod.o)
 .debug_frame   0x00001a98       0x34 d:/tools/gcc-arm-none-eabi-10.3-2021.10/bin/../lib/gcc/arm-none-eabi/10.3.1/thumb/v7e-m+fp/hard\libgcc.a(_udivmoddi4.o)

.debug_info     0x00000000     0x6ce1
 .debug_info    0x00000000      0x698 CMakeFiles/stm32f4xx_tftlcd_update.elf.dir/src/Core/Src/main.c.obj
 .debug_info    0x00000698      0x2a8 CMakeFiles/stm32f4xx_tftlcd_update.elf.dir/src/Core/Src/stm32f4xx_hal_msp.c.obj
 .debug_info    0x00000940      0x12c CMakeFiles/stm32f4xx_tftlcd_update.elf.dir/src/Core/Src/stm32f4xx_it.c.obj
 .debug_info    0x00000a6c      0x51c CMakeFiles/stm32f4xx_tftlcd_update.elf.dir/src/Core/Src/system_stm32f4xx.c.obj
 .debug_info    0x00000f88      0x4ae CMakeFiles/stm32f4xx_tftlcd_update.elf.dir/src/Core/bsp/Src/bsp_led.c.obj
 .debug_info    0x00001436      0x60a CMakeFiles/stm32f4xx_tftlcd_update.elf.dir/src/Core/bsp/Src/bsp_ra8875.c.obj
 .debug_info    0x00001a40      0xa79 CMakeFiles/stm32f4xx_tftlcd_update.elf.dir/src/Core/bsp/Src/bsp_tft_lcd.c.obj
 .debug_info    0x000024b9      0x868 CMakeFiles/stm32f4xx_tftlcd_update.elf.dir/src/Core/bsp/Src/bsp_timer.c.obj
 .debug_info    0x00002d21       0x90 CMakeFiles/stm32f4xx_tftlcd_update.elf.dir/src/Core/bsp/bsp.c.obj
 .debug_info    0x00002db1      0x929 CMakeFiles/stm32f4xx_tftlcd_update.elf.dir/src/Drivers/STM32F4xx_HAL_Driver/Src/stm32f4xx_hal.c.obj
 .debug_info    0x000036da      0xe63 CMakeFiles/stm32f4xx_tftlcd_update.elf.dir/src/Drivers/STM32F4xx_HAL_Driver/Src/stm32f4xx_hal_cortex.c.obj
 .debug_info    0x0000453d      0x76a CMakeFiles/stm32f4xx_tftlcd_update.elf.dir/src/Drivers/STM32F4xx_HAL_Driver/Src/stm32f4xx_hal_gpio.c.obj
 .debug_info    0x00004ca7      0x921 CMakeFiles/stm32f4xx_tftlcd_update.elf.dir/src/Drivers/STM32F4xx_HAL_Driver/Src/stm32f4xx_hal_rcc.c.obj
 .debug_info    0x000055c8      0xce0 CMakeFiles/stm32f4xx_tftlcd_update.elf.dir/src/Drivers/STM32F4xx_HAL_Driver/Src/stm32f4xx_hal_sram.c.obj
 .debug_info    0x000062a8      0xa17 CMakeFiles/stm32f4xx_tftlcd_update.elf.dir/src/Drivers/STM32F4xx_HAL_Driver/Src/stm32f4xx_ll_fsmc.c.obj
 .debug_info    0x00006cbf       0x22 CMakeFiles/stm32f4xx_tftlcd_update.elf.dir/src/Core/Startup/startup_stm32f407igtx.s.obj

.debug_abbrev   0x00000000     0x176e
 .debug_abbrev  0x00000000      0x1aa CMakeFiles/stm32f4xx_tftlcd_update.elf.dir/src/Core/Src/main.c.obj
 .debug_abbrev  0x000001aa       0xd4 CMakeFiles/stm32f4xx_tftlcd_update.elf.dir/src/Core/Src/stm32f4xx_hal_msp.c.obj
 .debug_abbrev  0x0000027e       0x7b CMakeFiles/stm32f4xx_tftlcd_update.elf.dir/src/Core/Src/stm32f4xx_it.c.obj
 .debug_abbrev  0x000002f9      0x116 CMakeFiles/stm32f4xx_tftlcd_update.elf.dir/src/Core/Src/system_stm32f4xx.c.obj
 .debug_abbrev  0x0000040f      0x14e CMakeFiles/stm32f4xx_tftlcd_update.elf.dir/src/Core/bsp/Src/bsp_led.c.obj
 .debug_abbrev  0x0000055d      0x19f CMakeFiles/stm32f4xx_tftlcd_update.elf.dir/src/Core/bsp/Src/bsp_ra8875.c.obj
 .debug_abbrev  0x000006fc      0x197 CMakeFiles/stm32f4xx_tftlcd_update.elf.dir/src/Core/bsp/Src/bsp_tft_lcd.c.obj
 .debug_abbrev  0x00000893      0x22f CMakeFiles/stm32f4xx_tftlcd_update.elf.dir/src/Core/bsp/Src/bsp_timer.c.obj
 .debug_abbrev  0x00000ac2       0x47 CMakeFiles/stm32f4xx_tftlcd_update.elf.dir/src/Core/bsp/bsp.c.obj
 .debug_abbrev  0x00000b09      0x1da CMakeFiles/stm32f4xx_tftlcd_update.elf.dir/src/Drivers/STM32F4xx_HAL_Driver/Src/stm32f4xx_hal.c.obj
 .debug_abbrev  0x00000ce3      0x30d CMakeFiles/stm32f4xx_tftlcd_update.elf.dir/src/Drivers/STM32F4xx_HAL_Driver/Src/stm32f4xx_hal_cortex.c.obj
 .debug_abbrev  0x00000ff0      0x1c4 CMakeFiles/stm32f4xx_tftlcd_update.elf.dir/src/Drivers/STM32F4xx_HAL_Driver/Src/stm32f4xx_hal_gpio.c.obj
 .debug_abbrev  0x000011b4      0x262 CMakeFiles/stm32f4xx_tftlcd_update.elf.dir/src/Drivers/STM32F4xx_HAL_Driver/Src/stm32f4xx_hal_rcc.c.obj
 .debug_abbrev  0x00001416      0x1c5 CMakeFiles/stm32f4xx_tftlcd_update.elf.dir/src/Drivers/STM32F4xx_HAL_Driver/Src/stm32f4xx_hal_sram.c.obj
 .debug_abbrev  0x000015db      0x181 CMakeFiles/stm32f4xx_tftlcd_update.elf.dir/src/Drivers/STM32F4xx_HAL_Driver/Src/stm32f4xx_ll_fsmc.c.obj
 .debug_abbrev  0x0000175c       0x12 CMakeFiles/stm32f4xx_tftlcd_update.elf.dir/src/Core/Startup/startup_stm32f407igtx.s.obj

.debug_aranges  0x00000000      0x730
 .debug_aranges
                0x00000000       0x38 CMakeFiles/stm32f4xx_tftlcd_update.elf.dir/src/Core/Src/main.c.obj
 .debug_aranges
                0x00000038       0x20 CMakeFiles/stm32f4xx_tftlcd_update.elf.dir/src/Core/Src/stm32f4xx_hal_msp.c.obj
 .debug_aranges
                0x00000058       0x60 CMakeFiles/stm32f4xx_tftlcd_update.elf.dir/src/Core/Src/stm32f4xx_it.c.obj
 .debug_aranges
                0x000000b8       0x28 CMakeFiles/stm32f4xx_tftlcd_update.elf.dir/src/Core/Src/system_stm32f4xx.c.obj
 .debug_aranges
                0x000000e0       0x30 CMakeFiles/stm32f4xx_tftlcd_update.elf.dir/src/Core/bsp/Src/bsp_led.c.obj
 .debug_aranges
                0x00000110       0xf8 CMakeFiles/stm32f4xx_tftlcd_update.elf.dir/src/Core/bsp/Src/bsp_ra8875.c.obj
 .debug_aranges
                0x00000208       0x38 CMakeFiles/stm32f4xx_tftlcd_update.elf.dir/src/Core/bsp/Src/bsp_tft_lcd.c.obj
 .debug_aranges
                0x00000240       0x48 CMakeFiles/stm32f4xx_tftlcd_update.elf.dir/src/Core/bsp/Src/bsp_timer.c.obj
 .debug_aranges
                0x00000288       0x20 CMakeFiles/stm32f4xx_tftlcd_update.elf.dir/src/Core/bsp/bsp.c.obj
 .debug_aranges
                0x000002a8       0xf0 CMakeFiles/stm32f4xx_tftlcd_update.elf.dir/src/Drivers/STM32F4xx_HAL_Driver/Src/stm32f4xx_hal.c.obj
 .debug_aranges
                0x00000398      0x130 CMakeFiles/stm32f4xx_tftlcd_update.elf.dir/src/Drivers/STM32F4xx_HAL_Driver/Src/stm32f4xx_hal_cortex.c.obj
 .debug_aranges
                0x000004c8       0x58 CMakeFiles/stm32f4xx_tftlcd_update.elf.dir/src/Drivers/STM32F4xx_HAL_Driver/Src/stm32f4xx_hal_gpio.c.obj
 .debug_aranges
                0x00000520       0x88 CMakeFiles/stm32f4xx_tftlcd_update.elf.dir/src/Drivers/STM32F4xx_HAL_Driver/Src/stm32f4xx_hal_rcc.c.obj
 .debug_aranges
                0x000005a8       0xb8 CMakeFiles/stm32f4xx_tftlcd_update.elf.dir/src/Drivers/STM32F4xx_HAL_Driver/Src/stm32f4xx_hal_sram.c.obj
 .debug_aranges
                0x00000660       0xa8 CMakeFiles/stm32f4xx_tftlcd_update.elf.dir/src/Drivers/STM32F4xx_HAL_Driver/Src/stm32f4xx_ll_fsmc.c.obj
 .debug_aranges
                0x00000708       0x28 CMakeFiles/stm32f4xx_tftlcd_update.elf.dir/src/Core/Startup/startup_stm32f407igtx.s.obj

.debug_ranges   0x00000000      0x638
 .debug_ranges  0x00000000       0x28 CMakeFiles/stm32f4xx_tftlcd_update.elf.dir/src/Core/Src/main.c.obj
 .debug_ranges  0x00000028       0x10 CMakeFiles/stm32f4xx_tftlcd_update.elf.dir/src/Core/Src/stm32f4xx_hal_msp.c.obj
 .debug_ranges  0x00000038       0x50 CMakeFiles/stm32f4xx_tftlcd_update.elf.dir/src/Core/Src/stm32f4xx_it.c.obj
 .debug_ranges  0x00000088       0x18 CMakeFiles/stm32f4xx_tftlcd_update.elf.dir/src/Core/Src/system_stm32f4xx.c.obj
 .debug_ranges  0x000000a0       0x20 CMakeFiles/stm32f4xx_tftlcd_update.elf.dir/src/Core/bsp/Src/bsp_led.c.obj
 .debug_ranges  0x000000c0       0xe8 CMakeFiles/stm32f4xx_tftlcd_update.elf.dir/src/Core/bsp/Src/bsp_ra8875.c.obj
 .debug_ranges  0x000001a8       0x28 CMakeFiles/stm32f4xx_tftlcd_update.elf.dir/src/Core/bsp/Src/bsp_tft_lcd.c.obj
 .debug_ranges  0x000001d0       0x38 CMakeFiles/stm32f4xx_tftlcd_update.elf.dir/src/Core/bsp/Src/bsp_timer.c.obj
 .debug_ranges  0x00000208       0x10 CMakeFiles/stm32f4xx_tftlcd_update.elf.dir/src/Core/bsp/bsp.c.obj
 .debug_ranges  0x00000218       0xe0 CMakeFiles/stm32f4xx_tftlcd_update.elf.dir/src/Drivers/STM32F4xx_HAL_Driver/Src/stm32f4xx_hal.c.obj
 .debug_ranges  0x000002f8      0x120 CMakeFiles/stm32f4xx_tftlcd_update.elf.dir/src/Drivers/STM32F4xx_HAL_Driver/Src/stm32f4xx_hal_cortex.c.obj
 .debug_ranges  0x00000418       0x48 CMakeFiles/stm32f4xx_tftlcd_update.elf.dir/src/Drivers/STM32F4xx_HAL_Driver/Src/stm32f4xx_hal_gpio.c.obj
 .debug_ranges  0x00000460       0x78 CMakeFiles/stm32f4xx_tftlcd_update.elf.dir/src/Drivers/STM32F4xx_HAL_Driver/Src/stm32f4xx_hal_rcc.c.obj
 .debug_ranges  0x000004d8       0xa8 CMakeFiles/stm32f4xx_tftlcd_update.elf.dir/src/Drivers/STM32F4xx_HAL_Driver/Src/stm32f4xx_hal_sram.c.obj
 .debug_ranges  0x00000580       0x98 CMakeFiles/stm32f4xx_tftlcd_update.elf.dir/src/Drivers/STM32F4xx_HAL_Driver/Src/stm32f4xx_ll_fsmc.c.obj
 .debug_ranges  0x00000618       0x20 CMakeFiles/stm32f4xx_tftlcd_update.elf.dir/src/Core/Startup/startup_stm32f407igtx.s.obj

.debug_macro    0x00000000    0x2155b
 .debug_macro   0x00000000      0x37e CMakeFiles/stm32f4xx_tftlcd_update.elf.dir/src/Core/Src/main.c.obj
 .debug_macro   0x0000037e      0xa6c CMakeFiles/stm32f4xx_tftlcd_update.elf.dir/src/Core/Src/main.c.obj
 .debug_macro   0x00000dea      0x295 CMakeFiles/stm32f4xx_tftlcd_update.elf.dir/src/Core/Src/main.c.obj
 .debug_macro   0x0000107f       0x2e CMakeFiles/stm32f4xx_tftlcd_update.elf.dir/src/Core/Src/main.c.obj
 .debug_macro   0x000010ad       0x2f CMakeFiles/stm32f4xx_tftlcd_update.elf.dir/src/Core/Src/main.c.obj
 .debug_macro   0x000010dc       0x22 CMakeFiles/stm32f4xx_tftlcd_update.elf.dir/src/Core/Src/main.c.obj
 .debug_macro   0x000010fe       0x8e CMakeFiles/stm32f4xx_tftlcd_update.elf.dir/src/Core/Src/main.c.obj
 .debug_macro   0x0000118c       0x51 CMakeFiles/stm32f4xx_tftlcd_update.elf.dir/src/Core/Src/main.c.obj
 .debug_macro   0x000011dd      0x103 CMakeFiles/stm32f4xx_tftlcd_update.elf.dir/src/Core/Src/main.c.obj
 .debug_macro   0x000012e0       0x6a CMakeFiles/stm32f4xx_tftlcd_update.elf.dir/src/Core/Src/main.c.obj
 .debug_macro   0x0000134a      0x1df CMakeFiles/stm32f4xx_tftlcd_update.elf.dir/src/Core/Src/main.c.obj
 .debug_macro   0x00001529       0x1c CMakeFiles/stm32f4xx_tftlcd_update.elf.dir/src/Core/Src/main.c.obj
 .debug_macro   0x00001545       0x22 CMakeFiles/stm32f4xx_tftlcd_update.elf.dir/src/Core/Src/main.c.obj
 .debug_macro   0x00001567       0xfb CMakeFiles/stm32f4xx_tftlcd_update.elf.dir/src/Core/Src/main.c.obj
 .debug_macro   0x00001662     0x1011 CMakeFiles/stm32f4xx_tftlcd_update.elf.dir/src/Core/Src/main.c.obj
 .debug_macro   0x00002673      0x11f CMakeFiles/stm32f4xx_tftlcd_update.elf.dir/src/Core/Src/main.c.obj
 .debug_macro   0x00002792    0x15e97 CMakeFiles/stm32f4xx_tftlcd_update.elf.dir/src/Core/Src/main.c.obj
 .debug_macro   0x00018629       0x6d CMakeFiles/stm32f4xx_tftlcd_update.elf.dir/src/Core/Src/main.c.obj
 .debug_macro   0x00018696     0x369a CMakeFiles/stm32f4xx_tftlcd_update.elf.dir/src/Core/Src/main.c.obj
 .debug_macro   0x0001bd30      0x174 CMakeFiles/stm32f4xx_tftlcd_update.elf.dir/src/Core/Src/main.c.obj
 .debug_macro   0x0001bea4       0x5c CMakeFiles/stm32f4xx_tftlcd_update.elf.dir/src/Core/Src/main.c.obj
 .debug_macro   0x0001bf00      0x980 CMakeFiles/stm32f4xx_tftlcd_update.elf.dir/src/Core/Src/main.c.obj
 .debug_macro   0x0001c880      0x9e9 CMakeFiles/stm32f4xx_tftlcd_update.elf.dir/src/Core/Src/main.c.obj
 .debug_macro   0x0001d269      0x115 CMakeFiles/stm32f4xx_tftlcd_update.elf.dir/src/Core/Src/main.c.obj
 .debug_macro   0x0001d37e      0x13e CMakeFiles/stm32f4xx_tftlcd_update.elf.dir/src/Core/Src/main.c.obj
 .debug_macro   0x0001d4bc       0xa5 CMakeFiles/stm32f4xx_tftlcd_update.elf.dir/src/Core/Src/main.c.obj
 .debug_macro   0x0001d561      0x174 CMakeFiles/stm32f4xx_tftlcd_update.elf.dir/src/Core/Src/main.c.obj
 .debug_macro   0x0001d6d5      0x287 CMakeFiles/stm32f4xx_tftlcd_update.elf.dir/src/Core/Src/main.c.obj
 .debug_macro   0x0001d95c       0x5f CMakeFiles/stm32f4xx_tftlcd_update.elf.dir/src/Core/Src/main.c.obj
 .debug_macro   0x0001d9bb      0x236 CMakeFiles/stm32f4xx_tftlcd_update.elf.dir/src/Core/Src/main.c.obj
 .debug_macro   0x0001dbf1      0x12c CMakeFiles/stm32f4xx_tftlcd_update.elf.dir/src/Core/Src/main.c.obj
 .debug_macro   0x0001dd1d      0x21e CMakeFiles/stm32f4xx_tftlcd_update.elf.dir/src/Core/Src/main.c.obj
 .debug_macro   0x0001df3b       0x2e CMakeFiles/stm32f4xx_tftlcd_update.elf.dir/src/Core/Src/main.c.obj
 .debug_macro   0x0001df69      0x516 CMakeFiles/stm32f4xx_tftlcd_update.elf.dir/src/Core/Src/main.c.obj
 .debug_macro   0x0001e47f      0x127 CMakeFiles/stm32f4xx_tftlcd_update.elf.dir/src/Core/Src/main.c.obj
 .debug_macro   0x0001e5a6       0x7e CMakeFiles/stm32f4xx_tftlcd_update.elf.dir/src/Core/Src/main.c.obj
 .debug_macro   0x0001e624       0x89 CMakeFiles/stm32f4xx_tftlcd_update.elf.dir/src/Core/Src/main.c.obj
 .debug_macro   0x0001e6ad      0x12d CMakeFiles/stm32f4xx_tftlcd_update.elf.dir/src/Core/Src/main.c.obj
 .debug_macro   0x0001e7da       0x64 CMakeFiles/stm32f4xx_tftlcd_update.elf.dir/src/Core/Src/main.c.obj
 .debug_macro   0x0001e83e       0x1e CMakeFiles/stm32f4xx_tftlcd_update.elf.dir/src/Core/Src/main.c.obj
 .debug_macro   0x0001e85c       0x35 CMakeFiles/stm32f4xx_tftlcd_update.elf.dir/src/Core/Src/main.c.obj
 .debug_macro   0x0001e891       0x34 CMakeFiles/stm32f4xx_tftlcd_update.elf.dir/src/Core/Src/main.c.obj
 .debug_macro   0x0001e8c5       0x16 CMakeFiles/stm32f4xx_tftlcd_update.elf.dir/src/Core/Src/main.c.obj
 .debug_macro   0x0001e8db       0x35 CMakeFiles/stm32f4xx_tftlcd_update.elf.dir/src/Core/Src/main.c.obj
 .debug_macro   0x0001e910      0x341 CMakeFiles/stm32f4xx_tftlcd_update.elf.dir/src/Core/Src/main.c.obj
 .debug_macro   0x0001ec51       0x10 CMakeFiles/stm32f4xx_tftlcd_update.elf.dir/src/Core/Src/main.c.obj
 .debug_macro   0x0001ec61       0x16 CMakeFiles/stm32f4xx_tftlcd_update.elf.dir/src/Core/Src/main.c.obj
 .debug_macro   0x0001ec77       0x43 CMakeFiles/stm32f4xx_tftlcd_update.elf.dir/src/Core/Src/main.c.obj
 .debug_macro   0x0001ecba       0x34 CMakeFiles/stm32f4xx_tftlcd_update.elf.dir/src/Core/Src/main.c.obj
 .debug_macro   0x0001ecee       0x10 CMakeFiles/stm32f4xx_tftlcd_update.elf.dir/src/Core/Src/main.c.obj
 .debug_macro   0x0001ecfe       0x58 CMakeFiles/stm32f4xx_tftlcd_update.elf.dir/src/Core/Src/main.c.obj
 .debug_macro   0x0001ed56      0x182 CMakeFiles/stm32f4xx_tftlcd_update.elf.dir/src/Core/Src/main.c.obj
 .debug_macro   0x0001eed8       0x10 CMakeFiles/stm32f4xx_tftlcd_update.elf.dir/src/Core/Src/main.c.obj
 .debug_macro   0x0001eee8       0x1c CMakeFiles/stm32f4xx_tftlcd_update.elf.dir/src/Core/Src/main.c.obj
 .debug_macro   0x0001ef04       0x52 CMakeFiles/stm32f4xx_tftlcd_update.elf.dir/src/Core/Src/main.c.obj
 .debug_macro   0x0001ef56       0x22 CMakeFiles/stm32f4xx_tftlcd_update.elf.dir/src/Core/Src/main.c.obj
 .debug_macro   0x0001ef78       0x10 CMakeFiles/stm32f4xx_tftlcd_update.elf.dir/src/Core/Src/main.c.obj
 .debug_macro   0x0001ef88       0x52 CMakeFiles/stm32f4xx_tftlcd_update.elf.dir/src/Core/Src/main.c.obj
 .debug_macro   0x0001efda       0xd5 CMakeFiles/stm32f4xx_tftlcd_update.elf.dir/src/Core/Src/main.c.obj
 .debug_macro   0x0001f0af       0x1c CMakeFiles/stm32f4xx_tftlcd_update.elf.dir/src/Core/Src/main.c.obj
 .debug_macro   0x0001f0cb       0x3d CMakeFiles/stm32f4xx_tftlcd_update.elf.dir/src/Core/Src/main.c.obj
 .debug_macro   0x0001f108       0x16 CMakeFiles/stm32f4xx_tftlcd_update.elf.dir/src/Core/Src/main.c.obj
 .debug_macro   0x0001f11e      0x16f CMakeFiles/stm32f4xx_tftlcd_update.elf.dir/src/Core/Src/main.c.obj
 .debug_macro   0x0001f28d       0x16 CMakeFiles/stm32f4xx_tftlcd_update.elf.dir/src/Core/Src/main.c.obj
 .debug_macro   0x0001f2a3       0x10 CMakeFiles/stm32f4xx_tftlcd_update.elf.dir/src/Core/Src/main.c.obj
 .debug_macro   0x0001f2b3       0x3a CMakeFiles/stm32f4xx_tftlcd_update.elf.dir/src/Core/Src/main.c.obj
 .debug_macro   0x0001f2ed       0x3a CMakeFiles/stm32f4xx_tftlcd_update.elf.dir/src/Core/Src/main.c.obj
 .debug_macro   0x0001f327       0xb8 CMakeFiles/stm32f4xx_tftlcd_update.elf.dir/src/Core/Src/main.c.obj
 .debug_macro   0x0001f3df       0x10 CMakeFiles/stm32f4xx_tftlcd_update.elf.dir/src/Core/Src/main.c.obj
 .debug_macro   0x0001f3ef      0x1d0 CMakeFiles/stm32f4xx_tftlcd_update.elf.dir/src/Core/Src/stm32f4xx_hal_msp.c.obj
 .debug_macro   0x0001f5bf      0x1da CMakeFiles/stm32f4xx_tftlcd_update.elf.dir/src/Core/Src/stm32f4xx_it.c.obj
 .debug_macro   0x0001f799       0xda CMakeFiles/stm32f4xx_tftlcd_update.elf.dir/src/Core/Src/system_stm32f4xx.c.obj
 .debug_macro   0x0001f873      0x37e CMakeFiles/stm32f4xx_tftlcd_update.elf.dir/src/Core/bsp/Src/bsp_led.c.obj
 .debug_macro   0x0001fbf1      0x388 CMakeFiles/stm32f4xx_tftlcd_update.elf.dir/src/Core/bsp/Src/bsp_ra8875.c.obj
 .debug_macro   0x0001ff79      0x37e CMakeFiles/stm32f4xx_tftlcd_update.elf.dir/src/Core/bsp/Src/bsp_tft_lcd.c.obj
 .debug_macro   0x000202f7      0x37e CMakeFiles/stm32f4xx_tftlcd_update.elf.dir/src/Core/bsp/Src/bsp_timer.c.obj
 .debug_macro   0x00020675      0x37e CMakeFiles/stm32f4xx_tftlcd_update.elf.dir/src/Core/bsp/bsp.c.obj
 .debug_macro   0x000209f3      0x226 CMakeFiles/stm32f4xx_tftlcd_update.elf.dir/src/Drivers/STM32F4xx_HAL_Driver/Src/stm32f4xx_hal.c.obj
 .debug_macro   0x00020c19      0x1c6 CMakeFiles/stm32f4xx_tftlcd_update.elf.dir/src/Drivers/STM32F4xx_HAL_Driver/Src/stm32f4xx_hal_cortex.c.obj
 .debug_macro   0x00020ddf      0x1cc CMakeFiles/stm32f4xx_tftlcd_update.elf.dir/src/Drivers/STM32F4xx_HAL_Driver/Src/stm32f4xx_hal_gpio.c.obj
 .debug_macro   0x00020fab      0x1ea CMakeFiles/stm32f4xx_tftlcd_update.elf.dir/src/Drivers/STM32F4xx_HAL_Driver/Src/stm32f4xx_hal_rcc.c.obj
 .debug_macro   0x00021195      0x1c6 CMakeFiles/stm32f4xx_tftlcd_update.elf.dir/src/Drivers/STM32F4xx_HAL_Driver/Src/stm32f4xx_hal_sram.c.obj
 .debug_macro   0x0002135b      0x200 CMakeFiles/stm32f4xx_tftlcd_update.elf.dir/src/Drivers/STM32F4xx_HAL_Driver/Src/stm32f4xx_ll_fsmc.c.obj

.debug_line     0x00000000     0x86d6
 .debug_line    0x00000000      0x892 CMakeFiles/stm32f4xx_tftlcd_update.elf.dir/src/Core/Src/main.c.obj
 .debug_line    0x00000892      0x5cd CMakeFiles/stm32f4xx_tftlcd_update.elf.dir/src/Core/Src/stm32f4xx_hal_msp.c.obj
 .debug_line    0x00000e5f      0x691 CMakeFiles/stm32f4xx_tftlcd_update.elf.dir/src/Core/Src/stm32f4xx_it.c.obj
 .debug_line    0x000014f0      0x3a1 CMakeFiles/stm32f4xx_tftlcd_update.elf.dir/src/Core/Src/system_stm32f4xx.c.obj
 .debug_line    0x00001891      0x873 CMakeFiles/stm32f4xx_tftlcd_update.elf.dir/src/Core/bsp/Src/bsp_led.c.obj
 .debug_line    0x00002104      0xbcc CMakeFiles/stm32f4xx_tftlcd_update.elf.dir/src/Core/bsp/Src/bsp_ra8875.c.obj
 .debug_line    0x00002cd0      0x8e6 CMakeFiles/stm32f4xx_tftlcd_update.elf.dir/src/Core/bsp/Src/bsp_tft_lcd.c.obj
 .debug_line    0x000035b6      0x962 CMakeFiles/stm32f4xx_tftlcd_update.elf.dir/src/Core/bsp/Src/bsp_timer.c.obj
 .debug_line    0x00003f18      0x785 CMakeFiles/stm32f4xx_tftlcd_update.elf.dir/src/Core/bsp/bsp.c.obj
 .debug_line    0x0000469d      0x8b5 CMakeFiles/stm32f4xx_tftlcd_update.elf.dir/src/Drivers/STM32F4xx_HAL_Driver/Src/stm32f4xx_hal.c.obj
 .debug_line    0x00004f52      0xbaf CMakeFiles/stm32f4xx_tftlcd_update.elf.dir/src/Drivers/STM32F4xx_HAL_Driver/Src/stm32f4xx_hal_cortex.c.obj
 .debug_line    0x00005b01      0xa29 CMakeFiles/stm32f4xx_tftlcd_update.elf.dir/src/Drivers/STM32F4xx_HAL_Driver/Src/stm32f4xx_hal_gpio.c.obj
 .debug_line    0x0000652a      0xc47 CMakeFiles/stm32f4xx_tftlcd_update.elf.dir/src/Drivers/STM32F4xx_HAL_Driver/Src/stm32f4xx_hal_rcc.c.obj
 .debug_line    0x00007171      0xbde CMakeFiles/stm32f4xx_tftlcd_update.elf.dir/src/Drivers/STM32F4xx_HAL_Driver/Src/stm32f4xx_hal_sram.c.obj
 .debug_line    0x00007d4f      0x8d9 CMakeFiles/stm32f4xx_tftlcd_update.elf.dir/src/Drivers/STM32F4xx_HAL_Driver/Src/stm32f4xx_ll_fsmc.c.obj
 .debug_line    0x00008628       0xae CMakeFiles/stm32f4xx_tftlcd_update.elf.dir/src/Core/Startup/startup_stm32f407igtx.s.obj

.debug_str      0x00000000    0xc4049
 .debug_str     0x00000000    0xc191f CMakeFiles/stm32f4xx_tftlcd_update.elf.dir/src/Core/Src/main.c.obj
                              0xc1bb0 (size before relaxing)
 .debug_str     0x000c191f       0x52 CMakeFiles/stm32f4xx_tftlcd_update.elf.dir/src/Core/Src/stm32f4xx_hal_msp.c.obj
                              0xbdceb (size before relaxing)
 .debug_str     0x000c1971       0xef CMakeFiles/stm32f4xx_tftlcd_update.elf.dir/src/Core/Src/stm32f4xx_it.c.obj
                              0xbdc71 (size before relaxing)
 .debug_str     0x000c1a60      0x13f CMakeFiles/stm32f4xx_tftlcd_update.elf.dir/src/Core/Src/system_stm32f4xx.c.obj
                              0x88469 (size before relaxing)
 .debug_str     0x000c1b9f       0x90 CMakeFiles/stm32f4xx_tftlcd_update.elf.dir/src/Core/bsp/Src/bsp_led.c.obj
                              0xc1a65 (size before relaxing)
 .debug_str     0x000c1c2f      0x2d7 CMakeFiles/stm32f4xx_tftlcd_update.elf.dir/src/Core/bsp/Src/bsp_ra8875.c.obj
                              0xc1b5f (size before relaxing)
 .debug_str     0x000c1f06      0x46b CMakeFiles/stm32f4xx_tftlcd_update.elf.dir/src/Core/bsp/Src/bsp_tft_lcd.c.obj
                              0xc1f56 (size before relaxing)
 .debug_str     0x000c2371      0x62c CMakeFiles/stm32f4xx_tftlcd_update.elf.dir/src/Core/bsp/Src/bsp_timer.c.obj
                              0xc1f99 (size before relaxing)
 .debug_str     0x000c299d       0x41 CMakeFiles/stm32f4xx_tftlcd_update.elf.dir/src/Core/bsp/bsp.c.obj
                              0xc187c (size before relaxing)
 .debug_str     0x000c29de      0x61c CMakeFiles/stm32f4xx_tftlcd_update.elf.dir/src/Drivers/STM32F4xx_HAL_Driver/Src/stm32f4xx_hal.c.obj
                              0xbe8d0 (size before relaxing)
 .debug_str     0x000c2ffa      0x3ad CMakeFiles/stm32f4xx_tftlcd_update.elf.dir/src/Drivers/STM32F4xx_HAL_Driver/Src/stm32f4xx_hal_cortex.c.obj
                              0xbe69b (size before relaxing)
 .debug_str     0x000c33a7      0x180 CMakeFiles/stm32f4xx_tftlcd_update.elf.dir/src/Drivers/STM32F4xx_HAL_Driver/Src/stm32f4xx_hal_gpio.c.obj
                              0xbdf16 (size before relaxing)
 .debug_str     0x000c3527      0x27f CMakeFiles/stm32f4xx_tftlcd_update.elf.dir/src/Drivers/STM32F4xx_HAL_Driver/Src/stm32f4xx_hal_rcc.c.obj
                              0xbe1a8 (size before relaxing)
 .debug_str     0x000c37a6      0x258 CMakeFiles/stm32f4xx_tftlcd_update.elf.dir/src/Drivers/STM32F4xx_HAL_Driver/Src/stm32f4xx_hal_sram.c.obj
                              0xbe2e0 (size before relaxing)
 .debug_str     0x000c39fe      0x5ef CMakeFiles/stm32f4xx_tftlcd_update.elf.dir/src/Drivers/STM32F4xx_HAL_Driver/Src/stm32f4xx_ll_fsmc.c.obj
                              0xbe5fa (size before relaxing)
 .debug_str     0x000c3fed       0x5c CMakeFiles/stm32f4xx_tftlcd_update.elf.dir/src/Core/Startup/startup_stm32f407igtx.s.obj
                                 0x87 (size before relaxing)

.comment        0x00000000       0x49
 .comment       0x00000000       0x49 CMakeFiles/stm32f4xx_tftlcd_update.elf.dir/src/Core/Src/main.c.obj
                                 0x4a (size before relaxing)
 .comment       0x00000049       0x4a CMakeFiles/stm32f4xx_tftlcd_update.elf.dir/src/Core/Src/stm32f4xx_hal_msp.c.obj
 .comment       0x00000049       0x4a CMakeFiles/stm32f4xx_tftlcd_update.elf.dir/src/Core/Src/stm32f4xx_it.c.obj
 .comment       0x00000049       0x4a CMakeFiles/stm32f4xx_tftlcd_update.elf.dir/src/Core/Src/system_stm32f4xx.c.obj
 .comment       0x00000049       0x4a CMakeFiles/stm32f4xx_tftlcd_update.elf.dir/src/Core/bsp/Src/bsp_led.c.obj
 .comment       0x00000049       0x4a CMakeFiles/stm32f4xx_tftlcd_update.elf.dir/src/Core/bsp/Src/bsp_ra8875.c.obj
 .comment       0x00000049       0x4a CMakeFiles/stm32f4xx_tftlcd_update.elf.dir/src/Core/bsp/Src/bsp_tft_lcd.c.obj
 .comment       0x00000049       0x4a CMakeFiles/stm32f4xx_tftlcd_update.elf.dir/src/Core/bsp/Src/bsp_timer.c.obj
 .comment       0x00000049       0x4a CMakeFiles/stm32f4xx_tftlcd_update.elf.dir/src/Core/bsp/bsp.c.obj
 .comment       0x00000049       0x4a CMakeFiles/stm32f4xx_tftlcd_update.elf.dir/src/Drivers/STM32F4xx_HAL_Driver/Src/stm32f4xx_hal.c.obj
 .comment       0x00000049       0x4a CMakeFiles/stm32f4xx_tftlcd_update.elf.dir/src/Drivers/STM32F4xx_HAL_Driver/Src/stm32f4xx_hal_cortex.c.obj
 .comment       0x00000049       0x4a CMakeFiles/stm32f4xx_tftlcd_update.elf.dir/src/Drivers/STM32F4xx_HAL_Driver/Src/stm32f4xx_hal_gpio.c.obj
 .comment       0x00000049       0x4a CMakeFiles/stm32f4xx_tftlcd_update.elf.dir/src/Drivers/STM32F4xx_HAL_Driver/Src/stm32f4xx_hal_rcc.c.obj
 .comment       0x00000049       0x4a CMakeFiles/stm32f4xx_tftlcd_update.elf.dir/src/Drivers/STM32F4xx_HAL_Driver/Src/stm32f4xx_hal_sram.c.obj
 .comment       0x00000049       0x4a CMakeFiles/stm32f4xx_tftlcd_update.elf.dir/src/Drivers/STM32F4xx_HAL_Driver/Src/stm32f4xx_ll_fsmc.c.obj

Cross Reference Table

Symbol                                            File
ADC_IRQHandler                                    CMakeFiles/stm32f4xx_tftlcd_update.elf.dir/src/Core/Startup/startup_stm32f407igtx.s.obj
AHBPrescTable                                     CMakeFiles/stm32f4xx_tftlcd_update.elf.dir/src/Core/Src/system_stm32f4xx.c.obj
                                                  CMakeFiles/stm32f4xx_tftlcd_update.elf.dir/src/Drivers/STM32F4xx_HAL_Driver/Src/stm32f4xx_hal_rcc.c.obj
APBPrescTable                                     CMakeFiles/stm32f4xx_tftlcd_update.elf.dir/src/Core/Src/system_stm32f4xx.c.obj
                                                  CMakeFiles/stm32f4xx_tftlcd_update.elf.dir/src/Drivers/STM32F4xx_HAL_Driver/Src/stm32f4xx_hal_rcc.c.obj
ASCII_Table                                       CMakeFiles/stm32f4xx_tftlcd_update.elf.dir/src/Core/bsp/Src/bsp_ra8875.c.obj
Brightness_level                                  CMakeFiles/stm32f4xx_tftlcd_update.elf.dir/src/Core/Src/main.c.obj
BusFault_Handler                                  CMakeFiles/stm32f4xx_tftlcd_update.elf.dir/src/Core/Src/stm32f4xx_it.c.obj
CAN1_RX0_IRQHandler                               CMakeFiles/stm32f4xx_tftlcd_update.elf.dir/src/Core/Startup/startup_stm32f407igtx.s.obj
CAN1_RX1_IRQHandler                               CMakeFiles/stm32f4xx_tftlcd_update.elf.dir/src/Core/Startup/startup_stm32f407igtx.s.obj
CAN1_SCE_IRQHandler                               CMakeFiles/stm32f4xx_tftlcd_update.elf.dir/src/Core/Startup/startup_stm32f407igtx.s.obj
CAN1_TX_IRQHandler                                CMakeFiles/stm32f4xx_tftlcd_update.elf.dir/src/Core/Startup/startup_stm32f407igtx.s.obj
CAN2_RX0_IRQHandler                               CMakeFiles/stm32f4xx_tftlcd_update.elf.dir/src/Core/Startup/startup_stm32f407igtx.s.obj
CAN2_RX1_IRQHandler                               CMakeFiles/stm32f4xx_tftlcd_update.elf.dir/src/Core/Startup/startup_stm32f407igtx.s.obj
CAN2_SCE_IRQHandler                               CMakeFiles/stm32f4xx_tftlcd_update.elf.dir/src/Core/Startup/startup_stm32f407igtx.s.obj
CAN2_TX_IRQHandler                                CMakeFiles/stm32f4xx_tftlcd_update.elf.dir/src/Core/Startup/startup_stm32f407igtx.s.obj
Clear_Active_Window                               CMakeFiles/stm32f4xx_tftlcd_update.elf.dir/src/Core/bsp/Src/bsp_ra8875.c.obj
DCMI_IRQHandler                                   CMakeFiles/stm32f4xx_tftlcd_update.elf.dir/src/Core/Startup/startup_stm32f407igtx.s.obj
DMA1_Stream0_IRQHandler                           CMakeFiles/stm32f4xx_tftlcd_update.elf.dir/src/Core/Startup/startup_stm32f407igtx.s.obj
DMA1_Stream1_IRQHandler                           CMakeFiles/stm32f4xx_tftlcd_update.elf.dir/src/Core/Startup/startup_stm32f407igtx.s.obj
DMA1_Stream2_IRQHandler                           CMakeFiles/stm32f4xx_tftlcd_update.elf.dir/src/Core/Startup/startup_stm32f407igtx.s.obj
DMA1_Stream3_IRQHandler                           CMakeFiles/stm32f4xx_tftlcd_update.elf.dir/src/Core/Startup/startup_stm32f407igtx.s.obj
DMA1_Stream4_IRQHandler                           CMakeFiles/stm32f4xx_tftlcd_update.elf.dir/src/Core/Startup/startup_stm32f407igtx.s.obj
DMA1_Stream5_IRQHandler                           CMakeFiles/stm32f4xx_tftlcd_update.elf.dir/src/Core/Startup/startup_stm32f407igtx.s.obj
DMA1_Stream6_IRQHandler                           CMakeFiles/stm32f4xx_tftlcd_update.elf.dir/src/Core/Startup/startup_stm32f407igtx.s.obj
DMA1_Stream7_IRQHandler                           CMakeFiles/stm32f4xx_tftlcd_update.elf.dir/src/Core/Startup/startup_stm32f407igtx.s.obj
DMA2_Stream0_IRQHandler                           CMakeFiles/stm32f4xx_tftlcd_update.elf.dir/src/Core/Startup/startup_stm32f407igtx.s.obj
DMA2_Stream1_IRQHandler                           CMakeFiles/stm32f4xx_tftlcd_update.elf.dir/src/Core/Startup/startup_stm32f407igtx.s.obj
DMA2_Stream2_IRQHandler                           CMakeFiles/stm32f4xx_tftlcd_update.elf.dir/src/Core/Startup/startup_stm32f407igtx.s.obj
DMA2_Stream3_IRQHandler                           CMakeFiles/stm32f4xx_tftlcd_update.elf.dir/src/Core/Startup/startup_stm32f407igtx.s.obj
DMA2_Stream4_IRQHandler                           CMakeFiles/stm32f4xx_tftlcd_update.elf.dir/src/Core/Startup/startup_stm32f407igtx.s.obj
DMA2_Stream5_IRQHandler                           CMakeFiles/stm32f4xx_tftlcd_update.elf.dir/src/Core/Startup/startup_stm32f407igtx.s.obj
DMA2_Stream6_IRQHandler                           CMakeFiles/stm32f4xx_tftlcd_update.elf.dir/src/Core/Startup/startup_stm32f407igtx.s.obj
DMA2_Stream7_IRQHandler                           CMakeFiles/stm32f4xx_tftlcd_update.elf.dir/src/Core/Startup/startup_stm32f407igtx.s.obj
DMA_Block_mode                                    CMakeFiles/stm32f4xx_tftlcd_update.elf.dir/src/Core/bsp/Src/bsp_ra8875.c.obj
DebugMon_Handler                                  CMakeFiles/stm32f4xx_tftlcd_update.elf.dir/src/Core/Src/stm32f4xx_it.c.obj
Default_Handler                                   CMakeFiles/stm32f4xx_tftlcd_update.elf.dir/src/Core/Startup/startup_stm32f407igtx.s.obj
ETH_IRQHandler                                    CMakeFiles/stm32f4xx_tftlcd_update.elf.dir/src/Core/Startup/startup_stm32f407igtx.s.obj
ETH_WKUP_IRQHandler                               CMakeFiles/stm32f4xx_tftlcd_update.elf.dir/src/Core/Startup/startup_stm32f407igtx.s.obj
EXTI0_IRQHandler                                  CMakeFiles/stm32f4xx_tftlcd_update.elf.dir/src/Core/Startup/startup_stm32f407igtx.s.obj
EXTI15_10_IRQHandler                              CMakeFiles/stm32f4xx_tftlcd_update.elf.dir/src/Core/Startup/startup_stm32f407igtx.s.obj
EXTI1_IRQHandler                                  CMakeFiles/stm32f4xx_tftlcd_update.elf.dir/src/Core/Startup/startup_stm32f407igtx.s.obj
EXTI2_IRQHandler                                  CMakeFiles/stm32f4xx_tftlcd_update.elf.dir/src/Core/Startup/startup_stm32f407igtx.s.obj
EXTI3_IRQHandler                                  CMakeFiles/stm32f4xx_tftlcd_update.elf.dir/src/Core/Startup/startup_stm32f407igtx.s.obj
EXTI4_IRQHandler                                  CMakeFiles/stm32f4xx_tftlcd_update.elf.dir/src/Core/Startup/startup_stm32f407igtx.s.obj
EXTI9_5_IRQHandler                                CMakeFiles/stm32f4xx_tftlcd_update.elf.dir/src/Core/Startup/startup_stm32f407igtx.s.obj
Enable_TP                                         CMakeFiles/stm32f4xx_tftlcd_update.elf.dir/src/Core/bsp/Src/bsp_ra8875.c.obj
Error_Handler                                     CMakeFiles/stm32f4xx_tftlcd_update.elf.dir/src/Core/Src/main.c.obj
                                                  CMakeFiles/stm32f4xx_tftlcd_update.elf.dir/src/Core/bsp/Src/bsp_tft_lcd.c.obj
FLASH_Erase_Sector                                CMakeFiles/stm32f4xx_tftlcd_update.elf.dir/src/Drivers/STM32F4xx_HAL_Driver/Src/stm32f4xx_hal_flash_ex.c.obj
                                                  CMakeFiles/stm32f4xx_tftlcd_update.elf.dir/src/Drivers/STM32F4xx_HAL_Driver/Src/stm32f4xx_hal_flash.c.obj
FLASH_FlushCaches                                 CMakeFiles/stm32f4xx_tftlcd_update.elf.dir/src/Drivers/STM32F4xx_HAL_Driver/Src/stm32f4xx_hal_flash_ex.c.obj
                                                  CMakeFiles/stm32f4xx_tftlcd_update.elf.dir/src/Drivers/STM32F4xx_HAL_Driver/Src/stm32f4xx_hal_flash.c.obj
FLASH_IRQHandler                                  CMakeFiles/stm32f4xx_tftlcd_update.elf.dir/src/Core/Startup/startup_stm32f407igtx.s.obj
FLASH_WaitForLastOperation                        CMakeFiles/stm32f4xx_tftlcd_update.elf.dir/src/Drivers/STM32F4xx_HAL_Driver/Src/stm32f4xx_hal_flash.c.obj
                                                  CMakeFiles/stm32f4xx_tftlcd_update.elf.dir/src/Drivers/STM32F4xx_HAL_Driver/Src/stm32f4xx_hal_flash_ex.c.obj
FPU_IRQHandler                                    CMakeFiles/stm32f4xx_tftlcd_update.elf.dir/src/Core/Startup/startup_stm32f407igtx.s.obj
FSMC_IRQHandler                                   CMakeFiles/stm32f4xx_tftlcd_update.elf.dir/src/Core/Startup/startup_stm32f407igtx.s.obj
FSMC_NAND_AttributeSpace_Timing_Init              CMakeFiles/stm32f4xx_tftlcd_update.elf.dir/src/Drivers/STM32F4xx_HAL_Driver/Src/stm32f4xx_ll_fsmc.c.obj
FSMC_NAND_CommonSpace_Timing_Init                 CMakeFiles/stm32f4xx_tftlcd_update.elf.dir/src/Drivers/STM32F4xx_HAL_Driver/Src/stm32f4xx_ll_fsmc.c.obj
FSMC_NAND_DeInit                                  CMakeFiles/stm32f4xx_tftlcd_update.elf.dir/src/Drivers/STM32F4xx_HAL_Driver/Src/stm32f4xx_ll_fsmc.c.obj
FSMC_NAND_ECC_Disable                             CMakeFiles/stm32f4xx_tftlcd_update.elf.dir/src/Drivers/STM32F4xx_HAL_Driver/Src/stm32f4xx_ll_fsmc.c.obj
FSMC_NAND_ECC_Enable                              CMakeFiles/stm32f4xx_tftlcd_update.elf.dir/src/Drivers/STM32F4xx_HAL_Driver/Src/stm32f4xx_ll_fsmc.c.obj
FSMC_NAND_GetECC                                  CMakeFiles/stm32f4xx_tftlcd_update.elf.dir/src/Drivers/STM32F4xx_HAL_Driver/Src/stm32f4xx_ll_fsmc.c.obj
FSMC_NAND_Init                                    CMakeFiles/stm32f4xx_tftlcd_update.elf.dir/src/Drivers/STM32F4xx_HAL_Driver/Src/stm32f4xx_ll_fsmc.c.obj
FSMC_NORSRAM_DeInit                               CMakeFiles/stm32f4xx_tftlcd_update.elf.dir/src/Drivers/STM32F4xx_HAL_Driver/Src/stm32f4xx_ll_fsmc.c.obj
                                                  CMakeFiles/stm32f4xx_tftlcd_update.elf.dir/src/Drivers/STM32F4xx_HAL_Driver/Src/stm32f4xx_hal_sram.c.obj
FSMC_NORSRAM_Extended_Timing_Init                 CMakeFiles/stm32f4xx_tftlcd_update.elf.dir/src/Drivers/STM32F4xx_HAL_Driver/Src/stm32f4xx_ll_fsmc.c.obj
                                                  CMakeFiles/stm32f4xx_tftlcd_update.elf.dir/src/Drivers/STM32F4xx_HAL_Driver/Src/stm32f4xx_hal_sram.c.obj
FSMC_NORSRAM_Init                                 CMakeFiles/stm32f4xx_tftlcd_update.elf.dir/src/Drivers/STM32F4xx_HAL_Driver/Src/stm32f4xx_ll_fsmc.c.obj
                                                  CMakeFiles/stm32f4xx_tftlcd_update.elf.dir/src/Drivers/STM32F4xx_HAL_Driver/Src/stm32f4xx_hal_sram.c.obj
FSMC_NORSRAM_Timing_Init                          CMakeFiles/stm32f4xx_tftlcd_update.elf.dir/src/Drivers/STM32F4xx_HAL_Driver/Src/stm32f4xx_ll_fsmc.c.obj
                                                  CMakeFiles/stm32f4xx_tftlcd_update.elf.dir/src/Drivers/STM32F4xx_HAL_Driver/Src/stm32f4xx_hal_sram.c.obj
FSMC_NORSRAM_WriteOperation_Disable               CMakeFiles/stm32f4xx_tftlcd_update.elf.dir/src/Drivers/STM32F4xx_HAL_Driver/Src/stm32f4xx_ll_fsmc.c.obj
                                                  CMakeFiles/stm32f4xx_tftlcd_update.elf.dir/src/Drivers/STM32F4xx_HAL_Driver/Src/stm32f4xx_hal_sram.c.obj
FSMC_NORSRAM_WriteOperation_Enable                CMakeFiles/stm32f4xx_tftlcd_update.elf.dir/src/Drivers/STM32F4xx_HAL_Driver/Src/stm32f4xx_ll_fsmc.c.obj
                                                  CMakeFiles/stm32f4xx_tftlcd_update.elf.dir/src/Drivers/STM32F4xx_HAL_Driver/Src/stm32f4xx_hal_sram.c.obj
FSMC_PCCARD_AttributeSpace_Timing_Init            CMakeFiles/stm32f4xx_tftlcd_update.elf.dir/src/Drivers/STM32F4xx_HAL_Driver/Src/stm32f4xx_ll_fsmc.c.obj
FSMC_PCCARD_CommonSpace_Timing_Init               CMakeFiles/stm32f4xx_tftlcd_update.elf.dir/src/Drivers/STM32F4xx_HAL_Driver/Src/stm32f4xx_ll_fsmc.c.obj
FSMC_PCCARD_DeInit                                CMakeFiles/stm32f4xx_tftlcd_update.elf.dir/src/Drivers/STM32F4xx_HAL_Driver/Src/stm32f4xx_ll_fsmc.c.obj
FSMC_PCCARD_IOSpace_Timing_Init                   CMakeFiles/stm32f4xx_tftlcd_update.elf.dir/src/Drivers/STM32F4xx_HAL_Driver/Src/stm32f4xx_ll_fsmc.c.obj
FSMC_PCCARD_Init                                  CMakeFiles/stm32f4xx_tftlcd_update.elf.dir/src/Drivers/STM32F4xx_HAL_Driver/Src/stm32f4xx_ll_fsmc.c.obj
HAL_CORTEX_ClearEvent                             CMakeFiles/stm32f4xx_tftlcd_update.elf.dir/src/Drivers/STM32F4xx_HAL_Driver/Src/stm32f4xx_hal_cortex.c.obj
HAL_DBGMCU_DisableDBGSleepMode                    CMakeFiles/stm32f4xx_tftlcd_update.elf.dir/src/Drivers/STM32F4xx_HAL_Driver/Src/stm32f4xx_hal.c.obj
HAL_DBGMCU_DisableDBGStandbyMode                  CMakeFiles/stm32f4xx_tftlcd_update.elf.dir/src/Drivers/STM32F4xx_HAL_Driver/Src/stm32f4xx_hal.c.obj
HAL_DBGMCU_DisableDBGStopMode                     CMakeFiles/stm32f4xx_tftlcd_update.elf.dir/src/Drivers/STM32F4xx_HAL_Driver/Src/stm32f4xx_hal.c.obj
HAL_DBGMCU_EnableDBGSleepMode                     CMakeFiles/stm32f4xx_tftlcd_update.elf.dir/src/Drivers/STM32F4xx_HAL_Driver/Src/stm32f4xx_hal.c.obj
HAL_DBGMCU_EnableDBGStandbyMode                   CMakeFiles/stm32f4xx_tftlcd_update.elf.dir/src/Drivers/STM32F4xx_HAL_Driver/Src/stm32f4xx_hal.c.obj
HAL_DBGMCU_EnableDBGStopMode                      CMakeFiles/stm32f4xx_tftlcd_update.elf.dir/src/Drivers/STM32F4xx_HAL_Driver/Src/stm32f4xx_hal.c.obj
HAL_DMAEx_ChangeMemory                            CMakeFiles/stm32f4xx_tftlcd_update.elf.dir/src/Drivers/STM32F4xx_HAL_Driver/Src/stm32f4xx_hal_dma_ex.c.obj
HAL_DMAEx_MultiBufferStart                        CMakeFiles/stm32f4xx_tftlcd_update.elf.dir/src/Drivers/STM32F4xx_HAL_Driver/Src/stm32f4xx_hal_dma_ex.c.obj
HAL_DMAEx_MultiBufferStart_IT                     CMakeFiles/stm32f4xx_tftlcd_update.elf.dir/src/Drivers/STM32F4xx_HAL_Driver/Src/stm32f4xx_hal_dma_ex.c.obj
HAL_DMA_Abort                                     CMakeFiles/stm32f4xx_tftlcd_update.elf.dir/src/Drivers/STM32F4xx_HAL_Driver/Src/stm32f4xx_hal_dma.c.obj
HAL_DMA_Abort_IT                                  CMakeFiles/stm32f4xx_tftlcd_update.elf.dir/src/Drivers/STM32F4xx_HAL_Driver/Src/stm32f4xx_hal_dma.c.obj
HAL_DMA_DeInit                                    CMakeFiles/stm32f4xx_tftlcd_update.elf.dir/src/Drivers/STM32F4xx_HAL_Driver/Src/stm32f4xx_hal_dma.c.obj
HAL_DMA_GetError                                  CMakeFiles/stm32f4xx_tftlcd_update.elf.dir/src/Drivers/STM32F4xx_HAL_Driver/Src/stm32f4xx_hal_dma.c.obj
HAL_DMA_GetState                                  CMakeFiles/stm32f4xx_tftlcd_update.elf.dir/src/Drivers/STM32F4xx_HAL_Driver/Src/stm32f4xx_hal_dma.c.obj
HAL_DMA_IRQHandler                                CMakeFiles/stm32f4xx_tftlcd_update.elf.dir/src/Drivers/STM32F4xx_HAL_Driver/Src/stm32f4xx_hal_dma.c.obj
HAL_DMA_Init                                      CMakeFiles/stm32f4xx_tftlcd_update.elf.dir/src/Drivers/STM32F4xx_HAL_Driver/Src/stm32f4xx_hal_dma.c.obj
HAL_DMA_PollForTransfer                           CMakeFiles/stm32f4xx_tftlcd_update.elf.dir/src/Drivers/STM32F4xx_HAL_Driver/Src/stm32f4xx_hal_dma.c.obj
HAL_DMA_RegisterCallback                          CMakeFiles/stm32f4xx_tftlcd_update.elf.dir/src/Drivers/STM32F4xx_HAL_Driver/Src/stm32f4xx_hal_dma.c.obj
HAL_DMA_Start                                     CMakeFiles/stm32f4xx_tftlcd_update.elf.dir/src/Drivers/STM32F4xx_HAL_Driver/Src/stm32f4xx_hal_dma.c.obj
HAL_DMA_Start_IT                                  CMakeFiles/stm32f4xx_tftlcd_update.elf.dir/src/Drivers/STM32F4xx_HAL_Driver/Src/stm32f4xx_hal_dma.c.obj
                                                  CMakeFiles/stm32f4xx_tftlcd_update.elf.dir/src/Drivers/STM32F4xx_HAL_Driver/Src/stm32f4xx_hal_sram.c.obj
HAL_DMA_UnRegisterCallback                        CMakeFiles/stm32f4xx_tftlcd_update.elf.dir/src/Drivers/STM32F4xx_HAL_Driver/Src/stm32f4xx_hal_dma.c.obj
HAL_DeInit                                        CMakeFiles/stm32f4xx_tftlcd_update.elf.dir/src/Drivers/STM32F4xx_HAL_Driver/Src/stm32f4xx_hal.c.obj
HAL_Delay                                         CMakeFiles/stm32f4xx_tftlcd_update.elf.dir/src/Drivers/STM32F4xx_HAL_Driver/Src/stm32f4xx_hal.c.obj
HAL_DisableCompensationCell                       CMakeFiles/stm32f4xx_tftlcd_update.elf.dir/src/Drivers/STM32F4xx_HAL_Driver/Src/stm32f4xx_hal.c.obj
HAL_EXTI_ClearConfigLine                          CMakeFiles/stm32f4xx_tftlcd_update.elf.dir/src/Drivers/STM32F4xx_HAL_Driver/Src/stm32f4xx_hal_exti.c.obj
HAL_EXTI_ClearPending                             CMakeFiles/stm32f4xx_tftlcd_update.elf.dir/src/Drivers/STM32F4xx_HAL_Driver/Src/stm32f4xx_hal_exti.c.obj
HAL_EXTI_GenerateSWI                              CMakeFiles/stm32f4xx_tftlcd_update.elf.dir/src/Drivers/STM32F4xx_HAL_Driver/Src/stm32f4xx_hal_exti.c.obj
HAL_EXTI_GetConfigLine                            CMakeFiles/stm32f4xx_tftlcd_update.elf.dir/src/Drivers/STM32F4xx_HAL_Driver/Src/stm32f4xx_hal_exti.c.obj
HAL_EXTI_GetHandle                                CMakeFiles/stm32f4xx_tftlcd_update.elf.dir/src/Drivers/STM32F4xx_HAL_Driver/Src/stm32f4xx_hal_exti.c.obj
HAL_EXTI_GetPending                               CMakeFiles/stm32f4xx_tftlcd_update.elf.dir/src/Drivers/STM32F4xx_HAL_Driver/Src/stm32f4xx_hal_exti.c.obj
HAL_EXTI_IRQHandler                               CMakeFiles/stm32f4xx_tftlcd_update.elf.dir/src/Drivers/STM32F4xx_HAL_Driver/Src/stm32f4xx_hal_exti.c.obj
HAL_EXTI_RegisterCallback                         CMakeFiles/stm32f4xx_tftlcd_update.elf.dir/src/Drivers/STM32F4xx_HAL_Driver/Src/stm32f4xx_hal_exti.c.obj
HAL_EXTI_SetConfigLine                            CMakeFiles/stm32f4xx_tftlcd_update.elf.dir/src/Drivers/STM32F4xx_HAL_Driver/Src/stm32f4xx_hal_exti.c.obj
HAL_EnableCompensationCell                        CMakeFiles/stm32f4xx_tftlcd_update.elf.dir/src/Drivers/STM32F4xx_HAL_Driver/Src/stm32f4xx_hal.c.obj
HAL_FLASHEx_Erase                                 CMakeFiles/stm32f4xx_tftlcd_update.elf.dir/src/Drivers/STM32F4xx_HAL_Driver/Src/stm32f4xx_hal_flash_ex.c.obj
HAL_FLASHEx_Erase_IT                              CMakeFiles/stm32f4xx_tftlcd_update.elf.dir/src/Drivers/STM32F4xx_HAL_Driver/Src/stm32f4xx_hal_flash_ex.c.obj
HAL_FLASHEx_OBGetConfig                           CMakeFiles/stm32f4xx_tftlcd_update.elf.dir/src/Drivers/STM32F4xx_HAL_Driver/Src/stm32f4xx_hal_flash_ex.c.obj
HAL_FLASHEx_OBProgram                             CMakeFiles/stm32f4xx_tftlcd_update.elf.dir/src/Drivers/STM32F4xx_HAL_Driver/Src/stm32f4xx_hal_flash_ex.c.obj
HAL_FLASH_EndOfOperationCallback                  CMakeFiles/stm32f4xx_tftlcd_update.elf.dir/src/Drivers/STM32F4xx_HAL_Driver/Src/stm32f4xx_hal_flash.c.obj
HAL_FLASH_GetError                                CMakeFiles/stm32f4xx_tftlcd_update.elf.dir/src/Drivers/STM32F4xx_HAL_Driver/Src/stm32f4xx_hal_flash.c.obj
HAL_FLASH_IRQHandler                              CMakeFiles/stm32f4xx_tftlcd_update.elf.dir/src/Drivers/STM32F4xx_HAL_Driver/Src/stm32f4xx_hal_flash.c.obj
HAL_FLASH_Lock                                    CMakeFiles/stm32f4xx_tftlcd_update.elf.dir/src/Drivers/STM32F4xx_HAL_Driver/Src/stm32f4xx_hal_flash.c.obj
HAL_FLASH_OB_Launch                               CMakeFiles/stm32f4xx_tftlcd_update.elf.dir/src/Drivers/STM32F4xx_HAL_Driver/Src/stm32f4xx_hal_flash.c.obj
HAL_FLASH_OB_Lock                                 CMakeFiles/stm32f4xx_tftlcd_update.elf.dir/src/Drivers/STM32F4xx_HAL_Driver/Src/stm32f4xx_hal_flash.c.obj
HAL_FLASH_OB_Unlock                               CMakeFiles/stm32f4xx_tftlcd_update.elf.dir/src/Drivers/STM32F4xx_HAL_Driver/Src/stm32f4xx_hal_flash.c.obj
HAL_FLASH_OperationErrorCallback                  CMakeFiles/stm32f4xx_tftlcd_update.elf.dir/src/Drivers/STM32F4xx_HAL_Driver/Src/stm32f4xx_hal_flash.c.obj
HAL_FLASH_Program                                 CMakeFiles/stm32f4xx_tftlcd_update.elf.dir/src/Drivers/STM32F4xx_HAL_Driver/Src/stm32f4xx_hal_flash.c.obj
HAL_FLASH_Program_IT                              CMakeFiles/stm32f4xx_tftlcd_update.elf.dir/src/Drivers/STM32F4xx_HAL_Driver/Src/stm32f4xx_hal_flash.c.obj
HAL_FLASH_Unlock                                  CMakeFiles/stm32f4xx_tftlcd_update.elf.dir/src/Drivers/STM32F4xx_HAL_Driver/Src/stm32f4xx_hal_flash.c.obj
HAL_GPIO_DeInit                                   CMakeFiles/stm32f4xx_tftlcd_update.elf.dir/src/Drivers/STM32F4xx_HAL_Driver/Src/stm32f4xx_hal_gpio.c.obj
HAL_GPIO_EXTI_Callback                            CMakeFiles/stm32f4xx_tftlcd_update.elf.dir/src/Drivers/STM32F4xx_HAL_Driver/Src/stm32f4xx_hal_gpio.c.obj
HAL_GPIO_EXTI_IRQHandler                          CMakeFiles/stm32f4xx_tftlcd_update.elf.dir/src/Drivers/STM32F4xx_HAL_Driver/Src/stm32f4xx_hal_gpio.c.obj
HAL_GPIO_Init                                     CMakeFiles/stm32f4xx_tftlcd_update.elf.dir/src/Drivers/STM32F4xx_HAL_Driver/Src/stm32f4xx_hal_gpio.c.obj
                                                  CMakeFiles/stm32f4xx_tftlcd_update.elf.dir/src/Drivers/STM32F4xx_HAL_Driver/Src/stm32f4xx_hal_rcc.c.obj
                                                  CMakeFiles/stm32f4xx_tftlcd_update.elf.dir/src/Core/bsp/Src/bsp_tft_lcd.c.obj
                                                  CMakeFiles/stm32f4xx_tftlcd_update.elf.dir/src/Core/bsp/Src/bsp_led.c.obj
                                                  CMakeFiles/stm32f4xx_tftlcd_update.elf.dir/src/Core/Src/main.c.obj
HAL_GPIO_LockPin                                  CMakeFiles/stm32f4xx_tftlcd_update.elf.dir/src/Drivers/STM32F4xx_HAL_Driver/Src/stm32f4xx_hal_gpio.c.obj
HAL_GPIO_ReadPin                                  CMakeFiles/stm32f4xx_tftlcd_update.elf.dir/src/Drivers/STM32F4xx_HAL_Driver/Src/stm32f4xx_hal_gpio.c.obj
                                                  CMakeFiles/stm32f4xx_tftlcd_update.elf.dir/src/Core/Src/main.c.obj
HAL_GPIO_TogglePin                                CMakeFiles/stm32f4xx_tftlcd_update.elf.dir/src/Drivers/STM32F4xx_HAL_Driver/Src/stm32f4xx_hal_gpio.c.obj
HAL_GPIO_WritePin                                 CMakeFiles/stm32f4xx_tftlcd_update.elf.dir/src/Drivers/STM32F4xx_HAL_Driver/Src/stm32f4xx_hal_gpio.c.obj
                                                  CMakeFiles/stm32f4xx_tftlcd_update.elf.dir/src/Core/bsp/Src/bsp_tft_lcd.c.obj
                                                  CMakeFiles/stm32f4xx_tftlcd_update.elf.dir/src/Core/bsp/Src/bsp_led.c.obj
HAL_GetDEVID                                      CMakeFiles/stm32f4xx_tftlcd_update.elf.dir/src/Drivers/STM32F4xx_HAL_Driver/Src/stm32f4xx_hal.c.obj
HAL_GetHalVersion                                 CMakeFiles/stm32f4xx_tftlcd_update.elf.dir/src/Drivers/STM32F4xx_HAL_Driver/Src/stm32f4xx_hal.c.obj
HAL_GetREVID                                      CMakeFiles/stm32f4xx_tftlcd_update.elf.dir/src/Drivers/STM32F4xx_HAL_Driver/Src/stm32f4xx_hal.c.obj
HAL_GetTick                                       CMakeFiles/stm32f4xx_tftlcd_update.elf.dir/src/Drivers/STM32F4xx_HAL_Driver/Src/stm32f4xx_hal.c.obj
                                                  CMakeFiles/stm32f4xx_tftlcd_update.elf.dir/src/Drivers/STM32F4xx_HAL_Driver/Src/stm32f4xx_ll_fsmc.c.obj
                                                  CMakeFiles/stm32f4xx_tftlcd_update.elf.dir/src/Drivers/STM32F4xx_HAL_Driver/Src/stm32f4xx_hal_rcc_ex.c.obj
                                                  CMakeFiles/stm32f4xx_tftlcd_update.elf.dir/src/Drivers/STM32F4xx_HAL_Driver/Src/stm32f4xx_hal_rcc.c.obj
                                                  CMakeFiles/stm32f4xx_tftlcd_update.elf.dir/src/Drivers/STM32F4xx_HAL_Driver/Src/stm32f4xx_hal_pwr_ex.c.obj
                                                  CMakeFiles/stm32f4xx_tftlcd_update.elf.dir/src/Drivers/STM32F4xx_HAL_Driver/Src/stm32f4xx_hal_flash.c.obj
                                                  CMakeFiles/stm32f4xx_tftlcd_update.elf.dir/src/Drivers/STM32F4xx_HAL_Driver/Src/stm32f4xx_hal_dma.c.obj
HAL_GetTickFreq                                   CMakeFiles/stm32f4xx_tftlcd_update.elf.dir/src/Drivers/STM32F4xx_HAL_Driver/Src/stm32f4xx_hal.c.obj
HAL_GetTickPrio                                   CMakeFiles/stm32f4xx_tftlcd_update.elf.dir/src/Drivers/STM32F4xx_HAL_Driver/Src/stm32f4xx_hal.c.obj
HAL_GetUIDw0                                      CMakeFiles/stm32f4xx_tftlcd_update.elf.dir/src/Drivers/STM32F4xx_HAL_Driver/Src/stm32f4xx_hal.c.obj
HAL_GetUIDw1                                      CMakeFiles/stm32f4xx_tftlcd_update.elf.dir/src/Drivers/STM32F4xx_HAL_Driver/Src/stm32f4xx_hal.c.obj
HAL_GetUIDw2                                      CMakeFiles/stm32f4xx_tftlcd_update.elf.dir/src/Drivers/STM32F4xx_HAL_Driver/Src/stm32f4xx_hal.c.obj
HAL_IncTick                                       CMakeFiles/stm32f4xx_tftlcd_update.elf.dir/src/Drivers/STM32F4xx_HAL_Driver/Src/stm32f4xx_hal.c.obj
                                                  CMakeFiles/stm32f4xx_tftlcd_update.elf.dir/src/Core/Src/stm32f4xx_it.c.obj
HAL_Init                                          CMakeFiles/stm32f4xx_tftlcd_update.elf.dir/src/Drivers/STM32F4xx_HAL_Driver/Src/stm32f4xx_hal.c.obj
                                                  CMakeFiles/stm32f4xx_tftlcd_update.elf.dir/src/Core/Src/main.c.obj
HAL_InitTick                                      CMakeFiles/stm32f4xx_tftlcd_update.elf.dir/src/Drivers/STM32F4xx_HAL_Driver/Src/stm32f4xx_hal.c.obj
                                                  CMakeFiles/stm32f4xx_tftlcd_update.elf.dir/src/Drivers/STM32F4xx_HAL_Driver/Src/stm32f4xx_hal_rcc_ex.c.obj
                                                  CMakeFiles/stm32f4xx_tftlcd_update.elf.dir/src/Drivers/STM32F4xx_HAL_Driver/Src/stm32f4xx_hal_rcc.c.obj
HAL_MPU_ConfigRegion                              CMakeFiles/stm32f4xx_tftlcd_update.elf.dir/src/Drivers/STM32F4xx_HAL_Driver/Src/stm32f4xx_hal_cortex.c.obj
HAL_MPU_Disable                                   CMakeFiles/stm32f4xx_tftlcd_update.elf.dir/src/Drivers/STM32F4xx_HAL_Driver/Src/stm32f4xx_hal_cortex.c.obj
HAL_MPU_DisableRegion                             CMakeFiles/stm32f4xx_tftlcd_update.elf.dir/src/Drivers/STM32F4xx_HAL_Driver/Src/stm32f4xx_hal_cortex.c.obj
HAL_MPU_Enable                                    CMakeFiles/stm32f4xx_tftlcd_update.elf.dir/src/Drivers/STM32F4xx_HAL_Driver/Src/stm32f4xx_hal_cortex.c.obj
HAL_MPU_EnableRegion                              CMakeFiles/stm32f4xx_tftlcd_update.elf.dir/src/Drivers/STM32F4xx_HAL_Driver/Src/stm32f4xx_hal_cortex.c.obj
HAL_MspDeInit                                     CMakeFiles/stm32f4xx_tftlcd_update.elf.dir/src/Drivers/STM32F4xx_HAL_Driver/Src/stm32f4xx_hal.c.obj
HAL_MspInit                                       CMakeFiles/stm32f4xx_tftlcd_update.elf.dir/src/Core/Src/stm32f4xx_hal_msp.c.obj
HAL_NVIC_ClearPendingIRQ                          CMakeFiles/stm32f4xx_tftlcd_update.elf.dir/src/Drivers/STM32F4xx_HAL_Driver/Src/stm32f4xx_hal_cortex.c.obj
HAL_NVIC_DisableIRQ                               CMakeFiles/stm32f4xx_tftlcd_update.elf.dir/src/Drivers/STM32F4xx_HAL_Driver/Src/stm32f4xx_hal_cortex.c.obj
HAL_NVIC_EnableIRQ                                CMakeFiles/stm32f4xx_tftlcd_update.elf.dir/src/Drivers/STM32F4xx_HAL_Driver/Src/stm32f4xx_hal_cortex.c.obj
HAL_NVIC_GetActive                                CMakeFiles/stm32f4xx_tftlcd_update.elf.dir/src/Drivers/STM32F4xx_HAL_Driver/Src/stm32f4xx_hal_cortex.c.obj
HAL_NVIC_GetPendingIRQ                            CMakeFiles/stm32f4xx_tftlcd_update.elf.dir/src/Drivers/STM32F4xx_HAL_Driver/Src/stm32f4xx_hal_cortex.c.obj
HAL_NVIC_GetPriority                              CMakeFiles/stm32f4xx_tftlcd_update.elf.dir/src/Drivers/STM32F4xx_HAL_Driver/Src/stm32f4xx_hal_cortex.c.obj
HAL_NVIC_GetPriorityGrouping                      CMakeFiles/stm32f4xx_tftlcd_update.elf.dir/src/Drivers/STM32F4xx_HAL_Driver/Src/stm32f4xx_hal_cortex.c.obj
HAL_NVIC_SetPendingIRQ                            CMakeFiles/stm32f4xx_tftlcd_update.elf.dir/src/Drivers/STM32F4xx_HAL_Driver/Src/stm32f4xx_hal_cortex.c.obj
HAL_NVIC_SetPriority                              CMakeFiles/stm32f4xx_tftlcd_update.elf.dir/src/Drivers/STM32F4xx_HAL_Driver/Src/stm32f4xx_hal_cortex.c.obj
                                                  CMakeFiles/stm32f4xx_tftlcd_update.elf.dir/src/Drivers/STM32F4xx_HAL_Driver/Src/stm32f4xx_hal.c.obj
HAL_NVIC_SetPriorityGrouping                      CMakeFiles/stm32f4xx_tftlcd_update.elf.dir/src/Drivers/STM32F4xx_HAL_Driver/Src/stm32f4xx_hal_cortex.c.obj
                                                  CMakeFiles/stm32f4xx_tftlcd_update.elf.dir/src/Drivers/STM32F4xx_HAL_Driver/Src/stm32f4xx_hal.c.obj
HAL_NVIC_SystemReset                              CMakeFiles/stm32f4xx_tftlcd_update.elf.dir/src/Drivers/STM32F4xx_HAL_Driver/Src/stm32f4xx_hal_cortex.c.obj
HAL_PWREx_ControlVoltageScaling                   CMakeFiles/stm32f4xx_tftlcd_update.elf.dir/src/Drivers/STM32F4xx_HAL_Driver/Src/stm32f4xx_hal_pwr_ex.c.obj
HAL_PWREx_DisableBkUpReg                          CMakeFiles/stm32f4xx_tftlcd_update.elf.dir/src/Drivers/STM32F4xx_HAL_Driver/Src/stm32f4xx_hal_pwr_ex.c.obj
HAL_PWREx_DisableFlashPowerDown                   CMakeFiles/stm32f4xx_tftlcd_update.elf.dir/src/Drivers/STM32F4xx_HAL_Driver/Src/stm32f4xx_hal_pwr_ex.c.obj
HAL_PWREx_EnableBkUpReg                           CMakeFiles/stm32f4xx_tftlcd_update.elf.dir/src/Drivers/STM32F4xx_HAL_Driver/Src/stm32f4xx_hal_pwr_ex.c.obj
HAL_PWREx_EnableFlashPowerDown                    CMakeFiles/stm32f4xx_tftlcd_update.elf.dir/src/Drivers/STM32F4xx_HAL_Driver/Src/stm32f4xx_hal_pwr_ex.c.obj
HAL_PWREx_GetVoltageRange                         CMakeFiles/stm32f4xx_tftlcd_update.elf.dir/src/Drivers/STM32F4xx_HAL_Driver/Src/stm32f4xx_hal_pwr_ex.c.obj
HAL_PWR_ConfigPVD                                 CMakeFiles/stm32f4xx_tftlcd_update.elf.dir/src/Drivers/STM32F4xx_HAL_Driver/Src/stm32f4xx_hal_pwr.c.obj
HAL_PWR_DeInit                                    CMakeFiles/stm32f4xx_tftlcd_update.elf.dir/src/Drivers/STM32F4xx_HAL_Driver/Src/stm32f4xx_hal_pwr.c.obj
HAL_PWR_DisableBkUpAccess                         CMakeFiles/stm32f4xx_tftlcd_update.elf.dir/src/Drivers/STM32F4xx_HAL_Driver/Src/stm32f4xx_hal_pwr.c.obj
HAL_PWR_DisablePVD                                CMakeFiles/stm32f4xx_tftlcd_update.elf.dir/src/Drivers/STM32F4xx_HAL_Driver/Src/stm32f4xx_hal_pwr.c.obj
HAL_PWR_DisableSEVOnPend                          CMakeFiles/stm32f4xx_tftlcd_update.elf.dir/src/Drivers/STM32F4xx_HAL_Driver/Src/stm32f4xx_hal_pwr.c.obj
HAL_PWR_DisableSleepOnExit                        CMakeFiles/stm32f4xx_tftlcd_update.elf.dir/src/Drivers/STM32F4xx_HAL_Driver/Src/stm32f4xx_hal_pwr.c.obj
HAL_PWR_DisableWakeUpPin                          CMakeFiles/stm32f4xx_tftlcd_update.elf.dir/src/Drivers/STM32F4xx_HAL_Driver/Src/stm32f4xx_hal_pwr.c.obj
HAL_PWR_EnableBkUpAccess                          CMakeFiles/stm32f4xx_tftlcd_update.elf.dir/src/Drivers/STM32F4xx_HAL_Driver/Src/stm32f4xx_hal_pwr.c.obj
HAL_PWR_EnablePVD                                 CMakeFiles/stm32f4xx_tftlcd_update.elf.dir/src/Drivers/STM32F4xx_HAL_Driver/Src/stm32f4xx_hal_pwr.c.obj